C:/Users/Suz/STM32/volume_stm/Core/Src/stm32f1xx_it.c:72:6:NMI_Handler	4	static
C:/Users/Suz/STM32/volume_stm/Core/Src/stm32f1xx_it.c:87:6:HardFault_Handler	4	static
C:/Users/Suz/STM32/volume_stm/Core/Src/stm32f1xx_it.c:102:6:MemManage_Handler	4	static
C:/Users/Suz/STM32/volume_stm/Core/Src/stm32f1xx_it.c:117:6:BusFault_Handler	4	static
C:/Users/Suz/STM32/volume_stm/Core/Src/stm32f1xx_it.c:132:6:UsageFault_Handler	4	static
C:/Users/Suz/STM32/volume_stm/Core/Src/stm32f1xx_it.c:147:6:SVC_Handler	4	static
C:/Users/Suz/STM32/volume_stm/Core/Src/stm32f1xx_it.c:160:6:DebugMon_Handler	4	static
C:/Users/Suz/STM32/volume_stm/Core/Src/stm32f1xx_it.c:173:6:PendSV_Handler	4	static
C:/Users/Suz/STM32/volume_stm/Core/Src/stm32f1xx_it.c:186:6:SysTick_Handler	8	static
C:/Users/Suz/STM32/volume_stm/Core/Src/stm32f1xx_it.c:207:6:RCC_IRQHandler	4	static
C:/Users/Suz/STM32/volume_stm/Core/Src/stm32f1xx_it.c:220:6:USB_HP_CAN1_TX_IRQHandler	8	static
C:/Users/Suz/STM32/volume_stm/Core/Src/stm32f1xx_it.c:234:6:USB_LP_CAN1_RX0_IRQHandler	8	static
C:/Users/Suz/STM32/volume_stm/Core/Src/stm32f1xx_it.c:248:6:TIM2_IRQHandler	8	static
C:/Users/Suz/STM32/volume_stm/Core/Src/stm32f1xx_it.c:262:6:TIM3_IRQHandler	8	static
C:/Users/Suz/STM32/volume_stm/Core/Src/stm32f1xx_it.c:276:6:TIM4_IRQHandler	8	static
