Archive member included to satisfy reference by file (symbol)

c:/st/stm32cubeide_1.9.0/stm32cubeide/plugins/com.st.stm32cube.ide.mcu.externaltools.gnu-tools-for-stm32.10.3-2021.10.win32_1.0.0.202111181127/tools/bin/../lib/gcc/arm-none-eabi/10.3.1/../../../../arm-none-eabi/lib/thumb/v7-m/nofp\libc_nano.a(lib_a-errno.o)
                              ./Application/User/Core/syscalls.o (__errno)
c:/st/stm32cubeide_1.9.0/stm32cubeide/plugins/com.st.stm32cube.ide.mcu.externaltools.gnu-tools-for-stm32.10.3-2021.10.win32_1.0.0.202111181127/tools/bin/../lib/gcc/arm-none-eabi/10.3.1/../../../../arm-none-eabi/lib/thumb/v7-m/nofp\libc_nano.a(lib_a-exit.o)
                              c:/st/stm32cubeide_1.9.0/stm32cubeide/plugins/com.st.stm32cube.ide.mcu.externaltools.gnu-tools-for-stm32.10.3-2021.10.win32_1.0.0.202111181127/tools/bin/../lib/gcc/arm-none-eabi/10.3.1/../../../../arm-none-eabi/lib/thumb/v7-m/nofp/crt0.o (exit)
c:/st/stm32cubeide_1.9.0/stm32cubeide/plugins/com.st.stm32cube.ide.mcu.externaltools.gnu-tools-for-stm32.10.3-2021.10.win32_1.0.0.202111181127/tools/bin/../lib/gcc/arm-none-eabi/10.3.1/../../../../arm-none-eabi/lib/thumb/v7-m/nofp\libc_nano.a(lib_a-impure.o)
                              c:/st/stm32cubeide_1.9.0/stm32cubeide/plugins/com.st.stm32cube.ide.mcu.externaltools.gnu-tools-for-stm32.10.3-2021.10.win32_1.0.0.202111181127/tools/bin/../lib/gcc/arm-none-eabi/10.3.1/../../../../arm-none-eabi/lib/thumb/v7-m/nofp\libc_nano.a(lib_a-exit.o) (_global_impure_ptr)
c:/st/stm32cubeide_1.9.0/stm32cubeide/plugins/com.st.stm32cube.ide.mcu.externaltools.gnu-tools-for-stm32.10.3-2021.10.win32_1.0.0.202111181127/tools/bin/../lib/gcc/arm-none-eabi/10.3.1/../../../../arm-none-eabi/lib/thumb/v7-m/nofp\libc_nano.a(lib_a-init.o)
                              c:/st/stm32cubeide_1.9.0/stm32cubeide/plugins/com.st.stm32cube.ide.mcu.externaltools.gnu-tools-for-stm32.10.3-2021.10.win32_1.0.0.202111181127/tools/bin/../lib/gcc/arm-none-eabi/10.3.1/../../../../arm-none-eabi/lib/thumb/v7-m/nofp/crt0.o (__libc_init_array)
c:/st/stm32cubeide_1.9.0/stm32cubeide/plugins/com.st.stm32cube.ide.mcu.externaltools.gnu-tools-for-stm32.10.3-2021.10.win32_1.0.0.202111181127/tools/bin/../lib/gcc/arm-none-eabi/10.3.1/../../../../arm-none-eabi/lib/thumb/v7-m/nofp\libc_nano.a(lib_a-memset.o)
                              c:/st/stm32cubeide_1.9.0/stm32cubeide/plugins/com.st.stm32cube.ide.mcu.externaltools.gnu-tools-for-stm32.10.3-2021.10.win32_1.0.0.202111181127/tools/bin/../lib/gcc/arm-none-eabi/10.3.1/../../../../arm-none-eabi/lib/thumb/v7-m/nofp/crt0.o (memset)
c:/st/stm32cubeide_1.9.0/stm32cubeide/plugins/com.st.stm32cube.ide.mcu.externaltools.gnu-tools-for-stm32.10.3-2021.10.win32_1.0.0.202111181127/tools/bin/../lib/gcc/arm-none-eabi/10.3.1/../../../../arm-none-eabi/lib/thumb/v7-m/nofp\libc_nano.a(lib_a-nano-vfprintf_float.o)
                              (_printf_float)
c:/st/stm32cubeide_1.9.0/stm32cubeide/plugins/com.st.stm32cube.ide.mcu.externaltools.gnu-tools-for-stm32.10.3-2021.10.win32_1.0.0.202111181127/tools/bin/../lib/gcc/arm-none-eabi/10.3.1/../../../../arm-none-eabi/lib/thumb/v7-m/nofp\libc_nano.a(lib_a-nano-vfprintf_i.o)
                              c:/st/stm32cubeide_1.9.0/stm32cubeide/plugins/com.st.stm32cube.ide.mcu.externaltools.gnu-tools-for-stm32.10.3-2021.10.win32_1.0.0.202111181127/tools/bin/../lib/gcc/arm-none-eabi/10.3.1/../../../../arm-none-eabi/lib/thumb/v7-m/nofp\libc_nano.a(lib_a-nano-vfprintf_float.o) (_printf_common)
c:/st/stm32cubeide_1.9.0/stm32cubeide/plugins/com.st.stm32cube.ide.mcu.externaltools.gnu-tools-for-stm32.10.3-2021.10.win32_1.0.0.202111181127/tools/bin/../lib/gcc/arm-none-eabi/10.3.1/../../../../arm-none-eabi/lib/thumb/v7-m/nofp\libc_nano.a(lib_a-printf.o)
                              ./Middlewares/USB_Device_Library/usbd_core.o (printf)
c:/st/stm32cubeide_1.9.0/stm32cubeide/plugins/com.st.stm32cube.ide.mcu.externaltools.gnu-tools-for-stm32.10.3-2021.10.win32_1.0.0.202111181127/tools/bin/../lib/gcc/arm-none-eabi/10.3.1/../../../../arm-none-eabi/lib/thumb/v7-m/nofp\libc_nano.a(lib_a-putchar.o)
                              ./Middlewares/USB_Device_Library/usbd_core.o (putchar)
c:/st/stm32cubeide_1.9.0/stm32cubeide/plugins/com.st.stm32cube.ide.mcu.externaltools.gnu-tools-for-stm32.10.3-2021.10.win32_1.0.0.202111181127/tools/bin/../lib/gcc/arm-none-eabi/10.3.1/../../../../arm-none-eabi/lib/thumb/v7-m/nofp\libc_nano.a(lib_a-sprintf.o)
                              ./Application/User/Core/main.o (sprintf)
c:/st/stm32cubeide_1.9.0/stm32cubeide/plugins/com.st.stm32cube.ide.mcu.externaltools.gnu-tools-for-stm32.10.3-2021.10.win32_1.0.0.202111181127/tools/bin/../lib/gcc/arm-none-eabi/10.3.1/../../../../arm-none-eabi/lib/thumb/v7-m/nofp\libc_nano.a(lib_a-strlen.o)
                              ./Application/User/Core/main.o (strlen)
[...]
Memory Configuration

Name             Origin             Length             Attributes
RAM              0x0000000020000000 0x0000000000005000 xrw
FLASH            0x0000000008000000 0x0000000000010000 xr
*default*        0x0000000000000000 0xffffffffffffffff

Linker script and memory map

LOAD c:/st/stm32cubeide_1.9.0/stm32cubeide/plugins/com.st.stm32cube.ide.mcu.externaltools.gnu-tools-for-stm32.10.3-2021.10.win32_1.0.0.202111181127/tools/bin/../lib/gcc/arm-none-eabi/10.3.1/thumb/v7-m/nofp/crti.o
LOAD c:/st/stm32cubeide_1.9.0/stm32cubeide/plugins/com.st.stm32cube.ide.mcu.externaltools.gnu-tools-for-stm32.10.3-2021.10.win32_1.0.0.202111181127/tools/bin/../lib/gcc/arm-none-eabi/10.3.1/thumb/v7-m/nofp/crtbegin.o
LOAD c:/st/stm32cubeide_1.9.0/stm32cubeide/plugins/com.st.stm32cube.ide.mcu.externaltools.gnu-tools-for-stm32.10.3-2021.10.win32_1.0.0.202111181127/tools/bin/../lib/gcc/arm-none-eabi/10.3.1/../../../../arm-none-eabi/lib/thumb/v7-m/nofp/crt0.o
LOAD ./Application/User/Core/main.o
LOAD ./Application/User/Core/stm32f1xx_hal_msp.o
LOAD ./Application/User/Core/stm32f1xx_it.o
LOAD ./Application/User/Core/syscalls.o
LOAD ./Application/User/Core/sysmem.o
LOAD ./Application/User/Startup/startup_stm32f103c8tx.o
LOAD ./Application/User/USB_DEVICE/App/usb_device.o
LOAD ./Application/User/USB_DEVICE/App/usbd_cdc_if.o
LOAD ./Application/User/USB_DEVICE/App/usbd_desc.o
LOAD ./Application/User/USB_DEVICE/Target/usbd_conf.o
LOAD ./Drivers/CMSIS/system_stm32f1xx.o
LOAD ./Drivers/STM32F1xx_HAL_Driver/stm32f1xx_hal.o
LOAD ./Drivers/STM32F1xx_HAL_Driver/stm32f1xx_hal_cortex.o
LOAD ./Drivers/STM32F1xx_HAL_Driver/stm32f1xx_hal_dma.o
LOAD ./Drivers/STM32F1xx_HAL_Driver/stm32f1xx_hal_exti.o
LOAD ./Drivers/STM32F1xx_HAL_Driver/stm32f1xx_hal_flash.o
LOAD ./Drivers/STM32F1xx_HAL_Driver/stm32f1xx_hal_flash_ex.o
LOAD ./Drivers/STM32F1xx_HAL_Driver/stm32f1xx_hal_gpio.o
LOAD ./Drivers/STM32F1xx_HAL_Driver/stm32f1xx_hal_gpio_ex.o
LOAD ./Drivers/STM32F1xx_HAL_Driver/stm32f1xx_hal_pcd.o
LOAD ./Drivers/STM32F1xx_HAL_Driver/stm32f1xx_hal_pcd_ex.o
LOAD ./Drivers/STM32F1xx_HAL_Driver/stm32f1xx_hal_pwr.o
LOAD ./Drivers/STM32F1xx_HAL_Driver/stm32f1xx_hal_rcc.o
LOAD ./Drivers/STM32F1xx_HAL_Driver/stm32f1xx_hal_rcc_ex.o
LOAD ./Drivers/STM32F1xx_HAL_Driver/stm32f1xx_hal_tim.o
LOAD ./Drivers/STM32F1xx_HAL_Driver/stm32f1xx_hal_tim_ex.o
LOAD ./Drivers/STM32F1xx_HAL_Driver/stm32f1xx_ll_usb.o
LOAD ./Middlewares/USB_Device_Library/usbd_cdc.o
LOAD ./Middlewares/USB_Device_Library/usbd_core.o
LOAD ./Middlewares/USB_Device_Library/usbd_ctlreq.o
LOAD ./Middlewares/USB_Device_Library/usbd_ioreq.o
START GROUP
LOAD c:/st/stm32cubeide_1.9.0/stm32cubeide/plugins/com.st.stm32cube.ide.mcu.externaltools.gnu-tools-for-stm32.10.3-2021.10.win32_1.0.0.202111181127/tools/bin/../lib/gcc/arm-none-eabi/10.3.1/../../../../arm-none-eabi/lib/thumb/v7-m/nofp\libc_nano.a
LOAD c:/st/stm32cubeide_1.9.0/stm32cubeide/plugins/com.st.stm32cube.ide.mcu.externaltools.gnu-tools-for-stm32.10.3-2021.10.win32_1.0.0.202111181127/tools/bin/../lib/gcc/arm-none-eabi/10.3.1/../../../../arm-none-eabi/lib/thumb/v7-m/nofp\libm.a
END GROUP
START GROUP
LOAD c:/st/stm32cubeide_1.9.0/stm32cubeide/plugins/com.st.stm32cube.ide.mcu.externaltools.gnu-tools-for-stm32.10.3-2021.10.win32_1.0.0.202111181127/tools/bin/../lib/gcc/arm-none-eabi/10.3.1/thumb/v7-m/nofp\libgcc.a
LOAD c:/st/stm32cubeide_1.9.0/stm32cubeide/plugins/com.st.stm32cube.ide.mcu.externaltools.gnu-tools-for-stm32.10.3-2021.10.win32_1.0.0.202111181127/tools/bin/../lib/gcc/arm-none-eabi/10.3.1/../../../../arm-none-eabi/lib/thumb/v7-m/nofp\libc_nano.a
END GROUP
START GROUP
LOAD c:/st/stm32cubeide_1.9.0/stm32cubeide/plugins/com.st.stm32cube.ide.mcu.externaltools.gnu-tools-for-stm32.10.3-2021.10.win32_1.0.0.202111181127/tools/bin/../lib/gcc/arm-none-eabi/10.3.1/thumb/v7-m/nofp\libgcc.a
LOAD c:/st/stm32cubeide_1.9.0/stm32cubeide/plugins/com.st.stm32cube.ide.mcu.externaltools.gnu-tools-for-stm32.10.3-2021.10.win32_1.0.0.202111181127/tools/bin/../lib/gcc/arm-none-eabi/10.3.1/../../../../arm-none-eabi/lib/thumb/v7-m/nofp\libc_nano.a
LOAD c:/st/stm32cubeide_1.9.0/stm32cubeide/plugins/com.st.stm32cube.ide.mcu.externaltools.gnu-tools-for-stm32.10.3-2021.10.win32_1.0.0.202111181127/tools/bin/../lib/gcc/arm-none-eabi/10.3.1/../../../../arm-none-eabi/lib/thumb/v7-m/nofp\libnosys.a
END GROUP
START GROUP
LOAD c:/st/stm32cubeide_1.9.0/stm32cubeide/plugins/com.st.stm32cube.ide.mcu.externaltools.gnu-tools-for-stm32.10.3-2021.10.win32_1.0.0.202111181127/tools/bin/../lib/gcc/arm-none-eabi/10.3.1/thumb/v7-m/nofp\libgcc.a
LOAD c:/st/stm32cubeide_1.9.0/stm32cubeide/plugins/com.st.stm32cube.ide.mcu.externaltools.gnu-tools-for-stm32.10.3-2021.10.win32_1.0.0.202111181127/tools/bin/../lib/gcc/arm-none-eabi/10.3.1/../../../../arm-none-eabi/lib/thumb/v7-m/nofp\libc_nano.a
LOAD c:/st/stm32cubeide_1.9.0/stm32cubeide/plugins/com.st.stm32cube.ide.mcu.externaltools.gnu-tools-for-stm32.10.3-2021.10.win32_1.0.0.202111181127/tools/bin/../lib/gcc/arm-none-eabi/10.3.1/../../../../arm-none-eabi/lib/thumb/v7-m/nofp\libnosys.a
END GROUP
LOAD c:/st/stm32cubeide_1.9.0/stm32cubeide/plugins/com.st.stm32cube.ide.mcu.externaltools.gnu-tools-for-stm32.10.3-2021.10.win32_1.0.0.202111181127/tools/bin/../lib/gcc/arm-none-eabi/10.3.1/thumb/v7-m/nofp/crtend.o
LOAD c:/st/stm32cubeide_1.9.0/stm32cubeide/plugins/com.st.stm32cube.ide.mcu.externaltools.gnu-tools-for-stm32.10.3-2021.10.win32_1.0.0.202111181127/tools/bin/../lib/gcc/arm-none-eabi/10.3.1/thumb/v7-m/nofp/crtn.o
                0x0000000020005000                _estack = (ORIGIN (RAM) + LENGTH (RAM))
                0x0000000000000200                _Min_Heap_Size = 0x200
                0x0000000000000400                _Min_Stack_Size = 0x400

.isr_vector     0x0000000008000000      0x10c
                0x0000000008000000                . = ALIGN (0x4)
 *(.isr_vector)
 .isr_vector    0x0000000008000000      0x10c ./Application/User/Startup/startup_stm32f103c8tx.o
                0x0000000008000000                g_pfnVectors
                0x000000000800010c                . = ALIGN (0x4)

.text           0x0000000008000110     0xd904
                0x0000000008000110                . = ALIGN (0x4)
 *(.text)
 .text          0x0000000008000110       0x40 c:/st/stm32cubeide_1.9.0/stm32cubeide/plugins/com.st.stm32cube.ide.mcu.externaltools.gnu-tools-for-stm32.10.3-2021.10.win32_1.0.0.202111181127/tools/bin/../lib/gcc/arm-none-eabi/10.3.1/thumb/v7-m/nofp/crtbegin.o
 .text          0x0000000008000150       0x10 c:/st/stm32cubeide_1.9.0/stm32cubeide/plugins/com.st.stm32cube.ide.mcu.externaltools.gnu-tools-for-stm32.10.3-2021.10.win32_1.0.0.202111181127/tools/bin/../lib/gcc/arm-none-eabi/10.3.1/../../../../arm-none-eabi/lib/thumb/v7-m/nofp\libc_nano.a(lib_a-strlen.o)
                0x0000000008000150                strlen
 .text          0x0000000008000160      0x378 c:/st/stm32cubeide_1.9.0/stm32cubeide/plugins/com.st.stm32cube.ide.mcu.externaltools.gnu-tools-for-stm32.10.3-2021.10.win32_1.0.0.202111181127/tools/bin/../lib/gcc/arm-none-eabi/10.3.1/thumb/v7-m/nofp\libgcc.a(_arm_addsubdf3.o)
                0x0000000008000160                __aeabi_drsub
                0x0000000008000168                __aeabi_dsub
                0x0000000008000168                __subdf3
                0x000000000800016c                __aeabi_dadd
                0x000000000800016c                __adddf3
                0x00000000080003e4                __floatunsidf
                0x00000000080003e4                __aeabi_ui2d
                0x0000000008000404                __floatsidf
                0x0000000008000404                __aeabi_i2d
                0x0000000008000428                __aeabi_f2d
                0x0000000008000428                __extendsfdf2
                0x000000000800046c                __floatundidf
                0x000000000800046c                __aeabi_ul2d
                0x000000000800047c                __floatdidf
                0x000000000800047c                __aeabi_l2d
 .text          0x00000000080004d8      0x424 c:/st/stm32cubeide_1.9.0/stm32cubeide/plugins/com.st.stm32cube.ide.mcu.externaltools.gnu-tools-for-stm32.10.3-2021.10.win32_1.0.0.202111181127/tools/bin/../lib/gcc/arm-none-eabi/10.3.1/thumb/v7-m/nofp\libgcc.a(_arm_muldivdf3.o)
                0x00000000080004d8                __aeabi_dmul
                0x00000000080004d8                __muldf3
                0x000000000800072c                __divdf3
                0x000000000800072c                __aeabi_ddiv
 .text          0x00000000080008fc      0x110 c:/st/stm32cubeide_1.9.0/stm32cubeide/plugins/com.st.stm32cube.ide.mcu.externaltools.gnu-tools-for-stm32.10.3-2021.10.win32_1.0.0.202111181127/tools/bin/../lib/gcc/arm-none-eabi/10.3.1/thumb/v7-m/nofp\libgcc.a(_arm_cmpdf2.o)
                0x00000000080008fc                __gtdf2
                0x00000000080008fc                __gedf2
                0x0000000008000904                __ltdf2
                0x0000000008000904                __ledf2
                0x000000000800090c                __nedf2
                0x000000000800090c                __eqdf2
                0x000000000800090c                __cmpdf2
                0x0000000008000988                __aeabi_cdrcmple
                0x0000000008000998                __aeabi_cdcmpeq
                0x0000000008000998                __aeabi_cdcmple
                0x00000000080009a8                __aeabi_dcmpeq
                0x00000000080009bc                __aeabi_dcmplt
                0x00000000080009d0                __aeabi_dcmple
                0x00000000080009e4                __aeabi_dcmpge
                0x00000000080009f8                __aeabi_dcmpgt
 .text          0x0000000008000a0c       0x2c c:/st/stm32cubeide_1.9.0/stm32cubeide/plugins/com.st.stm32cube.ide.mcu.externaltools.gnu-tools-for-stm32.10.3-2021.10.win32_1.0.0.202111181127/tools/bin/../lib/gcc/arm-none-eabi/10.3.1/thumb/v7-m/nofp\libgcc.a(_arm_unorddf2.o)
                0x0000000008000a0c                __unorddf2
                0x0000000008000a0c                __aeabi_dcmpun
 .text          0x0000000008000a38       0x50 c:/st/stm32cubeide_1.9.0/stm32cubeide/plugins/com.st.stm32cube.ide.mcu.externaltools.gnu-tools-for-stm32.10.3-2021.10.win32_1.0.0.202111181127/tools/bin/../lib/gcc/arm-none-eabi/10.3.1/thumb/v7-m/nofp\libgcc.a(_arm_fixdfsi.o)
                0x0000000008000a38                __aeabi_d2iz
                0x0000000008000a38                __fixdfsi
 .text          0x0000000008000a88      0x21c c:/st/stm32cubeide_1.9.0/stm32cubeide/plugins/com.st.stm32cube.ide.mcu.externaltools.gnu-tools-for-stm32.10.3-2021.10.win32_1.0.0.202111181127/tools/bin/../lib/gcc/arm-none-eabi/10.3.1/thumb/v7-m/nofp\libgcc.a(_arm_addsubsf3.o)
                0x0000000008000a88                __aeabi_frsub
                0x0000000008000a90                __subsf3
                0x0000000008000a90                __aeabi_fsub
                0x0000000008000a94                __aeabi_fadd
                0x0000000008000a94                __addsf3
                0x0000000008000bf4                __aeabi_ui2f
                0x0000000008000bf4                __floatunsisf
                0x0000000008000bfc                __aeabi_i2f
                0x0000000008000bfc                __floatsisf
                0x0000000008000c18                __aeabi_ul2f
                0x0000000008000c18                __floatundisf
                0x0000000008000c28                __aeabi_l2f
                0x0000000008000c28                __floatdisf
 .text          0x0000000008000ca4      0x2a0 c:/st/stm32cubeide_1.9.0/stm32cubeide/plugins/com.st.stm32cube.ide.mcu.externaltools.gnu-tools-for-stm32.10.3-2021.10.win32_1.0.0.202111181127/tools/bin/../lib/gcc/arm-none-eabi/10.3.1/thumb/v7-m/nofp\libgcc.a(_arm_muldivsf3.o)
                0x0000000008000ca4                __mulsf3
                0x0000000008000ca4                __aeabi_fmul
                0x0000000008000e0c                __aeabi_fdiv
                0x0000000008000e0c                __divsf3
 .text          0x0000000008000f44       0x4c c:/st/stm32cubeide_1.9.0/stm32cubeide/plugins/com.st.stm32cube.ide.mcu.externaltools.gnu-tools-for-stm32.10.3-2021.10.win32_1.0.0.202111181127/tools/bin/../lib/gcc/arm-none-eabi/10.3.1/thumb/v7-m/nofp\libgcc.a(_arm_fixsfsi.o)
                0x0000000008000f44                __aeabi_f2iz
                0x0000000008000f44                __fixsfsi
 *(.text*)
 .text.main     0x0000000008000f90      0x120 ./Application/User/Core/main.o
                0x0000000008000f90                main
 .text.SystemClock_Config
                0x00000000080010b0       0xb4 ./Application/User/Core/main.o
                0x00000000080010b0                SystemClock_Config
 .text.MX_TIM1_Init
                0x0000000008001164       0xe8 ./Application/User/Core/main.o
 .text.MX_TIM2_Init
                0x000000000800124c       0xe0 ./Application/User/Core/main.o
 .text.MX_TIM3_Init
                0x000000000800132c      0x130 ./Application/User/Core/main.o
 .text.MX_TIM4_Init
                0x000000000800145c      0x130 ./Application/User/Core/main.o
 .text.MX_GPIO_Init
                0x000000000800158c      0x114 ./Application/User/Core/main.o
 .text.calibrate_antenna
                0x00000000080016a0       0x64 ./Application/User/Core/main.o
                0x00000000080016a0                calibrate_antenna
 .text.is_in_range
                0x0000000008001704       0x2c ./Application/User/Core/main.o
                0x0000000008001704                is_in_range
 .text.play_note
                0x0000000008001730       0xcc ./Application/User/Core/main.o
                0x0000000008001730                play_note
 .text.play_music
                0x00000000080017fc      0x1e0 ./Application/User/Core/main.o
                0x00000000080017fc                play_music
 .text.print_to_com_port
                0x00000000080019dc       0x64 ./Application/User/Core/main.o
                0x00000000080019dc                print_to_com_port
 .text.HAL_TIM_IC_CaptureCallback
                0x0000000008001a40       0xf0 ./Application/User/Core/main.o
                0x0000000008001a40                HAL_TIM_IC_CaptureCallback
 .text.Error_Handler
                0x0000000008001b30        0xa ./Application/User/Core/main.o
                0x0000000008001b30                Error_Handler
 *fill*         0x0000000008001b3a        0x2 
 .text.HAL_MspInit
                0x0000000008001b3c       0x84 ./Application/User/Core/stm32f1xx_hal_msp.o
                0x0000000008001b3c                HAL_MspInit
 .text.HAL_TIM_Base_MspInit
                0x0000000008001bc0      0x194 ./Application/User/Core/stm32f1xx_hal_msp.o
                0x0000000008001bc0                HAL_TIM_Base_MspInit
 .text.HAL_TIM_MspPostInit
                0x0000000008001d54       0xdc ./Application/User/Core/stm32f1xx_hal_msp.o
                0x0000000008001d54                HAL_TIM_MspPostInit
 .text.NMI_Handler
                0x0000000008001e30        0x6 ./Application/User/Core/stm32f1xx_it.o
                0x0000000008001e30                NMI_Handler
 .text.HardFault_Handler
                0x0000000008001e36        0x6 ./Application/User/Core/stm32f1xx_it.o
                0x0000000008001e36                HardFault_Handler
 .text.MemManage_Handler
                0x0000000008001e3c        0x6 ./Application/User/Core/stm32f1xx_it.o
                0x0000000008001e3c                MemManage_Handler
 .text.BusFault_Handler
                0x0000000008001e42        0x6 ./Application/User/Core/stm32f1xx_it.o
                0x0000000008001e42                BusFault_Handler
 .text.UsageFault_Handler
                0x0000000008001e48        0x6 ./Application/User/Core/stm32f1xx_it.o
                0x0000000008001e48                UsageFault_Handler
 .text.SVC_Handler
                0x0000000008001e4e        0xc ./Application/User/Core/stm32f1xx_it.o
                0x0000000008001e4e                SVC_Handler
 .text.DebugMon_Handler
                0x0000000008001e5a        0xc ./Application/User/Core/stm32f1xx_it.o
                0x0000000008001e5a                DebugMon_Handler
 .text.PendSV_Handler
                0x0000000008001e66        0xc ./Application/User/Core/stm32f1xx_it.o
                0x0000000008001e66                PendSV_Handler
 .text.SysTick_Handler
                0x0000000008001e72        0xc ./Application/User/Core/stm32f1xx_it.o
                0x0000000008001e72                SysTick_Handler
 .text.RCC_IRQHandler
                0x0000000008001e7e        0xc ./Application/User/Core/stm32f1xx_it.o
                0x0000000008001e7e                RCC_IRQHandler
 *fill*         0x0000000008001e8a        0x2 
 .text.USB_HP_CAN1_TX_IRQHandler
                0x0000000008001e8c       0x14 ./Application/User/Core/stm32f1xx_it.o
                0x0000000008001e8c                USB_HP_CAN1_TX_IRQHandler
 .text.USB_LP_CAN1_RX0_IRQHandler
                0x0000000008001ea0       0x14 ./Application/User/Core/stm32f1xx_it.o
                0x0000000008001ea0                USB_LP_CAN1_RX0_IRQHandler
 .text.TIM1_BRK_IRQHandler
                0x0000000008001eb4       0x14 ./Application/User/Core/stm32f1xx_it.o
                0x0000000008001eb4                TIM1_BRK_IRQHandler
 .text.TIM1_UP_IRQHandler
                0x0000000008001ec8       0x14 ./Application/User/Core/stm32f1xx_it.o
                0x0000000008001ec8                TIM1_UP_IRQHandler
 .text.TIM1_TRG_COM_IRQHandler
                0x0000000008001edc       0x14 ./Application/User/Core/stm32f1xx_it.o
                0x0000000008001edc                TIM1_TRG_COM_IRQHandler
 .text.TIM1_CC_IRQHandler
                0x0000000008001ef0       0x14 ./Application/User/Core/stm32f1xx_it.o
                0x0000000008001ef0                TIM1_CC_IRQHandler
 .text.TIM2_IRQHandler
                0x0000000008001f04       0x14 ./Application/User/Core/stm32f1xx_it.o
                0x0000000008001f04                TIM2_IRQHandler
 .text.TIM3_IRQHandler
                0x0000000008001f18       0x14 ./Application/User/Core/stm32f1xx_it.o
                0x0000000008001f18                TIM3_IRQHandler
 .text.TIM4_IRQHandler
                0x0000000008001f2c       0x14 ./Application/User/Core/stm32f1xx_it.o
                0x0000000008001f2c                TIM4_IRQHandler
 .text._getpid  0x0000000008001f40        0xe ./Application/User/Core/syscalls.o
                0x0000000008001f40                _getpid
 .text._kill    0x0000000008001f4e       0x20 ./Application/User/Core/syscalls.o
                0x0000000008001f4e                _kill
 .text._exit    0x0000000008001f6e       0x14 ./Application/User/Core/syscalls.o
                0x0000000008001f6e                _exit
 .text._read    0x0000000008001f82       0x3a ./Application/User/Core/syscalls.o
                0x0000000008001f82                _read
 .text._write   0x0000000008001fbc       0x38 ./Application/User/Core/syscalls.o
                0x0000000008001fbc                _write
 .text._close   0x0000000008001ff4       0x16 ./Application/User/Core/syscalls.o
                0x0000000008001ff4                _close
 .text._fstat   0x000000000800200a       0x1e ./Application/User/Core/syscalls.o
                0x000000000800200a                _fstat
 .text._isatty  0x0000000008002028       0x14 ./Application/User/Core/syscalls.o
                0x0000000008002028                _isatty
 .text._lseek   0x000000000800203c       0x18 ./Application/User/Core/syscalls.o
                0x000000000800203c                _lseek
 .text._sbrk    0x0000000008002054       0x6c ./Application/User/Core/sysmem.o
                0x0000000008002054                _sbrk
 .text.Reset_Handler
                0x00000000080020c0       0x48 ./Application/User/Startup/startup_stm32f103c8tx.o
                0x00000000080020c0                Reset_Handler
 .text.Default_Handler
                0x0000000008002108        0x2 ./Application/User/Startup/startup_stm32f103c8tx.o
                0x0000000008002108                RTC_Alarm_IRQHandler
                0x0000000008002108                EXTI2_IRQHandler
                0x0000000008002108                PVD_IRQHandler
                0x0000000008002108                EXTI3_IRQHandler
                0x0000000008002108                EXTI0_IRQHandler
                0x0000000008002108                I2C2_EV_IRQHandler
                0x0000000008002108                ADC1_2_IRQHandler
                0x0000000008002108                SPI1_IRQHandler
                0x0000000008002108                TAMPER_IRQHandler
                0x0000000008002108                DMA1_Channel4_IRQHandler
                0x0000000008002108                USART3_IRQHandler
                0x0000000008002108                RTC_IRQHandler
                0x0000000008002108                DMA1_Channel7_IRQHandler
                0x0000000008002108                CAN1_RX1_IRQHandler
                0x0000000008002108                I2C1_EV_IRQHandler
                0x0000000008002108                DMA1_Channel6_IRQHandler
                0x0000000008002108                DMA1_Channel1_IRQHandler
                0x0000000008002108                Default_Handler
                0x0000000008002108                EXTI15_10_IRQHandler
                0x0000000008002108                EXTI9_5_IRQHandler
                0x0000000008002108                SPI2_IRQHandler
                0x0000000008002108                DMA1_Channel5_IRQHandler
                0x0000000008002108                EXTI4_IRQHandler
                0x0000000008002108                DMA1_Channel3_IRQHandler
                0x0000000008002108                WWDG_IRQHandler
                0x0000000008002108                EXTI1_IRQHandler
                0x0000000008002108                USART2_IRQHandler
                0x0000000008002108                I2C2_ER_IRQHandler
                0x0000000008002108                DMA1_Channel2_IRQHandler
                0x0000000008002108                CAN1_SCE_IRQHandler
                0x0000000008002108                FLASH_IRQHandler
                0x0000000008002108                USART1_IRQHandler
                0x0000000008002108                I2C1_ER_IRQHandler
                0x0000000008002108                USBWakeUp_IRQHandler
 *fill*         0x000000000800210a        0x2 
 .text.MX_USB_DEVICE_Init
                0x000000000800210c       0x60 ./Application/User/USB_DEVICE/App/usb_device.o
                0x000000000800210c                MX_USB_DEVICE_Init
 .text.CDC_Init_FS
                0x000000000800216c       0x28 ./Application/User/USB_DEVICE/App/usbd_cdc_if.o
 .text.CDC_DeInit_FS
                0x0000000008002194        0xe ./Application/User/USB_DEVICE/App/usbd_cdc_if.o
 *fill*         0x00000000080021a2        0x2 
 .text.CDC_Control_FS
                0x00000000080021a4       0xbc ./Application/User/USB_DEVICE/App/usbd_cdc_if.o
 .text.CDC_Receive_FS
                0x0000000008002260       0x28 ./Application/User/USB_DEVICE/App/usbd_cdc_if.o
 .text.CDC_Transmit_FS
                0x0000000008002288       0x4c ./Application/User/USB_DEVICE/App/usbd_cdc_if.o
                0x0000000008002288                CDC_Transmit_FS
 .text.USBD_FS_DeviceDescriptor
                0x00000000080022d4       0x24 ./Application/User/USB_DEVICE/App/usbd_desc.o
                0x00000000080022d4                USBD_FS_DeviceDescriptor
 .text.USBD_FS_LangIDStrDescriptor
                0x00000000080022f8       0x24 ./Application/User/USB_DEVICE/App/usbd_desc.o
                0x00000000080022f8                USBD_FS_LangIDStrDescriptor
 .text.USBD_FS_ProductStrDescriptor
                0x000000000800231c       0x3c ./Application/User/USB_DEVICE/App/usbd_desc.o
                0x000000000800231c                USBD_FS_ProductStrDescriptor
 .text.USBD_FS_ManufacturerStrDescriptor
                0x0000000008002358       0x28 ./Application/User/USB_DEVICE/App/usbd_desc.o
                0x0000000008002358                USBD_FS_ManufacturerStrDescriptor
 .text.USBD_FS_SerialStrDescriptor
                0x0000000008002380       0x24 ./Application/User/USB_DEVICE/App/usbd_desc.o
                0x0000000008002380                USBD_FS_SerialStrDescriptor
 .text.USBD_FS_ConfigStrDescriptor
                0x00000000080023a4       0x3c ./Application/User/USB_DEVICE/App/usbd_desc.o
                0x00000000080023a4                USBD_FS_ConfigStrDescriptor
 .text.USBD_FS_InterfaceStrDescriptor
                0x00000000080023e0       0x3c ./Application/User/USB_DEVICE/App/usbd_desc.o
                0x00000000080023e0                USBD_FS_InterfaceStrDescriptor
 .text.Get_SerialNum
                0x000000000800241c       0x58 ./Application/User/USB_DEVICE/App/usbd_desc.o
 .text.IntToUnicode
                0x0000000008002474       0x7c ./Application/User/USB_DEVICE/App/usbd_desc.o
 .text.HAL_PCD_MspInit
                0x00000000080024f0       0x5c ./Application/User/USB_DEVICE/Target/usbd_conf.o
                0x00000000080024f0                HAL_PCD_MspInit
 .text.HAL_PCD_SetupStageCallback
                0x000000000800254c       0x24 ./Application/User/USB_DEVICE/Target/usbd_conf.o
                0x000000000800254c                HAL_PCD_SetupStageCallback
 .text.HAL_PCD_DataOutStageCallback
                0x0000000008002570       0x36 ./Application/User/USB_DEVICE/Target/usbd_conf.o
                0x0000000008002570                HAL_PCD_DataOutStageCallback
 .text.HAL_PCD_DataInStageCallback
                0x00000000080025a6       0x34 ./Application/User/USB_DEVICE/Target/usbd_conf.o
                0x00000000080025a6                HAL_PCD_DataInStageCallback
 .text.HAL_PCD_SOFCallback
                0x00000000080025da       0x1c ./Application/User/USB_DEVICE/Target/usbd_conf.o
                0x00000000080025da                HAL_PCD_SOFCallback
 .text.HAL_PCD_ResetCallback
                0x00000000080025f6       0x3c ./Application/User/USB_DEVICE/Target/usbd_conf.o
                0x00000000080025f6                HAL_PCD_ResetCallback
 *fill*         0x0000000008002632        0x2 
 .text.HAL_PCD_SuspendCallback
                0x0000000008002634       0x34 ./Application/User/USB_DEVICE/Target/usbd_conf.o
                0x0000000008002634                HAL_PCD_SuspendCallback
 .text.HAL_PCD_ResumeCallback
                0x0000000008002668       0x1c ./Application/User/USB_DEVICE/Target/usbd_conf.o
                0x0000000008002668                HAL_PCD_ResumeCallback
 .text.USBD_LL_Init
                0x0000000008002684       0xb4 ./Application/User/USB_DEVICE/Target/usbd_conf.o
                0x0000000008002684                USBD_LL_Init
 .text.USBD_LL_Start
                0x0000000008002738       0x36 ./Application/User/USB_DEVICE/Target/usbd_conf.o
                0x0000000008002738                USBD_LL_Start
 .text.USBD_LL_OpenEP
                0x000000000800276e       0x4c ./Application/User/USB_DEVICE/Target/usbd_conf.o
                0x000000000800276e                USBD_LL_OpenEP
 .text.USBD_LL_CloseEP
                0x00000000080027ba       0x3e ./Application/User/USB_DEVICE/Target/usbd_conf.o
                0x00000000080027ba                USBD_LL_CloseEP
 .text.USBD_LL_StallEP
                0x00000000080027f8       0x3e ./Application/User/USB_DEVICE/Target/usbd_conf.o
                0x00000000080027f8                USBD_LL_StallEP
 .text.USBD_LL_ClearStallEP
                0x0000000008002836       0x3e ./Application/User/USB_DEVICE/Target/usbd_conf.o
                0x0000000008002836                USBD_LL_ClearStallEP
 .text.USBD_LL_IsStallEP
                0x0000000008002874       0x58 ./Application/User/USB_DEVICE/Target/usbd_conf.o
                0x0000000008002874                USBD_LL_IsStallEP
 .text.USBD_LL_SetUSBAddress
                0x00000000080028cc       0x3e ./Application/User/USB_DEVICE/Target/usbd_conf.o
                0x00000000080028cc                USBD_LL_SetUSBAddress
 .text.USBD_LL_Transmit
                0x000000000800290a       0x46 ./Application/User/USB_DEVICE/Target/usbd_conf.o
                0x000000000800290a                USBD_LL_Transmit
 .text.USBD_LL_PrepareReceive
                0x0000000008002950       0x46 ./Application/User/USB_DEVICE/Target/usbd_conf.o
                0x0000000008002950                USBD_LL_PrepareReceive
 .text.USBD_LL_GetRxDataSize
                0x0000000008002996       0x26 ./Application/User/USB_DEVICE/Target/usbd_conf.o
                0x0000000008002996                USBD_LL_GetRxDataSize
 .text.USBD_static_malloc
                0x00000000080029bc       0x18 ./Application/User/USB_DEVICE/Target/usbd_conf.o
                0x00000000080029bc                USBD_static_malloc
 .text.USBD_static_free
                0x00000000080029d4       0x12 ./Application/User/USB_DEVICE/Target/usbd_conf.o
                0x00000000080029d4                USBD_static_free
 .text.HAL_PCDEx_SetConnectionState
                0x00000000080029e6       0x16 ./Application/User/USB_DEVICE/Target/usbd_conf.o
                0x00000000080029e6                HAL_PCDEx_SetConnectionState
 .text.USBD_Get_USB_Status
                0x00000000080029fc       0x58 ./Application/User/USB_DEVICE/Target/usbd_conf.o
 .text.SystemInit
                0x0000000008002a54        0xc ./Drivers/CMSIS/system_stm32f1xx.o
                0x0000000008002a54                SystemInit
 .text.HAL_Init
                0x0000000008002a60       0x2c ./Drivers/STM32F1xx_HAL_Driver/stm32f1xx_hal.o
                0x0000000008002a60                HAL_Init
 .text.HAL_InitTick
                0x0000000008002a8c       0x60 ./Drivers/STM32F1xx_HAL_Driver/stm32f1xx_hal.o
                0x0000000008002a8c                HAL_InitTick
 .text.HAL_IncTick
                0x0000000008002aec       0x24 ./Drivers/STM32F1xx_HAL_Driver/stm32f1xx_hal.o
                0x0000000008002aec                HAL_IncTick
 .text.HAL_GetTick
                0x0000000008002b10       0x14 ./Drivers/STM32F1xx_HAL_Driver/stm32f1xx_hal.o
                0x0000000008002b10                HAL_GetTick
 .text.HAL_Delay
                0x0000000008002b24       0x48 ./Drivers/STM32F1xx_HAL_Driver/stm32f1xx_hal.o
                0x0000000008002b24                HAL_Delay
 .text.__NVIC_SetPriorityGrouping
                0x0000000008002b6c       0x48 ./Drivers/STM32F1xx_HAL_Driver/stm32f1xx_hal_cortex.o
 .text.__NVIC_GetPriorityGrouping
                0x0000000008002bb4       0x1c ./Drivers/STM32F1xx_HAL_Driver/stm32f1xx_hal_cortex.o
 .text.__NVIC_EnableIRQ
                0x0000000008002bd0       0x38 ./Drivers/STM32F1xx_HAL_Driver/stm32f1xx_hal_cortex.o
 .text.__NVIC_SetPriority
                0x0000000008002c08       0x54 ./Drivers/STM32F1xx_HAL_Driver/stm32f1xx_hal_cortex.o
 .text.NVIC_EncodePriority
                0x0000000008002c5c       0x64 ./Drivers/STM32F1xx_HAL_Driver/stm32f1xx_hal_cortex.o
 .text.SysTick_Config
                0x0000000008002cc0       0x44 ./Drivers/STM32F1xx_HAL_Driver/stm32f1xx_hal_cortex.o
 .text.HAL_NVIC_SetPriorityGrouping
                0x0000000008002d04       0x16 ./Drivers/STM32F1xx_HAL_Driver/stm32f1xx_hal_cortex.o
                0x0000000008002d04                HAL_NVIC_SetPriorityGrouping
 .text.HAL_NVIC_SetPriority
                0x0000000008002d1a       0x38 ./Drivers/STM32F1xx_HAL_Driver/stm32f1xx_hal_cortex.o
                0x0000000008002d1a                HAL_NVIC_SetPriority
 .text.HAL_NVIC_EnableIRQ
                0x0000000008002d52       0x1c ./Drivers/STM32F1xx_HAL_Driver/stm32f1xx_hal_cortex.o
                0x0000000008002d52                HAL_NVIC_EnableIRQ
 .text.HAL_SYSTICK_Config
                0x0000000008002d6e       0x18 ./Drivers/STM32F1xx_HAL_Driver/stm32f1xx_hal_cortex.o
                0x0000000008002d6e                HAL_SYSTICK_Config
 *fill*         0x0000000008002d86        0x2 
 .text.HAL_GPIO_Init
                0x0000000008002d88      0x308 ./Drivers/STM32F1xx_HAL_Driver/stm32f1xx_hal_gpio.o
                0x0000000008002d88                HAL_GPIO_Init
 .text.HAL_GPIO_ReadPin
                0x0000000008003090       0x2e ./Drivers/STM32F1xx_HAL_Driver/stm32f1xx_hal_gpio.o
                0x0000000008003090                HAL_GPIO_ReadPin
 .text.HAL_GPIO_WritePin
                0x00000000080030be       0x30 ./Drivers/STM32F1xx_HAL_Driver/stm32f1xx_hal_gpio.o
                0x00000000080030be                HAL_GPIO_WritePin
 .text.HAL_PCD_Init
                0x00000000080030ee      0x216 ./Drivers/STM32F1xx_HAL_Driver/stm32f1xx_hal_pcd.o
                0x00000000080030ee                HAL_PCD_Init
 .text.HAL_PCD_Start
                0x0000000008003304       0x4c ./Drivers/STM32F1xx_HAL_Driver/stm32f1xx_hal_pcd.o
                0x0000000008003304                HAL_PCD_Start
 .text.HAL_PCD_IRQHandler
                0x0000000008003350      0x2a6 ./Drivers/STM32F1xx_HAL_Driver/stm32f1xx_hal_pcd.o
                0x0000000008003350                HAL_PCD_IRQHandler
 .text.HAL_PCD_SetAddress
                0x00000000080035f6       0x4a ./Drivers/STM32F1xx_HAL_Driver/stm32f1xx_hal_pcd.o
                0x00000000080035f6                HAL_PCD_SetAddress
 .text.HAL_PCD_EP_Open
                0x0000000008003640       0xcc ./Drivers/STM32F1xx_HAL_Driver/stm32f1xx_hal_pcd.o
                0x0000000008003640                HAL_PCD_EP_Open
 .text.HAL_PCD_EP_Close
                0x000000000800370c       0x90 ./Drivers/STM32F1xx_HAL_Driver/stm32f1xx_hal_pcd.o
                0x000000000800370c                HAL_PCD_EP_Close
 .text.HAL_PCD_EP_Receive
                0x000000000800379c       0x7a ./Drivers/STM32F1xx_HAL_Driver/stm32f1xx_hal_pcd.o
                0x000000000800379c                HAL_PCD_EP_Receive
 .text.HAL_PCD_EP_GetRxCount
                0x0000000008003816       0x2e ./Drivers/STM32F1xx_HAL_Driver/stm32f1xx_hal_pcd.o
                0x0000000008003816                HAL_PCD_EP_GetRxCount
 .text.HAL_PCD_EP_Transmit
                0x0000000008003844       0x86 ./Drivers/STM32F1xx_HAL_Driver/stm32f1xx_hal_pcd.o
                0x0000000008003844                HAL_PCD_EP_Transmit
 .text.HAL_PCD_EP_SetStall
                0x00000000080038ca       0xc0 ./Drivers/STM32F1xx_HAL_Driver/stm32f1xx_hal_pcd.o
                0x00000000080038ca                HAL_PCD_EP_SetStall
 .text.HAL_PCD_EP_ClrStall
                0x000000000800398a       0xa8 ./Drivers/STM32F1xx_HAL_Driver/stm32f1xx_hal_pcd.o
                0x000000000800398a                HAL_PCD_EP_ClrStall
 .text.PCD_EP_ISR_Handler
                0x0000000008003a32      0x600 ./Drivers/STM32F1xx_HAL_Driver/stm32f1xx_hal_pcd.o
 .text.HAL_PCD_EP_DB_Receive
                0x0000000008004032      0x21a ./Drivers/STM32F1xx_HAL_Driver/stm32f1xx_hal_pcd.o
 .text.HAL_PCD_EP_DB_Transmit
                0x000000000800424c      0x7a4 ./Drivers/STM32F1xx_HAL_Driver/stm32f1xx_hal_pcd.o
 .text.HAL_PCDEx_PMAConfig
                0x00000000080049f0       0x84 ./Drivers/STM32F1xx_HAL_Driver/stm32f1xx_hal_pcd_ex.o
                0x00000000080049f0                HAL_PCDEx_PMAConfig
 .text.HAL_RCC_OscConfig
                0x0000000008004a74      0x504 ./Drivers/STM32F1xx_HAL_Driver/stm32f1xx_hal_rcc.o
                0x0000000008004a74                HAL_RCC_OscConfig
 .text.HAL_RCC_ClockConfig
                0x0000000008004f78      0x1d4 ./Drivers/STM32F1xx_HAL_Driver/stm32f1xx_hal_rcc.o
                0x0000000008004f78                HAL_RCC_ClockConfig
 .text.HAL_RCC_GetSysClockFreq
                0x000000000800514c       0xbc ./Drivers/STM32F1xx_HAL_Driver/stm32f1xx_hal_rcc.o
                0x000000000800514c                HAL_RCC_GetSysClockFreq
 .text.RCC_Delay
                0x0000000008005208       0x3c ./Drivers/STM32F1xx_HAL_Driver/stm32f1xx_hal_rcc.o
 .text.HAL_RCCEx_PeriphCLKConfig
                0x0000000008005244      0x16c ./Drivers/STM32F1xx_HAL_Driver/stm32f1xx_hal_rcc_ex.o
                0x0000000008005244                HAL_RCCEx_PeriphCLKConfig
 .text.HAL_TIM_Base_Init
                0x00000000080053b0       0x9e ./Drivers/STM32F1xx_HAL_Driver/stm32f1xx_hal_tim.o
                0x00000000080053b0                HAL_TIM_Base_Init
 .text.HAL_TIM_PWM_Init
                0x000000000800544e       0x9e ./Drivers/STM32F1xx_HAL_Driver/stm32f1xx_hal_tim.o
                0x000000000800544e                HAL_TIM_PWM_Init
 .text.HAL_TIM_PWM_MspInit
                0x00000000080054ec       0x12 ./Drivers/STM32F1xx_HAL_Driver/stm32f1xx_hal_tim.o
                0x00000000080054ec                HAL_TIM_PWM_MspInit
 *fill*         0x00000000080054fe        0x2 
 .text.HAL_TIM_PWM_Start
                0x0000000008005500      0x144 ./Drivers/STM32F1xx_HAL_Driver/stm32f1xx_hal_tim.o
                0x0000000008005500                HAL_TIM_PWM_Start
 .text.HAL_TIM_IC_Init
                0x0000000008005644       0x9e ./Drivers/STM32F1xx_HAL_Driver/stm32f1xx_hal_tim.o
                0x0000000008005644                HAL_TIM_IC_Init
 .text.HAL_TIM_IC_MspInit
                0x00000000080056e2       0x12 ./Drivers/STM32F1xx_HAL_Driver/stm32f1xx_hal_tim.o
                0x00000000080056e2                HAL_TIM_IC_MspInit
 .text.HAL_TIM_IC_Start_IT
                0x00000000080056f4      0x20c ./Drivers/STM32F1xx_HAL_Driver/stm32f1xx_hal_tim.o
                0x00000000080056f4                HAL_TIM_IC_Start_IT
 .text.HAL_TIM_IRQHandler
                0x0000000008005900      0x210 ./Drivers/STM32F1xx_HAL_Driver/stm32f1xx_hal_tim.o
                0x0000000008005900                HAL_TIM_IRQHandler
 .text.HAL_TIM_IC_ConfigChannel
                0x0000000008005b10      0x128 ./Drivers/STM32F1xx_HAL_Driver/stm32f1xx_hal_tim.o
                0x0000000008005b10                HAL_TIM_IC_ConfigChannel
 .text.HAL_TIM_PWM_ConfigChannel
                0x0000000008005c38      0x17c ./Drivers/STM32F1xx_HAL_Driver/stm32f1xx_hal_tim.o
                0x0000000008005c38                HAL_TIM_PWM_ConfigChannel
 .text.HAL_TIM_ConfigClockSource
                0x0000000008005db4      0x188 ./Drivers/STM32F1xx_HAL_Driver/stm32f1xx_hal_tim.o
                0x0000000008005db4                HAL_TIM_ConfigClockSource
 .text.HAL_TIM_ReadCapturedValue
                0x0000000008005f3c       0x88 ./Drivers/STM32F1xx_HAL_Driver/stm32f1xx_hal_tim.o
                0x0000000008005f3c                HAL_TIM_ReadCapturedValue
 .text.HAL_TIM_PeriodElapsedCallback
                0x0000000008005fc4       0x12 ./Drivers/STM32F1xx_HAL_Driver/stm32f1xx_hal_tim.o
                0x0000000008005fc4                HAL_TIM_PeriodElapsedCallback
 .text.HAL_TIM_OC_DelayElapsedCallback
                0x0000000008005fd6       0x12 ./Drivers/STM32F1xx_HAL_Driver/stm32f1xx_hal_tim.o
                0x0000000008005fd6                HAL_TIM_OC_DelayElapsedCallback
 .text.HAL_TIM_PWM_PulseFinishedCallback
                0x0000000008005fe8       0x12 ./Drivers/STM32F1xx_HAL_Driver/stm32f1xx_hal_tim.o
                0x0000000008005fe8                HAL_TIM_PWM_PulseFinishedCallback
 .text.HAL_TIM_TriggerCallback
                0x0000000008005ffa       0x12 ./Drivers/STM32F1xx_HAL_Driver/stm32f1xx_hal_tim.o
                0x0000000008005ffa                HAL_TIM_TriggerCallback
 .text.TIM_Base_SetConfig
                0x000000000800600c       0xc4 ./Drivers/STM32F1xx_HAL_Driver/stm32f1xx_hal_tim.o
                0x000000000800600c                TIM_Base_SetConfig
 .text.TIM_OC1_SetConfig
                0x00000000080060d0       0xcc ./Drivers/STM32F1xx_HAL_Driver/stm32f1xx_hal_tim.o
 .text.TIM_OC2_SetConfig
                0x000000000800619c       0xd4 ./Drivers/STM32F1xx_HAL_Driver/stm32f1xx_hal_tim.o
                0x000000000800619c                TIM_OC2_SetConfig
 .text.TIM_OC3_SetConfig
                0x0000000008006270       0xd4 ./Drivers/STM32F1xx_HAL_Driver/stm32f1xx_hal_tim.o
 .text.TIM_OC4_SetConfig
                0x0000000008006344       0x9c ./Drivers/STM32F1xx_HAL_Driver/stm32f1xx_hal_tim.o
 .text.TIM_TI1_SetConfig
                0x00000000080063e0       0xb4 ./Drivers/STM32F1xx_HAL_Driver/stm32f1xx_hal_tim.o
                0x00000000080063e0                TIM_TI1_SetConfig
 .text.TIM_TI1_ConfigInputStage
                0x0000000008006494       0x5c ./Drivers/STM32F1xx_HAL_Driver/stm32f1xx_hal_tim.o
 .text.TIM_TI2_SetConfig
                0x00000000080064f0       0x78 ./Drivers/STM32F1xx_HAL_Driver/stm32f1xx_hal_tim.o
 .text.TIM_TI2_ConfigInputStage
                0x0000000008006568       0x5e ./Drivers/STM32F1xx_HAL_Driver/stm32f1xx_hal_tim.o
 .text.TIM_TI3_SetConfig
                0x00000000080065c6       0x76 ./Drivers/STM32F1xx_HAL_Driver/stm32f1xx_hal_tim.o
 .text.TIM_TI4_SetConfig
                0x000000000800663c       0x78 ./Drivers/STM32F1xx_HAL_Driver/stm32f1xx_hal_tim.o
 .text.TIM_ITRx_SetConfig
                0x00000000080066b4       0x34 ./Drivers/STM32F1xx_HAL_Driver/stm32f1xx_hal_tim.o
 .text.TIM_ETR_SetConfig
                0x00000000080066e8       0x3e ./Drivers/STM32F1xx_HAL_Driver/stm32f1xx_hal_tim.o
                0x00000000080066e8                TIM_ETR_SetConfig
 .text.TIM_CCxChannelCmd
                0x0000000008006726       0x48 ./Drivers/STM32F1xx_HAL_Driver/stm32f1xx_hal_tim.o
                0x0000000008006726                TIM_CCxChannelCmd
 *fill*         0x000000000800676e        0x2 
 .text.HAL_TIMEx_MasterConfigSynchronization
                0x0000000008006770       0xbc ./Drivers/STM32F1xx_HAL_Driver/stm32f1xx_hal_tim_ex.o
                0x0000000008006770                HAL_TIMEx_MasterConfigSynchronization
 .text.HAL_TIMEx_CommutCallback
                0x000000000800682c       0x12 ./Drivers/STM32F1xx_HAL_Driver/stm32f1xx_hal_tim_ex.o
                0x000000000800682c                HAL_TIMEx_CommutCallback
 .text.HAL_TIMEx_BreakCallback
                0x000000000800683e       0x12 ./Drivers/STM32F1xx_HAL_Driver/stm32f1xx_hal_tim_ex.o
                0x000000000800683e                HAL_TIMEx_BreakCallback
 .text.USB_CoreInit
                0x0000000008006850       0x20 ./Drivers/STM32F1xx_HAL_Driver/stm32f1xx_ll_usb.o
                0x0000000008006850                USB_CoreInit
 .text.USB_EnableGlobalInt
                0x0000000008006870       0x2c ./Drivers/STM32F1xx_HAL_Driver/stm32f1xx_ll_usb.o
                0x0000000008006870                USB_EnableGlobalInt
 .text.USB_DisableGlobalInt
                0x000000000800689c       0x34 ./Drivers/STM32F1xx_HAL_Driver/stm32f1xx_ll_usb.o
                0x000000000800689c                USB_DisableGlobalInt
 .text.USB_SetCurrentMode
                0x00000000080068d0       0x18 ./Drivers/STM32F1xx_HAL_Driver/stm32f1xx_ll_usb.o
                0x00000000080068d0                USB_SetCurrentMode
 .text.USB_DevInit
                0x00000000080068e8       0x40 ./Drivers/STM32F1xx_HAL_Driver/stm32f1xx_ll_usb.o
                0x00000000080068e8                USB_DevInit
 .text.USB_ActivateEndpoint
                0x0000000008006928      0x6d4 ./Drivers/STM32F1xx_HAL_Driver/stm32f1xx_ll_usb.o
                0x0000000008006928                USB_ActivateEndpoint
 .text.USB_DeactivateEndpoint
                0x0000000008006ffc      0x3d8 ./Drivers/STM32F1xx_HAL_Driver/stm32f1xx_ll_usb.o
                0x0000000008006ffc                USB_DeactivateEndpoint
 .text.USB_EPStartXfer
                0x00000000080073d4     0x1c70 ./Drivers/STM32F1xx_HAL_Driver/stm32f1xx_ll_usb.o
                0x00000000080073d4                USB_EPStartXfer
 .text.USB_EPSetStall
                0x0000000008009044       0xa0 ./Drivers/STM32F1xx_HAL_Driver/stm32f1xx_ll_usb.o
                0x0000000008009044                USB_EPSetStall
 .text.USB_EPClearStall
                0x00000000080090e4      0x15a ./Drivers/STM32F1xx_HAL_Driver/stm32f1xx_ll_usb.o
                0x00000000080090e4                USB_EPClearStall
 .text.USB_SetDevAddress
                0x000000000800923e       0x26 ./Drivers/STM32F1xx_HAL_Driver/stm32f1xx_ll_usb.o
                0x000000000800923e                USB_SetDevAddress
 .text.USB_DevConnect
                0x0000000008009264       0x14 ./Drivers/STM32F1xx_HAL_Driver/stm32f1xx_ll_usb.o
                0x0000000008009264                USB_DevConnect
 .text.USB_DevDisconnect
                0x0000000008009278       0x14 ./Drivers/STM32F1xx_HAL_Driver/stm32f1xx_ll_usb.o
                0x0000000008009278                USB_DevDisconnect
 .text.USB_ReadInterrupts
                0x000000000800928c       0x1e ./Drivers/STM32F1xx_HAL_Driver/stm32f1xx_ll_usb.o
                0x000000000800928c                USB_ReadInterrupts
 .text.USB_EP0_OutStart
                0x00000000080092aa       0x16 ./Drivers/STM32F1xx_HAL_Driver/stm32f1xx_ll_usb.o
                0x00000000080092aa                USB_EP0_OutStart
 .text.USB_WritePMA
                0x00000000080092c0       0x8a ./Drivers/STM32F1xx_HAL_Driver/stm32f1xx_ll_usb.o
                0x00000000080092c0                USB_WritePMA
 .text.USB_ReadPMA
                0x000000000800934a       0x9e ./Drivers/STM32F1xx_HAL_Driver/stm32f1xx_ll_usb.o
                0x000000000800934a                USB_ReadPMA
 .text.USBD_CDC_Init
                0x00000000080093e8       0xf4 ./Middlewares/USB_Device_Library/usbd_cdc.o
 .text.USBD_CDC_DeInit
                0x00000000080094dc       0x6e ./Middlewares/USB_Device_Library/usbd_cdc.o
 .text.USBD_CDC_Setup
                0x000000000800954a      0x146 ./Middlewares/USB_Device_Library/usbd_cdc.o
 .text.USBD_CDC_DataIn
                0x0000000008009690       0xa6 ./Middlewares/USB_Device_Library/usbd_cdc.o
 .text.USBD_CDC_DataOut
                0x0000000008009736       0x56 ./Middlewares/USB_Device_Library/usbd_cdc.o
 .text.USBD_CDC_EP0_RxReady
                0x000000000800978c       0x50 ./Middlewares/USB_Device_Library/usbd_cdc.o
 .text.USBD_CDC_GetFSCfgDesc
                0x00000000080097dc       0x20 ./Middlewares/USB_Device_Library/usbd_cdc.o
 .text.USBD_CDC_GetHSCfgDesc
                0x00000000080097fc       0x20 ./Middlewares/USB_Device_Library/usbd_cdc.o
 .text.USBD_CDC_GetOtherSpeedCfgDesc
                0x000000000800981c       0x20 ./Middlewares/USB_Device_Library/usbd_cdc.o
 .text.USBD_CDC_GetDeviceQualifierDescriptor
                0x000000000800983c       0x20 ./Middlewares/USB_Device_Library/usbd_cdc.o
                0x000000000800983c                USBD_CDC_GetDeviceQualifierDescriptor
 .text.USBD_CDC_RegisterInterface
                0x000000000800985c       0x2c ./Middlewares/USB_Device_Library/usbd_cdc.o
                0x000000000800985c                USBD_CDC_RegisterInterface
 .text.USBD_CDC_SetTxBuffer
                0x0000000008009888       0x32 ./Middlewares/USB_Device_Library/usbd_cdc.o
                0x0000000008009888                USBD_CDC_SetTxBuffer
 .text.USBD_CDC_SetRxBuffer
                0x00000000080098ba       0x26 ./Middlewares/USB_Device_Library/usbd_cdc.o
                0x00000000080098ba                USBD_CDC_SetRxBuffer
 .text.USBD_CDC_TransmitPacket
                0x00000000080098e0       0x5e ./Middlewares/USB_Device_Library/usbd_cdc.o
                0x00000000080098e0                USBD_CDC_TransmitPacket
 .text.USBD_CDC_ReceivePacket
                0x000000000800993e       0x54 ./Middlewares/USB_Device_Library/usbd_cdc.o
                0x000000000800993e                USBD_CDC_ReceivePacket
 *fill*         0x0000000008009992        0x2 
 .text.USBD_Init
                0x0000000008009994       0x70 ./Middlewares/USB_Device_Library/usbd_core.o
                0x0000000008009994                USBD_Init
 .text.USBD_RegisterClass
                0x0000000008009a04       0x4c ./Middlewares/USB_Device_Library/usbd_core.o
                0x0000000008009a04                USBD_RegisterClass
 .text.USBD_Start
                0x0000000008009a50       0x18 ./Middlewares/USB_Device_Library/usbd_core.o
                0x0000000008009a50                USBD_Start
 .text.USBD_RunTestMode
                0x0000000008009a68       0x14 ./Middlewares/USB_Device_Library/usbd_core.o
                0x0000000008009a68                USBD_RunTestMode
 .text.USBD_SetClassConfig
                0x0000000008009a7c       0x3e ./Middlewares/USB_Device_Library/usbd_core.o
                0x0000000008009a7c                USBD_SetClassConfig
 .text.USBD_ClrClassConfig
                0x0000000008009aba       0x26 ./Middlewares/USB_Device_Library/usbd_core.o
                0x0000000008009aba                USBD_ClrClassConfig
 .text.USBD_LL_SetupStage
                0x0000000008009ae0       0x9a ./Middlewares/USB_Device_Library/usbd_core.o
                0x0000000008009ae0                USBD_LL_SetupStage
 .text.USBD_LL_DataOutStage
                0x0000000008009b7a       0xe2 ./Middlewares/USB_Device_Library/usbd_core.o
                0x0000000008009b7a                USBD_LL_DataOutStage
 .text.USBD_LL_DataInStage
                0x0000000008009c5c      0x14a ./Middlewares/USB_Device_Library/usbd_core.o
                0x0000000008009c5c                USBD_LL_DataInStage
 .text.USBD_LL_Reset
                0x0000000008009da6       0x82 ./Middlewares/USB_Device_Library/usbd_core.o
                0x0000000008009da6                USBD_LL_Reset
 .text.USBD_LL_SetSpeed
                0x0000000008009e28       0x1e ./Middlewares/USB_Device_Library/usbd_core.o
                0x0000000008009e28                USBD_LL_SetSpeed
 .text.USBD_LL_Suspend
                0x0000000008009e46       0x28 ./Middlewares/USB_Device_Library/usbd_core.o
                0x0000000008009e46                USBD_LL_Suspend
 .text.USBD_LL_Resume
                0x0000000008009e6e       0x2a ./Middlewares/USB_Device_Library/usbd_core.o
                0x0000000008009e6e                USBD_LL_Resume
 .text.USBD_LL_SOF
                0x0000000008009e98       0x34 ./Middlewares/USB_Device_Library/usbd_core.o
                0x0000000008009e98                USBD_LL_SOF
 .text.USBD_StdDevReq
                0x0000000008009ecc       0xd4 ./Middlewares/USB_Device_Library/usbd_ctlreq.o
                0x0000000008009ecc                USBD_StdDevReq
 .text.USBD_StdItfReq
                0x0000000008009fa0       0x90 ./Middlewares/USB_Device_Library/usbd_ctlreq.o
                0x0000000008009fa0                USBD_StdItfReq
 .text.USBD_StdEPReq
                0x000000000800a030      0x2c6 ./Middlewares/USB_Device_Library/usbd_ctlreq.o
                0x000000000800a030                USBD_StdEPReq
 *fill*         0x000000000800a2f6        0x2 
 .text.USBD_GetDescriptor
                0x000000000800a2f8      0x2d0 ./Middlewares/USB_Device_Library/usbd_ctlreq.o
 .text.USBD_SetAddress
                0x000000000800a5c8       0x86 ./Middlewares/USB_Device_Library/usbd_ctlreq.o
 *fill*         0x000000000800a64e        0x2 
 .text.USBD_SetConfig
                0x000000000800a650      0x11c ./Middlewares/USB_Device_Library/usbd_ctlreq.o
 .text.USBD_GetConfig
                0x000000000800a76c       0x6a ./Middlewares/USB_Device_Library/usbd_ctlreq.o
 .text.USBD_GetStatus
                0x000000000800a7d6       0x66 ./Middlewares/USB_Device_Library/usbd_ctlreq.o
 .text.USBD_SetFeature
                0x000000000800a83c       0x28 ./Middlewares/USB_Device_Library/usbd_ctlreq.o
 .text.USBD_ClrFeature
                0x000000000800a864       0x42 ./Middlewares/USB_Device_Library/usbd_ctlreq.o
 .text.USBD_ParseSetupRequest
                0x000000000800a8a6       0x78 ./Middlewares/USB_Device_Library/usbd_ctlreq.o
                0x000000000800a8a6                USBD_ParseSetupRequest
 .text.USBD_CtlError
                0x000000000800a91e       0x22 ./Middlewares/USB_Device_Library/usbd_ctlreq.o
                0x000000000800a91e                USBD_CtlError
 .text.USBD_GetString
                0x000000000800a940       0x84 ./Middlewares/USB_Device_Library/usbd_ctlreq.o
                0x000000000800a940                USBD_GetString
 .text.USBD_GetLen
                0x000000000800a9c4       0x2e ./Middlewares/USB_Device_Library/usbd_ctlreq.o
 .text.USBD_CtlSendData
                0x000000000800a9f2       0x38 ./Middlewares/USB_Device_Library/usbd_ioreq.o
                0x000000000800a9f2                USBD_CtlSendData
 .text.USBD_CtlContinueSendData
                0x000000000800aa2a       0x24 ./Middlewares/USB_Device_Library/usbd_ioreq.o
                0x000000000800aa2a                USBD_CtlContinueSendData
 .text.USBD_CtlPrepareRx
                0x000000000800aa4e       0x3c ./Middlewares/USB_Device_Library/usbd_ioreq.o
                0x000000000800aa4e                USBD_CtlPrepareRx
 .text.USBD_CtlContinueRx
                0x000000000800aa8a       0x24 ./Middlewares/USB_Device_Library/usbd_ioreq.o
                0x000000000800aa8a                USBD_CtlContinueRx
 .text.USBD_CtlSendStatus
                0x000000000800aaae       0x26 ./Middlewares/USB_Device_Library/usbd_ioreq.o
                0x000000000800aaae                USBD_CtlSendStatus
 .text.USBD_CtlReceiveStatus
                0x000000000800aad4       0x26 ./Middlewares/USB_Device_Library/usbd_ioreq.o
                0x000000000800aad4                USBD_CtlReceiveStatus
 *fill*         0x000000000800aafa        0x2 
 .text.__errno  0x000000000800aafc        0xc c:/st/stm32cubeide_1.9.0/stm32cubeide/plugins/com.st.stm32cube.ide.mcu.externaltools.gnu-tools-for-stm32.10.3-2021.10.win32_1.0.0.202111181127/tools/bin/../lib/gcc/arm-none-eabi/10.3.1/../../../../arm-none-eabi/lib/thumb/v7-m/nofp\libc_nano.a(lib_a-errno.o)
                0x000000000800aafc                __errno
 .text.__libc_init_array
                0x000000000800ab08       0x48 c:/st/stm32cubeide_1.9.0/stm32cubeide/plugins/com.st.stm32cube.ide.mcu.externaltools.gnu-tools-for-stm32.10.3-2021.10.win32_1.0.0.202111181127/tools/bin/../lib/gcc/arm-none-eabi/10.3.1/../../../../arm-none-eabi/lib/thumb/v7-m/nofp\libc_nano.a(lib_a-init.o)
                0x000000000800ab08                __libc_init_array
 .text.memset   0x000000000800ab50       0x10 c:/st/stm32cubeide_1.9.0/stm32cubeide/plugins/com.st.stm32cube.ide.mcu.externaltools.gnu-tools-for-stm32.10.3-2021.10.win32_1.0.0.202111181127/tools/bin/../lib/gcc/arm-none-eabi/10.3.1/../../../../arm-none-eabi/lib/thumb/v7-m/nofp\libc_nano.a(lib_a-memset.o)
                0x000000000800ab50                memset
 .text.__cvt    0x000000000800ab60       0xbe c:/st/stm32cubeide_1.9.0/stm32cubeide/plugins/com.st.stm32cube.ide.mcu.externaltools.gnu-tools-for-stm32.10.3-2021.10.win32_1.0.0.202111181127/tools/bin/../lib/gcc/arm-none-eabi/10.3.1/../../../../arm-none-eabi/lib/thumb/v7-m/nofp\libc_nano.a(lib_a-nano-vfprintf_float.o)
                0x000000000800ab60                __cvt
 .text.__exponent
                0x000000000800ac1e       0x7c c:/st/stm32cubeide_1.9.0/stm32cubeide/plugins/com.st.stm32cube.ide.mcu.externaltools.gnu-tools-for-stm32.10.3-2021.10.win32_1.0.0.202111181127/tools/bin/../lib/gcc/arm-none-eabi/10.3.1/../../../../arm-none-eabi/lib/thumb/v7-m/nofp\libc_nano.a(lib_a-nano-vfprintf_float.o)
                0x000000000800ac1e                __exponent
 *fill*         0x000000000800ac9a        0x2 
 .text._printf_float
                0x000000000800ac9c      0x458 c:/st/stm32cubeide_1.9.0/stm32cubeide/plugins/com.st.stm32cube.ide.mcu.externaltools.gnu-tools-for-stm32.10.3-2021.10.win32_1.0.0.202111181127/tools/bin/../lib/gcc/arm-none-eabi/10.3.1/../../../../arm-none-eabi/lib/thumb/v7-m/nofp\libc_nano.a(lib_a-nano-vfprintf_float.o)
                0x000000000800ac9c                _printf_float
 .text._printf_common
                0x000000000800b0f4       0xde c:/st/stm32cubeide_1.9.0/stm32cubeide/plugins/com.st.stm32cube.ide.mcu.externaltools.gnu-tools-for-stm32.10.3-2021.10.win32_1.0.0.202111181127/tools/bin/../lib/gcc/arm-none-eabi/10.3.1/../../../../arm-none-eabi/lib/thumb/v7-m/nofp\libc_nano.a(lib_a-nano-vfprintf_i.o)
                0x000000000800b0f4                _printf_common
 *fill*         0x000000000800b1d2        0x2 
 .text._printf_i
                0x000000000800b1d4      0x24c c:/st/stm32cubeide_1.9.0/stm32cubeide/plugins/com.st.stm32cube.ide.mcu.externaltools.gnu-tools-for-stm32.10.3-2021.10.win32_1.0.0.202111181127/tools/bin/../lib/gcc/arm-none-eabi/10.3.1/../../../../arm-none-eabi/lib/thumb/v7-m/nofp\libc_nano.a(lib_a-nano-vfprintf_i.o)
                0x000000000800b1d4                _printf_i
 .text.printf   0x000000000800b420       0x30 c:/st/stm32cubeide_1.9.0/stm32cubeide/plugins/com.st.stm32cube.ide.mcu.externaltools.gnu-tools-for-stm32.10.3-2021.10.win32_1.0.0.202111181127/tools/bin/../lib/gcc/arm-none-eabi/10.3.1/../../../../arm-none-eabi/lib/thumb/v7-m/nofp\libc_nano.a(lib_a-printf.o)
                0x000000000800b420                iprintf
                0x000000000800b420                printf
 .text.putchar  0x000000000800b450       0x28 c:/st/stm32cubeide_1.9.0/stm32cubeide/plugins/com.st.stm32cube.ide.mcu.externaltools.gnu-tools-for-stm32.10.3-2021.10.win32_1.0.0.202111181127/tools/bin/../lib/gcc/arm-none-eabi/10.3.1/../../../../arm-none-eabi/lib/thumb/v7-m/nofp\libc_nano.a(lib_a-putchar.o)
                0x000000000800b450                putchar
 .text.sprintf  0x000000000800b478       0x40 c:/st/stm32cubeide_1.9.0/stm32cubeide/plugins/com.st.stm32cube.ide.mcu.externaltools.gnu-tools-for-stm32.10.3-2021.10.win32_1.0.0.202111181127/tools/bin/../lib/gcc/arm-none-eabi/10.3.1/../../../../arm-none-eabi/lib/thumb/v7-m/nofp\libc_nano.a(lib_a-sprintf.o)
                0x000000000800b478                siprintf
                0x000000000800b478                sprintf
 .text.quorem   0x000000000800b4b8      0x118 c:/st/stm32cubeide_1.9.0/stm32cubeide/plugins/com.st.stm32cube.ide.mcu.externaltools.gnu-tools-for-stm32.10.3-2021.10.win32_1.0.0.202111181127/tools/bin/../lib/gcc/arm-none-eabi/10.3.1/../../../../arm-none-eabi/lib/thumb/v7-m/nofp\libc_nano.a(lib_a-dtoa.o)
 .text._dtoa_r  0x000000000800b5d0      0xbdc c:/st/stm32cubeide_1.9.0/stm32cubeide/plugins/com.st.stm32cube.ide.mcu.externaltools.gnu-tools-for-stm32.10.3-2021.10.win32_1.0.0.202111181127/tools/bin/../lib/gcc/arm-none-eabi/10.3.1/../../../../arm-none-eabi/lib/thumb/v7-m/nofp\libc_nano.a(lib_a-dtoa.o)
                0x000000000800b5d0                _dtoa_r
 .text.std      0x000000000800c1ac       0x48 c:/st/stm32cubeide_1.9.0/stm32cubeide/plugins/com.st.stm32cube.ide.mcu.externaltools.gnu-tools-for-stm32.10.3-2021.10.win32_1.0.0.202111181127/tools/bin/../lib/gcc/arm-none-eabi/10.3.1/../../../../arm-none-eabi/lib/thumb/v7-m/nofp\libc_nano.a(lib_a-findfp.o)
 .text._cleanup_r
                0x000000000800c1f4        0xc c:/st/stm32cubeide_1.9.0/stm32cubeide/plugins/com.st.stm32cube.ide.mcu.externaltools.gnu-tools-for-stm32.10.3-2021.10.win32_1.0.0.202111181127/tools/bin/../lib/gcc/arm-none-eabi/10.3.1/../../../../arm-none-eabi/lib/thumb/v7-m/nofp\libc_nano.a(lib_a-findfp.o)
                0x000000000800c1f4                _cleanup_r
 .text.__sfmoreglue
                0x000000000800c200       0x2c c:/st/stm32cubeide_1.9.0/stm32cubeide/plugins/com.st.stm32cube.ide.mcu.externaltools.gnu-tools-for-stm32.10.3-2021.10.win32_1.0.0.202111181127/tools/bin/../lib/gcc/arm-none-eabi/10.3.1/../../../../arm-none-eabi/lib/thumb/v7-m/nofp\libc_nano.a(lib_a-findfp.o)
                0x000000000800c200                __sfmoreglue
 .text.__sfp_lock_acquire
                0x000000000800c22c        0xc c:/st/stm32cubeide_1.9.0/stm32cubeide/plugins/com.st.stm32cube.ide.mcu.externaltools.gnu-tools-for-stm32.10.3-2021.10.win32_1.0.0.202111181127/tools/bin/../lib/gcc/arm-none-eabi/10.3.1/../../../../arm-none-eabi/lib/thumb/v7-m/nofp\libc_nano.a(lib_a-findfp.o)
                0x000000000800c22c                __sfp_lock_acquire
 .text.__sfp_lock_release
                0x000000000800c238        0xc c:/st/stm32cubeide_1.9.0/stm32cubeide/plugins/com.st.stm32cube.ide.mcu.externaltools.gnu-tools-for-stm32.10.3-2021.10.win32_1.0.0.202111181127/tools/bin/../lib/gcc/arm-none-eabi/10.3.1/../../../../arm-none-eabi/lib/thumb/v7-m/nofp\libc_nano.a(lib_a-findfp.o)
                0x000000000800c238                __sfp_lock_release
 .text.__sinit_lock_acquire
                0x000000000800c244        0xc c:/st/stm32cubeide_1.9.0/stm32cubeide/plugins/com.st.stm32cube.ide.mcu.externaltools.gnu-tools-for-stm32.10.3-2021.10.win32_1.0.0.202111181127/tools/bin/../lib/gcc/arm-none-eabi/10.3.1/../../../../arm-none-eabi/lib/thumb/v7-m/nofp\libc_nano.a(lib_a-findfp.o)
                0x000000000800c244                __sinit_lock_acquire
 .text.__sinit_lock_release
                0x000000000800c250        0xc c:/st/stm32cubeide_1.9.0/stm32cubeide/plugins/com.st.stm32cube.ide.mcu.externaltools.gnu-tools-for-stm32.10.3-2021.10.win32_1.0.0.202111181127/tools/bin/../lib/gcc/arm-none-eabi/10.3.1/../../../../arm-none-eabi/lib/thumb/v7-m/nofp\libc_nano.a(lib_a-findfp.o)
                0x000000000800c250                __sinit_lock_release
 .text.__sinit  0x000000000800c25c       0x70 c:/st/stm32cubeide_1.9.0/stm32cubeide/plugins/com.st.stm32cube.ide.mcu.externaltools.gnu-tools-for-stm32.10.3-2021.10.win32_1.0.0.202111181127/tools/bin/../lib/gcc/arm-none-eabi/10.3.1/../../../../arm-none-eabi/lib/thumb/v7-m/nofp\libc_nano.a(lib_a-findfp.o)
                0x000000000800c25c                __sinit
 .text.__sfp    0x000000000800c2cc       0x8c c:/st/stm32cubeide_1.9.0/stm32cubeide/plugins/com.st.stm32cube.ide.mcu.externaltools.gnu-tools-for-stm32.10.3-2021.10.win32_1.0.0.202111181127/tools/bin/../lib/gcc/arm-none-eabi/10.3.1/../../../../arm-none-eabi/lib/thumb/v7-m/nofp\libc_nano.a(lib_a-findfp.o)
                0x000000000800c2cc                __sfp
 .text._fwalk_reent
                0x000000000800c358       0x3e c:/st/stm32cubeide_1.9.0/stm32cubeide/plugins/com.st.stm32cube.ide.mcu.externaltools.gnu-tools-for-stm32.10.3-2021.10.win32_1.0.0.202111181127/tools/bin/../lib/gcc/arm-none-eabi/10.3.1/../../../../arm-none-eabi/lib/thumb/v7-m/nofp\libc_nano.a(lib_a-fwalk.o)
                0x000000000800c358                _fwalk_reent
 *fill*         0x000000000800c396        0x2 
 .text._localeconv_r
                0x000000000800c398        0x8 c:/st/stm32cubeide_1.9.0/stm32cubeide/plugins/com.st.stm32cube.ide.mcu.externaltools.gnu-tools-for-stm32.10.3-2021.10.win32_1.0.0.202111181127/tools/bin/../lib/gcc/arm-none-eabi/10.3.1/../../../../arm-none-eabi/lib/thumb/v7-m/nofp\libc_nano.a(lib_a-localeconv.o)
                0x000000000800c398                _localeconv_r
 .text.__retarget_lock_init_recursive
                0x000000000800c3a0        0x2 c:/st/stm32cubeide_1.9.0/stm32cubeide/plugins/com.st.stm32cube.ide.mcu.externaltools.gnu-tools-for-stm32.10.3-2021.10.win32_1.0.0.202111181127/tools/bin/../lib/gcc/arm-none-eabi/10.3.1/../../../../arm-none-eabi/lib/thumb/v7-m/nofp\libc_nano.a(lib_a-lock.o)
                0x000000000800c3a0                __retarget_lock_init_recursive
 .text.__retarget_lock_acquire_recursive
                0x000000000800c3a2        0x2 c:/st/stm32cubeide_1.9.0/stm32cubeide/plugins/com.st.stm32cube.ide.mcu.externaltools.gnu-tools-for-stm32.10.3-2021.10.win32_1.0.0.202111181127/tools/bin/../lib/gcc/arm-none-eabi/10.3.1/../../../../arm-none-eabi/lib/thumb/v7-m/nofp\libc_nano.a(lib_a-lock.o)
                0x000000000800c3a2                __retarget_lock_acquire_recursive
 .text.__retarget_lock_release_recursive
                0x000000000800c3a4        0x2 c:/st/stm32cubeide_1.9.0/stm32cubeide/plugins/com.st.stm32cube.ide.mcu.externaltools.gnu-tools-for-stm32.10.3-2021.10.win32_1.0.0.202111181127/tools/bin/../lib/gcc/arm-none-eabi/10.3.1/../../../../arm-none-eabi/lib/thumb/v7-m/nofp\libc_nano.a(lib_a-lock.o)
                0x000000000800c3a4                __retarget_lock_release_recursive
 *fill*         0x000000000800c3a6        0x2 
 .text.malloc   0x000000000800c3a8       0x10 c:/st/stm32cubeide_1.9.0/stm32cubeide/plugins/com.st.stm32cube.ide.mcu.externaltools.gnu-tools-for-stm32.10.3-2021.10.win32_1.0.0.202111181127/tools/bin/../lib/gcc/arm-none-eabi/10.3.1/../../../../arm-none-eabi/lib/thumb/v7-m/nofp\libc_nano.a(lib_a-malloc.o)
                0x000000000800c3a8                malloc
 .text.memchr   0x000000000800c3b8       0x1c c:/st/stm32cubeide_1.9.0/stm32cubeide/plugins/com.st.stm32cube.ide.mcu.externaltools.gnu-tools-for-stm32.10.3-2021.10.win32_1.0.0.202111181127/tools/bin/../lib/gcc/arm-none-eabi/10.3.1/../../../../arm-none-eabi/lib/thumb/v7-m/nofp\libc_nano.a(lib_a-memchr-stub.o)
                0x000000000800c3b8                memchr
 .text.memcpy   0x000000000800c3d4       0x1c c:/st/stm32cubeide_1.9.0/stm32cubeide/plugins/com.st.stm32cube.ide.mcu.externaltools.gnu-tools-for-stm32.10.3-2021.10.win32_1.0.0.202111181127/tools/bin/../lib/gcc/arm-none-eabi/10.3.1/../../../../arm-none-eabi/lib/thumb/v7-m/nofp\libc_nano.a(lib_a-memcpy-stub.o)
                0x000000000800c3d4                memcpy
 .text._Balloc  0x000000000800c3f0       0x80 c:/st/stm32cubeide_1.9.0/stm32cubeide/plugins/com.st.stm32cube.ide.mcu.externaltools.gnu-tools-for-stm32.10.3-2021.10.win32_1.0.0.202111181127/tools/bin/../lib/gcc/arm-none-eabi/10.3.1/../../../../arm-none-eabi/lib/thumb/v7-m/nofp\libc_nano.a(lib_a-mprec.o)
                0x000000000800c3f0                _Balloc
 .text._Bfree   0x000000000800c470       0x44 c:/st/stm32cubeide_1.9.0/stm32cubeide/plugins/com.st.stm32cube.ide.mcu.externaltools.gnu-tools-for-stm32.10.3-2021.10.win32_1.0.0.202111181127/tools/bin/../lib/gcc/arm-none-eabi/10.3.1/../../../../arm-none-eabi/lib/thumb/v7-m/nofp\libc_nano.a(lib_a-mprec.o)
                0x000000000800c470                _Bfree
 .text.__multadd
                0x000000000800c4b4       0x8c c:/st/stm32cubeide_1.9.0/stm32cubeide/plugins/com.st.stm32cube.ide.mcu.externaltools.gnu-tools-for-stm32.10.3-2021.10.win32_1.0.0.202111181127/tools/bin/../lib/gcc/arm-none-eabi/10.3.1/../../../../arm-none-eabi/lib/thumb/v7-m/nofp\libc_nano.a(lib_a-mprec.o)
                0x000000000800c4b4                __multadd
 .text.__hi0bits
                0x000000000800c540       0x40 c:/st/stm32cubeide_1.9.0/stm32cubeide/plugins/com.st.stm32cube.ide.mcu.externaltools.gnu-tools-for-stm32.10.3-2021.10.win32_1.0.0.202111181127/tools/bin/../lib/gcc/arm-none-eabi/10.3.1/../../../../arm-none-eabi/lib/thumb/v7-m/nofp\libc_nano.a(lib_a-mprec.o)
                0x000000000800c540                __hi0bits
 .text.__lo0bits
                0x000000000800c580       0x5a c:/st/stm32cubeide_1.9.0/stm32cubeide/plugins/com.st.stm32cube.ide.mcu.externaltools.gnu-tools-for-stm32.10.3-2021.10.win32_1.0.0.202111181127/tools/bin/../lib/gcc/arm-none-eabi/10.3.1/../../../../arm-none-eabi/lib/thumb/v7-m/nofp\libc_nano.a(lib_a-mprec.o)
                0x000000000800c580                __lo0bits
 *fill*         0x000000000800c5da        0x2 
 .text.__i2b    0x000000000800c5dc       0x2c c:/st/stm32cubeide_1.9.0/stm32cubeide/plugins/com.st.stm32cube.ide.mcu.externaltools.gnu-tools-for-stm32.10.3-2021.10.win32_1.0.0.202111181127/tools/bin/../lib/gcc/arm-none-eabi/10.3.1/../../../../arm-none-eabi/lib/thumb/v7-m/nofp\libc_nano.a(lib_a-mprec.o)
                0x000000000800c5dc                __i2b
 .text.__multiply
                0x000000000800c608      0x150 c:/st/stm32cubeide_1.9.0/stm32cubeide/plugins/com.st.stm32cube.ide.mcu.externaltools.gnu-tools-for-stm32.10.3-2021.10.win32_1.0.0.202111181127/tools/bin/../lib/gcc/arm-none-eabi/10.3.1/../../../../arm-none-eabi/lib/thumb/v7-m/nofp\libc_nano.a(lib_a-mprec.o)
                0x000000000800c608                __multiply
 .text.__pow5mult
                0x000000000800c758       0xb4 c:/st/stm32cubeide_1.9.0/stm32cubeide/plugins/com.st.stm32cube.ide.mcu.externaltools.gnu-tools-for-stm32.10.3-2021.10.win32_1.0.0.202111181127/tools/bin/../lib/gcc/arm-none-eabi/10.3.1/../../../../arm-none-eabi/lib/thumb/v7-m/nofp\libc_nano.a(lib_a-mprec.o)
                0x000000000800c758                __pow5mult
 .text.__lshift
                0x000000000800c80c       0xe0 c:/st/stm32cubeide_1.9.0/stm32cubeide/plugins/com.st.stm32cube.ide.mcu.externaltools.gnu-tools-for-stm32.10.3-2021.10.win32_1.0.0.202111181127/tools/bin/../lib/gcc/arm-none-eabi/10.3.1/../../../../arm-none-eabi/lib/thumb/v7-m/nofp\libc_nano.a(lib_a-mprec.o)
                0x000000000800c80c                __lshift
 .text.__mcmp   0x000000000800c8ec       0x36 c:/st/stm32cubeide_1.9.0/stm32cubeide/plugins/com.st.stm32cube.ide.mcu.externaltools.gnu-tools-for-stm32.10.3-2021.10.win32_1.0.0.202111181127/tools/bin/../lib/gcc/arm-none-eabi/10.3.1/../../../../arm-none-eabi/lib/thumb/v7-m/nofp\libc_nano.a(lib_a-mprec.o)
                0x000000000800c8ec                __mcmp
 *fill*         0x000000000800c922        0x2 
 .text.__mdiff  0x000000000800c924      0x118 c:/st/stm32cubeide_1.9.0/stm32cubeide/plugins/com.st.stm32cube.ide.mcu.externaltools.gnu-tools-for-stm32.10.3-2021.10.win32_1.0.0.202111181127/tools/bin/../lib/gcc/arm-none-eabi/10.3.1/../../../../arm-none-eabi/lib/thumb/v7-m/nofp\libc_nano.a(lib_a-mprec.o)
                0x000000000800c924                __mdiff
 .text.__d2b    0x000000000800ca3c       0xb8 c:/st/stm32cubeide_1.9.0/stm32cubeide/plugins/com.st.stm32cube.ide.mcu.externaltools.gnu-tools-for-stm32.10.3-2021.10.win32_1.0.0.202111181127/tools/bin/../lib/gcc/arm-none-eabi/10.3.1/../../../../arm-none-eabi/lib/thumb/v7-m/nofp\libc_nano.a(lib_a-mprec.o)
                0x000000000800ca3c                __d2b
 .text._calloc_r
                0x000000000800caf4       0x28 c:/st/stm32cubeide_1.9.0/stm32cubeide/plugins/com.st.stm32cube.ide.mcu.externaltools.gnu-tools-for-stm32.10.3-2021.10.win32_1.0.0.202111181127/tools/bin/../lib/gcc/arm-none-eabi/10.3.1/../../../../arm-none-eabi/lib/thumb/v7-m/nofp\libc_nano.a(lib_a-nano-callocr.o)
                0x000000000800caf4                _calloc_r
 .text._free_r  0x000000000800cb1c       0x90 c:/st/stm32cubeide_1.9.0/stm32cubeide/plugins/com.st.stm32cube.ide.mcu.externaltools.gnu-tools-for-stm32.10.3-2021.10.win32_1.0.0.202111181127/tools/bin/../lib/gcc/arm-none-eabi/10.3.1/../../../../arm-none-eabi/lib/thumb/v7-m/nofp\libc_nano.a(lib_a-nano-freer.o)
                0x000000000800cb1c                _free_r
 .text.sbrk_aligned
                0x000000000800cbac       0x40 c:/st/stm32cubeide_1.9.0/stm32cubeide/plugins/com.st.stm32cube.ide.mcu.externaltools.gnu-tools-for-stm32.10.3-2021.10.win32_1.0.0.202111181127/tools/bin/../lib/gcc/arm-none-eabi/10.3.1/../../../../arm-none-eabi/lib/thumb/v7-m/nofp\libc_nano.a(lib_a-nano-mallocr.o)
 .text._malloc_r
                0x000000000800cbec       0xe8 c:/st/stm32cubeide_1.9.0/stm32cubeide/plugins/com.st.stm32cube.ide.mcu.externaltools.gnu-tools-for-stm32.10.3-2021.10.win32_1.0.0.202111181127/tools/bin/../lib/gcc/arm-none-eabi/10.3.1/../../../../arm-none-eabi/lib/thumb/v7-m/nofp\libc_nano.a(lib_a-nano-mallocr.o)
                0x000000000800cbec                _malloc_r
 .text.__ssputs_r
                0x000000000800ccd4       0xb6 c:/st/stm32cubeide_1.9.0/stm32cubeide/plugins/com.st.stm32cube.ide.mcu.externaltools.gnu-tools-for-stm32.10.3-2021.10.win32_1.0.0.202111181127/tools/bin/../lib/gcc/arm-none-eabi/10.3.1/../../../../arm-none-eabi/lib/thumb/v7-m/nofp\libc_nano.a(lib_a-nano-svfprintf.o)
                0x000000000800ccd4                __ssputs_r
 *fill*         0x000000000800cd8a        0x2 
 .text._svfprintf_r
                0x000000000800cd8c      0x200 c:/st/stm32cubeide_1.9.0/stm32cubeide/plugins/com.st.stm32cube.ide.mcu.externaltools.gnu-tools-for-stm32.10.3-2021.10.win32_1.0.0.202111181127/tools/bin/../lib/gcc/arm-none-eabi/10.3.1/../../../../arm-none-eabi/lib/thumb/v7-m/nofp\libc_nano.a(lib_a-nano-svfprintf.o)
                0x000000000800cd8c                _svfiprintf_r
                0x000000000800cd8c                _svfprintf_r
 .text.__sfputc_r
                0x000000000800cf8c       0x2a c:/st/stm32cubeide_1.9.0/stm32cubeide/plugins/com.st.stm32cube.ide.mcu.externaltools.gnu-tools-for-stm32.10.3-2021.10.win32_1.0.0.202111181127/tools/bin/../lib/gcc/arm-none-eabi/10.3.1/../../../../arm-none-eabi/lib/thumb/v7-m/nofp\libc_nano.a(lib_a-nano-vfprintf.o)
 .text.__sfputs_r
                0x000000000800cfb6       0x24 c:/st/stm32cubeide_1.9.0/stm32cubeide/plugins/com.st.stm32cube.ide.mcu.externaltools.gnu-tools-for-stm32.10.3-2021.10.win32_1.0.0.202111181127/tools/bin/../lib/gcc/arm-none-eabi/10.3.1/../../../../arm-none-eabi/lib/thumb/v7-m/nofp\libc_nano.a(lib_a-nano-vfprintf.o)
                0x000000000800cfb6                __sfputs_r
 *fill*         0x000000000800cfda        0x2 
 .text._vfprintf_r
                0x000000000800cfdc      0x260 c:/st/stm32cubeide_1.9.0/stm32cubeide/plugins/com.st.stm32cube.ide.mcu.externaltools.gnu-tools-for-stm32.10.3-2021.10.win32_1.0.0.202111181127/tools/bin/../lib/gcc/arm-none-eabi/10.3.1/../../../../arm-none-eabi/lib/thumb/v7-m/nofp\libc_nano.a(lib_a-nano-vfprintf.o)
                0x000000000800cfdc                _vfprintf_r
                0x000000000800cfdc                _vfiprintf_r
 .text._putc_r  0x000000000800d23c       0x90 c:/st/stm32cubeide_1.9.0/stm32cubeide/plugins/com.st.stm32cube.ide.mcu.externaltools.gnu-tools-for-stm32.10.3-2021.10.win32_1.0.0.202111181127/tools/bin/../lib/gcc/arm-none-eabi/10.3.1/../../../../arm-none-eabi/lib/thumb/v7-m/nofp\libc_nano.a(lib_a-putc.o)
                0x000000000800d23c                _putc_r
 .text._sbrk_r  0x000000000800d2cc       0x20 c:/st/stm32cubeide_1.9.0/stm32cubeide/plugins/com.st.stm32cube.ide.mcu.externaltools.gnu-tools-for-stm32.10.3-2021.10.win32_1.0.0.202111181127/tools/bin/../lib/gcc/arm-none-eabi/10.3.1/../../../../arm-none-eabi/lib/thumb/v7-m/nofp\libc_nano.a(lib_a-sbrkr.o)
                0x000000000800d2cc                _sbrk_r
 .text.__sread  0x000000000800d2ec       0x22 c:/st/stm32cubeide_1.9.0/stm32cubeide/plugins/com.st.stm32cube.ide.mcu.externaltools.gnu-tools-for-stm32.10.3-2021.10.win32_1.0.0.202111181127/tools/bin/../lib/gcc/arm-none-eabi/10.3.1/../../../../arm-none-eabi/lib/thumb/v7-m/nofp\libc_nano.a(lib_a-stdio.o)
                0x000000000800d2ec                __sread
 .text.__swrite
                0x000000000800d30e       0x38 c:/st/stm32cubeide_1.9.0/stm32cubeide/plugins/com.st.stm32cube.ide.mcu.externaltools.gnu-tools-for-stm32.10.3-2021.10.win32_1.0.0.202111181127/tools/bin/../lib/gcc/arm-none-eabi/10.3.1/../../../../arm-none-eabi/lib/thumb/v7-m/nofp\libc_nano.a(lib_a-stdio.o)
                0x000000000800d30e                __swrite
 .text.__sseek  0x000000000800d346       0x24 c:/st/stm32cubeide_1.9.0/stm32cubeide/plugins/com.st.stm32cube.ide.mcu.externaltools.gnu-tools-for-stm32.10.3-2021.10.win32_1.0.0.202111181127/tools/bin/../lib/gcc/arm-none-eabi/10.3.1/../../../../arm-none-eabi/lib/thumb/v7-m/nofp\libc_nano.a(lib_a-stdio.o)
                0x000000000800d346                __sseek
 .text.__sclose
                0x000000000800d36a        0x8 c:/st/stm32cubeide_1.9.0/stm32cubeide/plugins/com.st.stm32cube.ide.mcu.externaltools.gnu-tools-for-stm32.10.3-2021.10.win32_1.0.0.202111181127/tools/bin/../lib/gcc/arm-none-eabi/10.3.1/../../../../arm-none-eabi/lib/thumb/v7-m/nofp\libc_nano.a(lib_a-stdio.o)
                0x000000000800d36a                __sclose
 *fill*         0x000000000800d372        0x2 
 .text.__swbuf_r
                0x000000000800d374       0xa4 c:/st/stm32cubeide_1.9.0/stm32cubeide/plugins/com.st.stm32cube.ide.mcu.externaltools.gnu-tools-for-stm32.10.3-2021.10.win32_1.0.0.202111181127/tools/bin/../lib/gcc/arm-none-eabi/10.3.1/../../../../arm-none-eabi/lib/thumb/v7-m/nofp\libc_nano.a(lib_a-wbuf.o)
                0x000000000800d374                __swbuf_r
 .text._write_r
                0x000000000800d418       0x24 c:/st/stm32cubeide_1.9.0/stm32cubeide/plugins/com.st.stm32cube.ide.mcu.externaltools.gnu-tools-for-stm32.10.3-2021.10.win32_1.0.0.202111181127/tools/bin/../lib/gcc/arm-none-eabi/10.3.1/../../../../arm-none-eabi/lib/thumb/v7-m/nofp\libc_nano.a(lib_a-writer.o)
                0x000000000800d418                _write_r
 .text.__swsetup_r
                0x000000000800d43c       0xdc c:/st/stm32cubeide_1.9.0/stm32cubeide/plugins/com.st.stm32cube.ide.mcu.externaltools.gnu-tools-for-stm32.10.3-2021.10.win32_1.0.0.202111181127/tools/bin/../lib/gcc/arm-none-eabi/10.3.1/../../../../arm-none-eabi/lib/thumb/v7-m/nofp\libc_nano.a(lib_a-wsetup.o)
                0x000000000800d43c                __swsetup_r
 .text.__assert_func
                0x000000000800d518       0x3c c:/st/stm32cubeide_1.9.0/stm32cubeide/plugins/com.st.stm32cube.ide.mcu.externaltools.gnu-tools-for-stm32.10.3-2021.10.win32_1.0.0.202111181127/tools/bin/../lib/gcc/arm-none-eabi/10.3.1/../../../../arm-none-eabi/lib/thumb/v7-m/nofp\libc_nano.a(lib_a-assert.o)
                0x000000000800d518                __assert_func
 .text._close_r
                0x000000000800d554       0x20 c:/st/stm32cubeide_1.9.0/stm32cubeide/plugins/com.st.stm32cube.ide.mcu.externaltools.gnu-tools-for-stm32.10.3-2021.10.win32_1.0.0.202111181127/tools/bin/../lib/gcc/arm-none-eabi/10.3.1/../../../../arm-none-eabi/lib/thumb/v7-m/nofp\libc_nano.a(lib_a-closer.o)
                0x000000000800d554                _close_r
 .text.__sflush_r
                0x000000000800d574      0x104 c:/st/stm32cubeide_1.9.0/stm32cubeide/plugins/com.st.stm32cube.ide.mcu.externaltools.gnu-tools-for-stm32.10.3-2021.10.win32_1.0.0.202111181127/tools/bin/../lib/gcc/arm-none-eabi/10.3.1/../../../../arm-none-eabi/lib/thumb/v7-m/nofp\libc_nano.a(lib_a-fflush.o)
                0x000000000800d574                __sflush_r
 .text._fflush_r
                0x000000000800d678       0x78 c:/st/stm32cubeide_1.9.0/stm32cubeide/plugins/com.st.stm32cube.ide.mcu.externaltools.gnu-tools-for-stm32.10.3-2021.10.win32_1.0.0.202111181127/tools/bin/../lib/gcc/arm-none-eabi/10.3.1/../../../../arm-none-eabi/lib/thumb/v7-m/nofp\libc_nano.a(lib_a-fflush.o)
                0x000000000800d678                _fflush_r
 .text.fprintf  0x000000000800d6f0       0x24 c:/st/stm32cubeide_1.9.0/stm32cubeide/plugins/com.st.stm32cube.ide.mcu.externaltools.gnu-tools-for-stm32.10.3-2021.10.win32_1.0.0.202111181127/tools/bin/../lib/gcc/arm-none-eabi/10.3.1/../../../../arm-none-eabi/lib/thumb/v7-m/nofp\libc_nano.a(lib_a-fprintf.o)
                0x000000000800d6f0                fiprintf
                0x000000000800d6f0                fprintf
 .text._lseek_r
                0x000000000800d714       0x24 c:/st/stm32cubeide_1.9.0/stm32cubeide/plugins/com.st.stm32cube.ide.mcu.externaltools.gnu-tools-for-stm32.10.3-2021.10.win32_1.0.0.202111181127/tools/bin/../lib/gcc/arm-none-eabi/10.3.1/../../../../arm-none-eabi/lib/thumb/v7-m/nofp\libc_nano.a(lib_a-lseekr.o)
                0x000000000800d714                _lseek_r
 .text.__swhatbuf_r
                0x000000000800d738       0x4a c:/st/stm32cubeide_1.9.0/stm32cubeide/plugins/com.st.stm32cube.ide.mcu.externaltools.gnu-tools-for-stm32.10.3-2021.10.win32_1.0.0.202111181127/tools/bin/../lib/gcc/arm-none-eabi/10.3.1/../../../../arm-none-eabi/lib/thumb/v7-m/nofp\libc_nano.a(lib_a-makebuf.o)
                0x000000000800d738                __swhatbuf_r
 *fill*         0x000000000800d782        0x2 
 .text.__smakebuf_r
                0x000000000800d784       0x80 c:/st/stm32cubeide_1.9.0/stm32cubeide/plugins/com.st.stm32cube.ide.mcu.externaltools.gnu-tools-for-stm32.10.3-2021.10.win32_1.0.0.202111181127/tools/bin/../lib/gcc/arm-none-eabi/10.3.1/../../../../arm-none-eabi/lib/thumb/v7-m/nofp\libc_nano.a(lib_a-makebuf.o)
                0x000000000800d784                __smakebuf_r
 .text.__ascii_mbtowc
                0x000000000800d804       0x24 c:/st/stm32cubeide_1.9.0/stm32cubeide/plugins/com.st.stm32cube.ide.mcu.externaltools.gnu-tools-for-stm32.10.3-2021.10.win32_1.0.0.202111181127/tools/bin/../lib/gcc/arm-none-eabi/10.3.1/../../../../arm-none-eabi/lib/thumb/v7-m/nofp\libc_nano.a(lib_a-mbtowc_r.o)
                0x000000000800d804                __ascii_mbtowc
 .text.memmove  0x000000000800d828       0x34 c:/st/stm32cubeide_1.9.0/stm32cubeide/plugins/com.st.stm32cube.ide.mcu.externaltools.gnu-tools-for-stm32.10.3-2021.10.win32_1.0.0.202111181127/tools/bin/../lib/gcc/arm-none-eabi/10.3.1/../../../../arm-none-eabi/lib/thumb/v7-m/nofp\libc_nano.a(lib_a-memmove.o)
                0x000000000800d828                memmove
 .text.__malloc_lock
                0x000000000800d85c        0xc c:/st/stm32cubeide_1.9.0/stm32cubeide/plugins/com.st.stm32cube.ide.mcu.externaltools.gnu-tools-for-stm32.10.3-2021.10.win32_1.0.0.202111181127/tools/bin/../lib/gcc/arm-none-eabi/10.3.1/../../../../arm-none-eabi/lib/thumb/v7-m/nofp\libc_nano.a(lib_a-mlock.o)
                0x000000000800d85c                __malloc_lock
 .text.__malloc_unlock
                0x000000000800d868        0xc c:/st/stm32cubeide_1.9.0/stm32cubeide/plugins/com.st.stm32cube.ide.mcu.externaltools.gnu-tools-for-stm32.10.3-2021.10.win32_1.0.0.202111181127/tools/bin/../lib/gcc/arm-none-eabi/10.3.1/../../../../arm-none-eabi/lib/thumb/v7-m/nofp\libc_nano.a(lib_a-mlock.o)
                0x000000000800d868                __malloc_unlock
 .text._realloc_r
                0x000000000800d874       0x5e c:/st/stm32cubeide_1.9.0/stm32cubeide/plugins/com.st.stm32cube.ide.mcu.externaltools.gnu-tools-for-stm32.10.3-2021.10.win32_1.0.0.202111181127/tools/bin/../lib/gcc/arm-none-eabi/10.3.1/../../../../arm-none-eabi/lib/thumb/v7-m/nofp\libc_nano.a(lib_a-nano-reallocr.o)
                0x000000000800d874                _realloc_r
 *fill*         0x000000000800d8d2        0x2 
 .text._read_r  0x000000000800d8d4       0x24 c:/st/stm32cubeide_1.9.0/stm32cubeide/plugins/com.st.stm32cube.ide.mcu.externaltools.gnu-tools-for-stm32.10.3-2021.10.win32_1.0.0.202111181127/tools/bin/../lib/gcc/arm-none-eabi/10.3.1/../../../../arm-none-eabi/lib/thumb/v7-m/nofp\libc_nano.a(lib_a-readr.o)
                0x000000000800d8d4                _read_r
 .text.__ascii_wctomb
                0x000000000800d8f8       0x1a c:/st/stm32cubeide_1.9.0/stm32cubeide/plugins/com.st.stm32cube.ide.mcu.externaltools.gnu-tools-for-stm32.10.3-2021.10.win32_1.0.0.202111181127/tools/bin/../lib/gcc/arm-none-eabi/10.3.1/../../../../arm-none-eabi/lib/thumb/v7-m/nofp\libc_nano.a(lib_a-wctomb_r.o)
                0x000000000800d8f8                __ascii_wctomb
 .text.abort    0x000000000800d912        0xe c:/st/stm32cubeide_1.9.0/stm32cubeide/plugins/com.st.stm32cube.ide.mcu.externaltools.gnu-tools-for-stm32.10.3-2021.10.win32_1.0.0.202111181127/tools/bin/../lib/gcc/arm-none-eabi/10.3.1/../../../../arm-none-eabi/lib/thumb/v7-m/nofp\libc_nano.a(lib_a-abort.o)
                0x000000000800d912                abort
 .text._fstat_r
                0x000000000800d920       0x24 c:/st/stm32cubeide_1.9.0/stm32cubeide/plugins/com.st.stm32cube.ide.mcu.externaltools.gnu-tools-for-stm32.10.3-2021.10.win32_1.0.0.202111181127/tools/bin/../lib/gcc/arm-none-eabi/10.3.1/../../../../arm-none-eabi/lib/thumb/v7-m/nofp\libc_nano.a(lib_a-fstatr.o)
                0x000000000800d920                _fstat_r
 .text._isatty_r
                0x000000000800d944       0x20 c:/st/stm32cubeide_1.9.0/stm32cubeide/plugins/com.st.stm32cube.ide.mcu.externaltools.gnu-tools-for-stm32.10.3-2021.10.win32_1.0.0.202111181127/tools/bin/../lib/gcc/arm-none-eabi/10.3.1/../../../../arm-none-eabi/lib/thumb/v7-m/nofp\libc_nano.a(lib_a-isattyr.o)
                0x000000000800d944                _isatty_r
 .text._malloc_usable_size_r
                0x000000000800d964       0x10 c:/st/stm32cubeide_1.9.0/stm32cubeide/plugins/com.st.stm32cube.ide.mcu.externaltools.gnu-tools-for-stm32.10.3-2021.10.win32_1.0.0.202111181127/tools/bin/../lib/gcc/arm-none-eabi/10.3.1/../../../../arm-none-eabi/lib/thumb/v7-m/nofp\libc_nano.a(lib_a-nano-msizer.o)
                0x000000000800d964                _malloc_usable_size_r
 .text._raise_r
                0x000000000800d974       0x50 c:/st/stm32cubeide_1.9.0/stm32cubeide/plugins/com.st.stm32cube.ide.mcu.externaltools.gnu-tools-for-stm32.10.3-2021.10.win32_1.0.0.202111181127/tools/bin/../lib/gcc/arm-none-eabi/10.3.1/../../../../arm-none-eabi/lib/thumb/v7-m/nofp\libc_nano.a(lib_a-signal.o)
                0x000000000800d974                _raise_r
 .text.raise    0x000000000800d9c4       0x10 c:/st/stm32cubeide_1.9.0/stm32cubeide/plugins/com.st.stm32cube.ide.mcu.externaltools.gnu-tools-for-stm32.10.3-2021.10.win32_1.0.0.202111181127/tools/bin/../lib/gcc/arm-none-eabi/10.3.1/../../../../arm-none-eabi/lib/thumb/v7-m/nofp\libc_nano.a(lib_a-signal.o)
                0x000000000800d9c4                raise
 .text._kill_r  0x000000000800d9d4       0x24 c:/st/stm32cubeide_1.9.0/stm32cubeide/plugins/com.st.stm32cube.ide.mcu.externaltools.gnu-tools-for-stm32.10.3-2021.10.win32_1.0.0.202111181127/tools/bin/../lib/gcc/arm-none-eabi/10.3.1/../../../../arm-none-eabi/lib/thumb/v7-m/nofp\libc_nano.a(lib_a-signalr.o)
                0x000000000800d9d4                _kill_r
 .text._getpid_r
                0x000000000800d9f8        0x4 c:/st/stm32cubeide_1.9.0/stm32cubeide/plugins/com.st.stm32cube.ide.mcu.externaltools.gnu-tools-for-stm32.10.3-2021.10.win32_1.0.0.202111181127/tools/bin/../lib/gcc/arm-none-eabi/10.3.1/../../../../arm-none-eabi/lib/thumb/v7-m/nofp\libc_nano.a(lib_a-signalr.o)
                0x000000000800d9f8                _getpid_r
 *(.glue_7)
 .glue_7        0x000000000800d9fc        0x0 linker stubs
 *(.glue_7t)
 .glue_7t       0x000000000800d9fc        0x0 linker stubs
 *(.eh_frame)
 .eh_frame      0x000000000800d9fc        0x0 c:/st/stm32cubeide_1.9.0/stm32cubeide/plugins/com.st.stm32cube.ide.mcu.externaltools.gnu-tools-for-stm32.10.3-2021.10.win32_1.0.0.202111181127/tools/bin/../lib/gcc/arm-none-eabi/10.3.1/thumb/v7-m/nofp/crtbegin.o
 *(.init)
 .init          0x000000000800d9fc        0x4 c:/st/stm32cubeide_1.9.0/stm32cubeide/plugins/com.st.stm32cube.ide.mcu.externaltools.gnu-tools-for-stm32.10.3-2021.10.win32_1.0.0.202111181127/tools/bin/../lib/gcc/arm-none-eabi/10.3.1/thumb/v7-m/nofp/crti.o
                0x000000000800d9fc                _init
 .init          0x000000000800da00        0x8 c:/st/stm32cubeide_1.9.0/stm32cubeide/plugins/com.st.stm32cube.ide.mcu.externaltools.gnu-tools-for-stm32.10.3-2021.10.win32_1.0.0.202111181127/tools/bin/../lib/gcc/arm-none-eabi/10.3.1/thumb/v7-m/nofp/crtn.o
 *(.fini)
 .fini          0x000000000800da08        0x4 c:/st/stm32cubeide_1.9.0/stm32cubeide/plugins/com.st.stm32cube.ide.mcu.externaltools.gnu-tools-for-stm32.10.3-2021.10.win32_1.0.0.202111181127/tools/bin/../lib/gcc/arm-none-eabi/10.3.1/thumb/v7-m/nofp/crti.o
                0x000000000800da08                _fini
 .fini          0x000000000800da0c        0x8 c:/st/stm32cubeide_1.9.0/stm32cubeide/plugins/com.st.stm32cube.ide.mcu.externaltools.gnu-tools-for-stm32.10.3-2021.10.win32_1.0.0.202111181127/tools/bin/../lib/gcc/arm-none-eabi/10.3.1/thumb/v7-m/nofp/crtn.o
                0x000000000800da14                . = ALIGN (0x4)
                0x000000000800da14                _etext = .

.vfp11_veneer   0x000000000800da14        0x0
 .vfp11_veneer  0x000000000800da14        0x0 linker stubs

.v4_bx          0x000000000800da14        0x0
 .v4_bx         0x000000000800da14        0x0 linker stubs

.iplt           0x000000000800da14        0x0
 .iplt          0x000000000800da14        0x0 c:/st/stm32cubeide_1.9.0/stm32cubeide/plugins/com.st.stm32cube.ide.mcu.externaltools.gnu-tools-for-stm32.10.3-2021.10.win32_1.0.0.202111181127/tools/bin/../lib/gcc/arm-none-eabi/10.3.1/thumb/v7-m/nofp/crtbegin.o

.rodata         0x000000000800da18      0x5a4
                0x000000000800da18                . = ALIGN (0x4)
 *(.rodata)
 .rodata        0x000000000800da18       0x30 ./Application/User/Core/main.o
 .rodata        0x000000000800da48       0x46 ./Application/User/USB_DEVICE/App/usbd_desc.o
 *fill*         0x000000000800da8e        0x2 
 .rodata        0x000000000800da90       0x10 ./Drivers/STM32F1xx_HAL_Driver/stm32f1xx_hal_rcc.o
 .rodata        0x000000000800daa0       0x35 ./Middlewares/USB_Device_Library/usbd_core.o
 *(.rodata*)
 *fill*         0x000000000800dad5        0x3 
 .rodata.all_notes
                0x000000000800dad8       0xfc ./Application/User/Core/main.o
                0x000000000800dad8                all_notes
 .rodata.AHBPrescTable
                0x000000000800dbd4       0x10 ./Drivers/CMSIS/system_stm32f1xx.o
                0x000000000800dbd4                AHBPrescTable
 .rodata._global_impure_ptr
                0x000000000800dbe4        0x4 c:/st/stm32cubeide_1.9.0/stm32cubeide/plugins/com.st.stm32cube.ide.mcu.externaltools.gnu-tools-for-stm32.10.3-2021.10.win32_1.0.0.202111181127/tools/bin/../lib/gcc/arm-none-eabi/10.3.1/../../../../arm-none-eabi/lib/thumb/v7-m/nofp\libc_nano.a(lib_a-impure.o)
                0x000000000800dbe4                _global_impure_ptr
 .rodata._printf_float.str1.1
                0x000000000800dbe8       0x12 c:/st/stm32cubeide_1.9.0/stm32cubeide/plugins/com.st.stm32cube.ide.mcu.externaltools.gnu-tools-for-stm32.10.3-2021.10.win32_1.0.0.202111181127/tools/bin/../lib/gcc/arm-none-eabi/10.3.1/../../../../arm-none-eabi/lib/thumb/v7-m/nofp\libc_nano.a(lib_a-nano-vfprintf_float.o)
 .rodata._printf_i.str1.1
                0x000000000800dbfa       0x22 c:/st/stm32cubeide_1.9.0/stm32cubeide/plugins/com.st.stm32cube.ide.mcu.externaltools.gnu-tools-for-stm32.10.3-2021.10.win32_1.0.0.202111181127/tools/bin/../lib/gcc/arm-none-eabi/10.3.1/../../../../arm-none-eabi/lib/thumb/v7-m/nofp\libc_nano.a(lib_a-nano-vfprintf_i.o)
 .rodata._dtoa_r.str1.1
                0x000000000800dc1c       0x90 c:/st/stm32cubeide_1.9.0/stm32cubeide/plugins/com.st.stm32cube.ide.mcu.externaltools.gnu-tools-for-stm32.10.3-2021.10.win32_1.0.0.202111181127/tools/bin/../lib/gcc/arm-none-eabi/10.3.1/../../../../arm-none-eabi/lib/thumb/v7-m/nofp\libc_nano.a(lib_a-dtoa.o)
                                         0x92 (size before relaxing)
 .rodata.__sf_fake_stderr
                0x000000000800dcac       0x20 c:/st/stm32cubeide_1.9.0/stm32cubeide/plugins/com.st.stm32cube.ide.mcu.externaltools.gnu-tools-for-stm32.10.3-2021.10.win32_1.0.0.202111181127/tools/bin/../lib/gcc/arm-none-eabi/10.3.1/../../../../arm-none-eabi/lib/thumb/v7-m/nofp\libc_nano.a(lib_a-findfp.o)
                0x000000000800dcac                __sf_fake_stderr
 .rodata.__sf_fake_stdin
                0x000000000800dccc       0x20 c:/st/stm32cubeide_1.9.0/stm32cubeide/plugins/com.st.stm32cube.ide.mcu.externaltools.gnu-tools-for-stm32.10.3-2021.10.win32_1.0.0.202111181127/tools/bin/../lib/gcc/arm-none-eabi/10.3.1/../../../../arm-none-eabi/lib/thumb/v7-m/nofp\libc_nano.a(lib_a-findfp.o)
                0x000000000800dccc                __sf_fake_stdin
 .rodata.__sf_fake_stdout
                0x000000000800dcec       0x20 c:/st/stm32cubeide_1.9.0/stm32cubeide/plugins/com.st.stm32cube.ide.mcu.externaltools.gnu-tools-for-stm32.10.3-2021.10.win32_1.0.0.202111181127/tools/bin/../lib/gcc/arm-none-eabi/10.3.1/../../../../arm-none-eabi/lib/thumb/v7-m/nofp\libc_nano.a(lib_a-findfp.o)
                0x000000000800dcec                __sf_fake_stdout
 .rodata._Balloc.str1.1
                0x000000000800dd0c       0x5c c:/st/stm32cubeide_1.9.0/stm32cubeide/plugins/com.st.stm32cube.ide.mcu.externaltools.gnu-tools-for-stm32.10.3-2021.10.win32_1.0.0.202111181127/tools/bin/../lib/gcc/arm-none-eabi/10.3.1/../../../../arm-none-eabi/lib/thumb/v7-m/nofp\libc_nano.a(lib_a-mprec.o)
                                         0x73 (size before relaxing)
 .rodata.__multadd.str1.1
                0x000000000800dd68       0x11 c:/st/stm32cubeide_1.9.0/stm32cubeide/plugins/com.st.stm32cube.ide.mcu.externaltools.gnu-tools-for-stm32.10.3-2021.10.win32_1.0.0.202111181127/tools/bin/../lib/gcc/arm-none-eabi/10.3.1/../../../../arm-none-eabi/lib/thumb/v7-m/nofp\libc_nano.a(lib_a-mprec.o)
 .rodata.__mprec_bigtens
                0x000000000800dd68       0x28 c:/st/stm32cubeide_1.9.0/stm32cubeide/plugins/com.st.stm32cube.ide.mcu.externaltools.gnu-tools-for-stm32.10.3-2021.10.win32_1.0.0.202111181127/tools/bin/../lib/gcc/arm-none-eabi/10.3.1/../../../../arm-none-eabi/lib/thumb/v7-m/nofp\libc_nano.a(lib_a-mprec.o)
                0x000000000800dd68                __mprec_bigtens
 .rodata.__mprec_tens
                0x000000000800dd90       0xc8 c:/st/stm32cubeide_1.9.0/stm32cubeide/plugins/com.st.stm32cube.ide.mcu.externaltools.gnu-tools-for-stm32.10.3-2021.10.win32_1.0.0.202111181127/tools/bin/../lib/gcc/arm-none-eabi/10.3.1/../../../../arm-none-eabi/lib/thumb/v7-m/nofp\libc_nano.a(lib_a-mprec.o)
                0x000000000800dd90                __mprec_tens
 .rodata.p05.0  0x000000000800de58        0xc c:/st/stm32cubeide_1.9.0/stm32cubeide/plugins/com.st.stm32cube.ide.mcu.externaltools.gnu-tools-for-stm32.10.3-2021.10.win32_1.0.0.202111181127/tools/bin/../lib/gcc/arm-none-eabi/10.3.1/../../../../arm-none-eabi/lib/thumb/v7-m/nofp\libc_nano.a(lib_a-mprec.o)
 .rodata._svfprintf_r.str1.1
                0x000000000800de64       0x11 c:/st/stm32cubeide_1.9.0/stm32cubeide/plugins/com.st.stm32cube.ide.mcu.externaltools.gnu-tools-for-stm32.10.3-2021.10.win32_1.0.0.202111181127/tools/bin/../lib/gcc/arm-none-eabi/10.3.1/../../../../arm-none-eabi/lib/thumb/v7-m/nofp\libc_nano.a(lib_a-nano-svfprintf.o)
 .rodata._vfprintf_r.str1.1
                0x000000000800de75       0x11 c:/st/stm32cubeide_1.9.0/stm32cubeide/plugins/com.st.stm32cube.ide.mcu.externaltools.gnu-tools-for-stm32.10.3-2021.10.win32_1.0.0.202111181127/tools/bin/../lib/gcc/arm-none-eabi/10.3.1/../../../../arm-none-eabi/lib/thumb/v7-m/nofp\libc_nano.a(lib_a-nano-vfprintf.o)
 .rodata.__assert_func.str1.1
                0x000000000800de75       0x3c c:/st/stm32cubeide_1.9.0/stm32cubeide/plugins/com.st.stm32cube.ide.mcu.externaltools.gnu-tools-for-stm32.10.3-2021.10.win32_1.0.0.202111181127/tools/bin/../lib/gcc/arm-none-eabi/10.3.1/../../../../arm-none-eabi/lib/thumb/v7-m/nofp\libc_nano.a(lib_a-assert.o)
                                         0x3d (size before relaxing)
 .rodata._setlocale_r.str1.1
                0x000000000800deb1        0x8 c:/st/stm32cubeide_1.9.0/stm32cubeide/plugins/com.st.stm32cube.ide.mcu.externaltools.gnu-tools-for-stm32.10.3-2021.10.win32_1.0.0.202111181127/tools/bin/../lib/gcc/arm-none-eabi/10.3.1/../../../../arm-none-eabi/lib/thumb/v7-m/nofp\libc_nano.a(lib_a-locale.o)
                                          0x9 (size before relaxing)
 .rodata.str1.1