Archive member included to satisfy reference by file (symbol)

c:/st/stm32cubeide_1.9.0/stm32cubeide/plugins/com.st.stm32cube.ide.mcu.externaltools.gnu-tools-for-stm32.10.3-2021.10.win32_1.0.0.202111181127/tools/bin/../lib/gcc/arm-none-eabi/10.3.1/../../../../arm-none-eabi/lib/thumb/v7-m/nofp\libc_nano.a(lib_a-errno.o)
                              ./Application/User/Core/syscalls.o (__errno)
c:/st/stm32cubeide_1.9.0/stm32cubeide/plugins/com.st.stm32cube.ide.mcu.externaltools.gnu-tools-for-stm32.10.3-2021.10.win32_1.0.0.202111181127/tools/bin/../lib/gcc/arm-none-eabi/10.3.1/../../../../arm-none-eabi/lib/thumb/v7-m/nofp\libc_nano.a(lib_a-exit.o)
                              c:/st/stm32cubeide_1.9.0/stm32cubeide/plugins/com.st.stm32cube.ide.mcu.externaltools.gnu-tools-for-stm32.10.3-2021.10.win32_1.0.0.202111181127/tools/bin/../lib/gcc/arm-none-eabi/10.3.1/../../../../arm-none-eabi/lib/thumb/v7-m/nofp/crt0.o (exit)
c:/st/stm32cubeide_1.9.0/stm32cubeide/plugins/com.st.stm32cube.ide.mcu.externaltools.gnu-tools-for-stm32.10.3-2021.10.win32_1.0.0.202111181127/tools/bin/../lib/gcc/arm-none-eabi/10.3.1/../../../../arm-none-eabi/lib/thumb/v7-m/nofp\libc_nano.a(lib_a-impure.o)
                              c:/st/stm32cubeide_1.9.0/stm32cubeide/plugins/com.st.stm32cube.ide.mcu.externaltools.gnu-tools-for-stm32.10.3-2021.10.win32_1.0.0.202111181127/tools/bin/../lib/gcc/arm-none-eabi/10.3.1/../../../../arm-none-eabi/lib/thumb/v7-m/nofp\libc_nano.a(lib_a-exit.o) (_global_impure_ptr)
c:/st/stm32cubeide_1.9.0/stm32cubeide/plugins/com.st.stm32cube.ide.mcu.externaltools.gnu-tools-for-stm32.10.3-2021.10.win32_1.0.0.202111181127/tools/bin/../lib/gcc/arm-none-eabi/10.3.1/../../../../arm-none-eabi/lib/thumb/v7-m/nofp\libc_nano.a(lib_a-init.o)
                              c:/st/stm32cubeide_1.9.0/stm32cubeide/plugins/com.st.stm32cube.ide.mcu.externaltools.gnu-tools-for-stm32.10.3-2021.10.win32_1.0.0.202111181127/tools/bin/../lib/gcc/arm-none-eabi/10.3.1/../../../../arm-none-eabi/lib/thumb/v7-m/nofp/crt0.o (__libc_init_array)
c:/st/stm32cubeide_1.9.0/stm32cubeide/plugins/com.st.stm32cube.ide.mcu.externaltools.gnu-tools-for-stm32.10.3-2021.10.win32_1.0.0.202111181127/tools/bin/../lib/gcc/arm-none-eabi/10.3.1/../../../../arm-none-eabi/lib/thumb/v7-m/nofp\libc_nano.a(lib_a-memset.o)
                              c:/st/stm32cubeide_1.9.0/stm32cubeide/plugins/com.st.stm32cube.ide.mcu.externaltools.gnu-tools-for-stm32.10.3-2021.10.win32_1.0.0.202111181127/tools/bin/../lib/gcc/arm-none-eabi/10.3.1/../../../../arm-none-eabi/lib/thumb/v7-m/nofp/crt0.o (memset)
c:/st/stm32cubeide_1.9.0/stm32cubeide/plugins/com.st.stm32cube.ide.mcu.externaltools.gnu-tools-for-stm32.10.3-2021.10.win32_1.0.0.202111181127/tools/bin/../lib/gcc/arm-none-eabi/10.3.1/../../../../arm-none-eabi/lib/thumb/v7-m/nofp\libc_nano.a(lib_a-printf.o)
                              ./Middlewares/USB_Device_Library/usbd_core.o (printf)
c:/st/stm32cubeide_1.9.0/stm32cubeide/plugins/com.st.stm32cube.ide.mcu.externaltools.gnu-tools-for-stm32.10.3-2021.10.win32_1.0.0.202111181127/tools/bin/../lib/gcc/arm-none-eabi/10.3.1/../../../../arm-none-eabi/lib/thumb/v7-m/nofp\libc_nano.a(lib_a-putchar.o)
                              ./Middlewares/USB_Device_Library/usbd_core.o (putchar)
c:/st/stm32cubeide_1.9.0/stm32cubeide/plugins/com.st.stm32cube.ide.mcu.externaltools.gnu-tools-for-stm32.10.3-2021.10.win32_1.0.0.202111181127/tools/bin/../lib/gcc/arm-none-eabi/10.3.1/../../../../arm-none-eabi/lib/thumb/v7-m/nofp\libc_nano.a(lib_a-sprintf.o)
                              ./Application/User/Core/main.o (sprintf)
c:/st/stm32cubeide_1.9.0/stm32cubeide/plugins/com.st.stm32cube.ide.mcu.externaltools.gnu-tools-for-stm32.10.3-2021.10.win32_1.0.0.202111181127/tools/bin/../lib/gcc/arm-none-eabi/10.3.1/../../../../arm-none-eabi/lib/thumb/v7-m/nofp\libc_nano.a(lib_a-strlen.o)
                              ./Application/User/Core/main.o (strlen)
c:/st/stm32cubeide_1.9.0/stm32cubeide/plugins/com.st.stm32cube.ide.mcu.externaltools.gnu-tools-for-stm32.10.3-2021.10.win32_1.0.0.202111181127/tools/bin/../lib/gcc/arm-none-eabi/10.3.1/../../../../arm-none-eabi/lib/thumb/v7-m/nofp\libc_nano.a(lib_a-findfp.o)
                              c:/st/stm32cubeide_1.9.0/stm32cubeide/plugins/com.st.stm32cube.ide.mcu.externaltools.gnu-tools-for-stm32.10.3-2021.10.win32_1.0.0.202111181127/tools/bin/../lib/gcc/arm-none-eabi/10.3.1/../../../../arm-none-eabi/lib/thumb/v7-m/nofp\libc_nano.a(lib_a-printf.o) (__sinit)
c:/st/stm32cubeide_1.9.0/stm32cubeide/plugins/com.st.stm32cube.ide.mcu.externaltools.gnu-tools-for-stm32.10.3-2021.10.win32_1.0.0.202111181127/tools/bin/../lib/gcc/arm-none-eabi/10.3.1/../../../../arm-none-eabi/lib/thumb/v7-m/nofp\libc_nano.a(lib_a-fwalk.o)
[...]
Memory Configuration

Name             Origin             Length             Attributes
RAM              0x0000000020000000 0x0000000000005000 xrw
FLASH            0x0000000008000000 0x0000000000010000 xr
*default*        0x0000000000000000 0xffffffffffffffff

Linker script and memory map

LOAD c:/st/stm32cubeide_1.9.0/stm32cubeide/plugins/com.st.stm32cube.ide.mcu.externaltools.gnu-tools-for-stm32.10.3-2021.10.win32_1.0.0.202111181127/tools/bin/../lib/gcc/arm-none-eabi/10.3.1/thumb/v7-m/nofp/crti.o
LOAD c:/st/stm32cubeide_1.9.0/stm32cubeide/plugins/com.st.stm32cube.ide.mcu.externaltools.gnu-tools-for-stm32.10.3-2021.10.win32_1.0.0.202111181127/tools/bin/../lib/gcc/arm-none-eabi/10.3.1/thumb/v7-m/nofp/crtbegin.o
LOAD c:/st/stm32cubeide_1.9.0/stm32cubeide/plugins/com.st.stm32cube.ide.mcu.externaltools.gnu-tools-for-stm32.10.3-2021.10.win32_1.0.0.202111181127/tools/bin/../lib/gcc/arm-none-eabi/10.3.1/../../../../arm-none-eabi/lib/thumb/v7-m/nofp/crt0.o
LOAD ./Application/User/Core/main.o
LOAD ./Application/User/Core/stm32f1xx_hal_msp.o
LOAD ./Application/User/Core/stm32f1xx_it.o
LOAD ./Application/User/Core/syscalls.o
LOAD ./Application/User/Core/sysmem.o
LOAD ./Application/User/Startup/startup_stm32f103c8tx.o
LOAD ./Application/User/USB_DEVICE/App/usb_device.o
LOAD ./Application/User/USB_DEVICE/App/usbd_cdc_if.o
LOAD ./Application/User/USB_DEVICE/App/usbd_desc.o
LOAD ./Application/User/USB_DEVICE/Target/usbd_conf.o
LOAD ./Drivers/CMSIS/system_stm32f1xx.o
LOAD ./Drivers/STM32F1xx_HAL_Driver/stm32f1xx_hal.o
LOAD ./Drivers/STM32F1xx_HAL_Driver/stm32f1xx_hal_cortex.o
LOAD ./Drivers/STM32F1xx_HAL_Driver/stm32f1xx_hal_dma.o
LOAD ./Drivers/STM32F1xx_HAL_Driver/stm32f1xx_hal_exti.o
LOAD ./Drivers/STM32F1xx_HAL_Driver/stm32f1xx_hal_flash.o
LOAD ./Drivers/STM32F1xx_HAL_Driver/stm32f1xx_hal_flash_ex.o
LOAD ./Drivers/STM32F1xx_HAL_Driver/stm32f1xx_hal_gpio.o
LOAD ./Drivers/STM32F1xx_HAL_Driver/stm32f1xx_hal_gpio_ex.o
LOAD ./Drivers/STM32F1xx_HAL_Driver/stm32f1xx_hal_pcd.o
LOAD ./Drivers/STM32F1xx_HAL_Driver/stm32f1xx_hal_pcd_ex.o
LOAD ./Drivers/STM32F1xx_HAL_Driver/stm32f1xx_hal_pwr.o
LOAD ./Drivers/STM32F1xx_HAL_Driver/stm32f1xx_hal_rcc.o
LOAD ./Drivers/STM32F1xx_HAL_Driver/stm32f1xx_hal_rcc_ex.o
LOAD ./Drivers/STM32F1xx_HAL_Driver/stm32f1xx_hal_tim.o
LOAD ./Drivers/STM32F1xx_HAL_Driver/stm32f1xx_hal_tim_ex.o
LOAD ./Drivers/STM32F1xx_HAL_Driver/stm32f1xx_ll_usb.o
LOAD ./Middlewares/USB_Device_Library/usbd_cdc.o
LOAD ./Middlewares/USB_Device_Library/usbd_core.o
LOAD ./Middlewares/USB_Device_Library/usbd_ctlreq.o
LOAD ./Middlewares/USB_Device_Library/usbd_ioreq.o
START GROUP
LOAD c:/st/stm32cubeide_1.9.0/stm32cubeide/plugins/com.st.stm32cube.ide.mcu.externaltools.gnu-tools-for-stm32.10.3-2021.10.win32_1.0.0.202111181127/tools/bin/../lib/gcc/arm-none-eabi/10.3.1/../../../../arm-none-eabi/lib/thumb/v7-m/nofp\libc_nano.a
LOAD c:/st/stm32cubeide_1.9.0/stm32cubeide/plugins/com.st.stm32cube.ide.mcu.externaltools.gnu-tools-for-stm32.10.3-2021.10.win32_1.0.0.202111181127/tools/bin/../lib/gcc/arm-none-eabi/10.3.1/../../../../arm-none-eabi/lib/thumb/v7-m/nofp\libm.a
END GROUP
START GROUP
LOAD c:/st/stm32cubeide_1.9.0/stm32cubeide/plugins/com.st.stm32cube.ide.mcu.externaltools.gnu-tools-for-stm32.10.3-2021.10.win32_1.0.0.202111181127/tools/bin/../lib/gcc/arm-none-eabi/10.3.1/thumb/v7-m/nofp\libgcc.a
LOAD c:/st/stm32cubeide_1.9.0/stm32cubeide/plugins/com.st.stm32cube.ide.mcu.externaltools.gnu-tools-for-stm32.10.3-2021.10.win32_1.0.0.202111181127/tools/bin/../lib/gcc/arm-none-eabi/10.3.1/../../../../arm-none-eabi/lib/thumb/v7-m/nofp\libc_nano.a
END GROUP
START GROUP
LOAD c:/st/stm32cubeide_1.9.0/stm32cubeide/plugins/com.st.stm32cube.ide.mcu.externaltools.gnu-tools-for-stm32.10.3-2021.10.win32_1.0.0.202111181127/tools/bin/../lib/gcc/arm-none-eabi/10.3.1/thumb/v7-m/nofp\libgcc.a
LOAD c:/st/stm32cubeide_1.9.0/stm32cubeide/plugins/com.st.stm32cube.ide.mcu.externaltools.gnu-tools-for-stm32.10.3-2021.10.win32_1.0.0.202111181127/tools/bin/../lib/gcc/arm-none-eabi/10.3.1/../../../../arm-none-eabi/lib/thumb/v7-m/nofp\libc_nano.a
LOAD c:/st/stm32cubeide_1.9.0/stm32cubeide/plugins/com.st.stm32cube.ide.mcu.externaltools.gnu-tools-for-stm32.10.3-2021.10.win32_1.0.0.202111181127/tools/bin/../lib/gcc/arm-none-eabi/10.3.1/../../../../arm-none-eabi/lib/thumb/v7-m/nofp\libnosys.a
END GROUP
START GROUP
LOAD c:/st/stm32cubeide_1.9.0/stm32cubeide/plugins/com.st.stm32cube.ide.mcu.externaltools.gnu-tools-for-stm32.10.3-2021.10.win32_1.0.0.202111181127/tools/bin/../lib/gcc/arm-none-eabi/10.3.1/thumb/v7-m/nofp\libgcc.a
LOAD c:/st/stm32cubeide_1.9.0/stm32cubeide/plugins/com.st.stm32cube.ide.mcu.externaltools.gnu-tools-for-stm32.10.3-2021.10.win32_1.0.0.202111181127/tools/bin/../lib/gcc/arm-none-eabi/10.3.1/../../../../arm-none-eabi/lib/thumb/v7-m/nofp\libc_nano.a
LOAD c:/st/stm32cubeide_1.9.0/stm32cubeide/plugins/com.st.stm32cube.ide.mcu.externaltools.gnu-tools-for-stm32.10.3-2021.10.win32_1.0.0.202111181127/tools/bin/../lib/gcc/arm-none-eabi/10.3.1/../../../../arm-none-eabi/lib/thumb/v7-m/nofp\libnosys.a
END GROUP
LOAD c:/st/stm32cubeide_1.9.0/stm32cubeide/plugins/com.st.stm32cube.ide.mcu.externaltools.gnu-tools-for-stm32.10.3-2021.10.win32_1.0.0.202111181127/tools/bin/../lib/gcc/arm-none-eabi/10.3.1/thumb/v7-m/nofp/crtend.o
LOAD c:/st/stm32cubeide_1.9.0/stm32cubeide/plugins/com.st.stm32cube.ide.mcu.externaltools.gnu-tools-for-stm32.10.3-2021.10.win32_1.0.0.202111181127/tools/bin/../lib/gcc/arm-none-eabi/10.3.1/thumb/v7-m/nofp/crtn.o
                0x0000000020005000                _estack = (ORIGIN (RAM) + LENGTH (RAM))
                0x0000000000000200                _Min_Heap_Size = 0x200
                0x0000000000000400                _Min_Stack_Size = 0x400

.isr_vector     0x0000000008000000      0x10c
                0x0000000008000000                . = ALIGN (0x4)
 *(.isr_vector)
 .isr_vector    0x0000000008000000      0x10c ./Application/User/Startup/startup_stm32f103c8tx.o
                0x0000000008000000                g_pfnVectors
                0x000000000800010c                . = ALIGN (0x4)

.text           0x000000000800010c     0x5d58
                0x000000000800010c                . = ALIGN (0x4)
 *(.text)
 .text          0x000000000800010c       0x40 c:/st/stm32cubeide_1.9.0/stm32cubeide/plugins/com.st.stm32cube.ide.mcu.externaltools.gnu-tools-for-stm32.10.3-2021.10.win32_1.0.0.202111181127/tools/bin/../lib/gcc/arm-none-eabi/10.3.1/thumb/v7-m/nofp/crtbegin.o
 .text          0x000000000800014c       0x10 c:/st/stm32cubeide_1.9.0/stm32cubeide/plugins/com.st.stm32cube.ide.mcu.externaltools.gnu-tools-for-stm32.10.3-2021.10.win32_1.0.0.202111181127/tools/bin/../lib/gcc/arm-none-eabi/10.3.1/../../../../arm-none-eabi/lib/thumb/v7-m/nofp\libc_nano.a(lib_a-strlen.o)
                0x000000000800014c                strlen
 .text          0x000000000800015c      0x378 c:/st/stm32cubeide_1.9.0/stm32cubeide/plugins/com.st.stm32cube.ide.mcu.externaltools.gnu-tools-for-stm32.10.3-2021.10.win32_1.0.0.202111181127/tools/bin/../lib/gcc/arm-none-eabi/10.3.1/thumb/v7-m/nofp\libgcc.a(_arm_addsubdf3.o)
                0x000000000800015c                __aeabi_drsub
                0x0000000008000164                __aeabi_dsub
                0x0000000008000164                __subdf3
                0x0000000008000168                __aeabi_dadd
                0x0000000008000168                __adddf3
                0x00000000080003e0                __floatunsidf
                0x00000000080003e0                __aeabi_ui2d
                0x0000000008000400                __floatsidf
                0x0000000008000400                __aeabi_i2d
                0x0000000008000424                __aeabi_f2d
                0x0000000008000424                __extendsfdf2
                0x0000000008000468                __floatundidf
                0x0000000008000468                __aeabi_ul2d
                0x0000000008000478                __floatdidf
                0x0000000008000478                __aeabi_l2d
 .text          0x00000000080004d4      0x21c c:/st/stm32cubeide_1.9.0/stm32cubeide/plugins/com.st.stm32cube.ide.mcu.externaltools.gnu-tools-for-stm32.10.3-2021.10.win32_1.0.0.202111181127/tools/bin/../lib/gcc/arm-none-eabi/10.3.1/thumb/v7-m/nofp\libgcc.a(_arm_addsubsf3.o)
                0x00000000080004d4                __aeabi_frsub
                0x00000000080004dc                __subsf3
                0x00000000080004dc                __aeabi_fsub
                0x00000000080004e0                __aeabi_fadd
                0x00000000080004e0                __addsf3
                0x0000000008000640                __aeabi_ui2f
                0x0000000008000640                __floatunsisf
                0x0000000008000648                __aeabi_i2f
                0x0000000008000648                __floatsisf
                0x0000000008000664                __aeabi_ul2f
                0x0000000008000664                __floatundisf
                0x0000000008000674                __aeabi_l2f
                0x0000000008000674                __floatdisf
 .text          0x00000000080006f0      0x2a0 c:/st/stm32cubeide_1.9.0/stm32cubeide/plugins/com.st.stm32cube.ide.mcu.externaltools.gnu-tools-for-stm32.10.3-2021.10.win32_1.0.0.202111181127/tools/bin/../lib/gcc/arm-none-eabi/10.3.1/thumb/v7-m/nofp\libgcc.a(_arm_muldivsf3.o)
                0x00000000080006f0                __mulsf3
                0x00000000080006f0                __aeabi_fmul
                0x0000000008000858                __aeabi_fdiv
                0x0000000008000858                __divsf3
 .text          0x0000000008000990       0x4c c:/st/stm32cubeide_1.9.0/stm32cubeide/plugins/com.st.stm32cube.ide.mcu.externaltools.gnu-tools-for-stm32.10.3-2021.10.win32_1.0.0.202111181127/tools/bin/../lib/gcc/arm-none-eabi/10.3.1/thumb/v7-m/nofp\libgcc.a(_arm_fixsfsi.o)
                0x0000000008000990                __aeabi_f2iz
                0x0000000008000990                __fixsfsi
 *(.text*)
 .text.SystemClock_Config
                0x00000000080009dc       0x7c ./Application/User/Core/main.o
                0x00000000080009dc                SystemClock_Config
 .text.print_to_com_port
                0x0000000008000a58       0x40 ./Application/User/Core/main.o
                0x0000000008000a58                print_to_com_port
 .text.vol_calibrate_antenna
                0x0000000008000a98       0x40 ./Application/User/Core/main.o
                0x0000000008000a98                vol_calibrate_antenna
 .text.vol_play_hw
                0x0000000008000ad8       0x14 ./Application/User/Core/main.o
                0x0000000008000ad8                vol_play_hw
 .text.vol_play
                0x0000000008000aec       0x64 ./Application/User/Core/main.o
                0x0000000008000aec                vol_play
 .text.startup.main
                0x0000000008000b50      0x2c0 ./Application/User/Core/main.o
                0x0000000008000b50                main
 .text.HAL_TIM_IC_CaptureCallback
                0x0000000008000e10       0x98 ./Application/User/Core/main.o
                0x0000000008000e10                HAL_TIM_IC_CaptureCallback
 .text.Error_Handler
                0x0000000008000ea8        0x4 ./Application/User/Core/main.o
                0x0000000008000ea8                Error_Handler
 .text.HAL_MspInit
                0x0000000008000eac       0x64 ./Application/User/Core/stm32f1xx_hal_msp.o
                0x0000000008000eac                HAL_MspInit
 .text.HAL_TIM_Base_MspInit
                0x0000000008000f10      0x110 ./Application/User/Core/stm32f1xx_hal_msp.o
                0x0000000008000f10                HAL_TIM_Base_MspInit
 .text.HAL_TIM_MspPostInit
                0x0000000008001020       0x4c ./Application/User/Core/stm32f1xx_hal_msp.o
                0x0000000008001020                HAL_TIM_MspPostInit
 .text.NMI_Handler
                0x000000000800106c        0x2 ./Application/User/Core/stm32f1xx_it.o
                0x000000000800106c                NMI_Handler
 .text.HardFault_Handler
                0x000000000800106e        0x2 ./Application/User/Core/stm32f1xx_it.o
                0x000000000800106e                HardFault_Handler
 .text.MemManage_Handler
                0x0000000008001070        0x2 ./Application/User/Core/stm32f1xx_it.o
                0x0000000008001070                MemManage_Handler
 .text.BusFault_Handler
                0x0000000008001072        0x2 ./Application/User/Core/stm32f1xx_it.o
                0x0000000008001072                BusFault_Handler
 .text.UsageFault_Handler
                0x0000000008001074        0x2 ./Application/User/Core/stm32f1xx_it.o
                0x0000000008001074                UsageFault_Handler
 .text.SVC_Handler
                0x0000000008001076        0x2 ./Application/User/Core/stm32f1xx_it.o
                0x0000000008001076                SVC_Handler
 .text.DebugMon_Handler
                0x0000000008001078        0x2 ./Application/User/Core/stm32f1xx_it.o
                0x0000000008001078                DebugMon_Handler
 .text.PendSV_Handler
                0x000000000800107a        0x2 ./Application/User/Core/stm32f1xx_it.o
                0x000000000800107a                PendSV_Handler
 .text.SysTick_Handler
                0x000000000800107c        0x4 ./Application/User/Core/stm32f1xx_it.o
                0x000000000800107c                SysTick_Handler
 .text.RCC_IRQHandler
                0x0000000008001080        0x2 ./Application/User/Core/stm32f1xx_it.o
                0x0000000008001080                RCC_IRQHandler
 *fill*         0x0000000008001082        0x2 
 .text.USB_HP_CAN1_TX_IRQHandler
                0x0000000008001084        0xc ./Application/User/Core/stm32f1xx_it.o
                0x0000000008001084                USB_HP_CAN1_TX_IRQHandler
 .text.USB_LP_CAN1_RX0_IRQHandler
                0x0000000008001090        0x4 ./Application/User/Core/stm32f1xx_it.o
                0x0000000008001090                USB_LP_CAN1_RX0_IRQHandler
 .text.TIM1_BRK_IRQHandler
                0x0000000008001094        0xc ./Application/User/Core/stm32f1xx_it.o
                0x0000000008001094                TIM1_BRK_IRQHandler
 .text.TIM1_UP_IRQHandler
                0x00000000080010a0        0x4 ./Application/User/Core/stm32f1xx_it.o
                0x00000000080010a0                TIM1_UP_IRQHandler
 .text.TIM1_TRG_COM_IRQHandler
                0x00000000080010a4        0x4 ./Application/User/Core/stm32f1xx_it.o
                0x00000000080010a4                TIM1_TRG_COM_IRQHandler
 .text.TIM1_CC_IRQHandler
                0x00000000080010a8        0x4 ./Application/User/Core/stm32f1xx_it.o
                0x00000000080010a8                TIM1_CC_IRQHandler
 .text.TIM2_IRQHandler
                0x00000000080010ac        0xc ./Application/User/Core/stm32f1xx_it.o
                0x00000000080010ac                TIM2_IRQHandler
 .text.TIM3_IRQHandler
                0x00000000080010b8        0xc ./Application/User/Core/stm32f1xx_it.o
                0x00000000080010b8                TIM3_IRQHandler
 .text._read    0x00000000080010c4       0x1c ./Application/User/Core/syscalls.o
                0x00000000080010c4                _read
 .text._write   0x00000000080010e0       0x1c ./Application/User/Core/syscalls.o
                0x00000000080010e0                _write
 .text._close   0x00000000080010fc        0x6 ./Application/User/Core/syscalls.o
                0x00000000080010fc                _close
 .text._fstat   0x0000000008001102        0xa ./Application/User/Core/syscalls.o
                0x0000000008001102                _fstat
 .text._isatty  0x000000000800110c        0x4 ./Application/User/Core/syscalls.o
                0x000000000800110c                _isatty
 .text._lseek   0x0000000008001110        0x4 ./Application/User/Core/syscalls.o
                0x0000000008001110                _lseek
 .text._sbrk    0x0000000008001114       0x40 ./Application/User/Core/sysmem.o
                0x0000000008001114                _sbrk
 .text.Reset_Handler
                0x0000000008001154       0x48 ./Application/User/Startup/startup_stm32f103c8tx.o
                0x0000000008001154                Reset_Handler
 .text.Default_Handler
                0x000000000800119c        0x2 ./Application/User/Startup/startup_stm32f103c8tx.o
                0x000000000800119c                RTC_Alarm_IRQHandler
                0x000000000800119c                EXTI2_IRQHandler
                0x000000000800119c                PVD_IRQHandler
                0x000000000800119c                EXTI3_IRQHandler
                0x000000000800119c                EXTI0_IRQHandler
                0x000000000800119c                I2C2_EV_IRQHandler
                0x000000000800119c                ADC1_2_IRQHandler
                0x000000000800119c                SPI1_IRQHandler
                0x000000000800119c                TAMPER_IRQHandler
                0x000000000800119c                DMA1_Channel4_IRQHandler
                0x000000000800119c                USART3_IRQHandler
                0x000000000800119c                RTC_IRQHandler
                0x000000000800119c                DMA1_Channel7_IRQHandler
                0x000000000800119c                CAN1_RX1_IRQHandler
                0x000000000800119c                TIM4_IRQHandler
                0x000000000800119c                I2C1_EV_IRQHandler
                0x000000000800119c                DMA1_Channel6_IRQHandler
                0x000000000800119c                DMA1_Channel1_IRQHandler
                0x000000000800119c                Default_Handler
                0x000000000800119c                EXTI15_10_IRQHandler
                0x000000000800119c                EXTI9_5_IRQHandler
                0x000000000800119c                SPI2_IRQHandler
                0x000000000800119c                DMA1_Channel5_IRQHandler
                0x000000000800119c                EXTI4_IRQHandler
                0x000000000800119c                DMA1_Channel3_IRQHandler
                0x000000000800119c                WWDG_IRQHandler
                0x000000000800119c                EXTI1_IRQHandler
                0x000000000800119c                USART2_IRQHandler
                0x000000000800119c                I2C2_ER_IRQHandler
                0x000000000800119c                DMA1_Channel2_IRQHandler
                0x000000000800119c                CAN1_SCE_IRQHandler
                0x000000000800119c                FLASH_IRQHandler
                0x000000000800119c                USART1_IRQHandler
                0x000000000800119c                I2C1_ER_IRQHandler
                0x000000000800119c                USBWakeUp_IRQHandler
 *fill*         0x000000000800119e        0x2 
 .text.MX_USB_DEVICE_Init
                0x00000000080011a0       0x50 ./Application/User/USB_DEVICE/App/usb_device.o
                0x00000000080011a0                MX_USB_DEVICE_Init
 .text.CDC_DeInit_FS
                0x00000000080011f0        0x4 ./Application/User/USB_DEVICE/App/usbd_cdc_if.o
 .text.CDC_Control_FS
                0x00000000080011f4        0x4 ./Application/User/USB_DEVICE/App/usbd_cdc_if.o
 .text.CDC_Receive_FS
                0x00000000080011f8       0x1c ./Application/User/USB_DEVICE/App/usbd_cdc_if.o
 .text.CDC_Init_FS
                0x0000000008001214       0x28 ./Application/User/USB_DEVICE/App/usbd_cdc_if.o
 .text.CDC_Transmit_FS
                0x000000000800123c       0x2c ./Application/User/USB_DEVICE/App/usbd_cdc_if.o
                0x000000000800123c                CDC_Transmit_FS
 .text.USBD_FS_DeviceDescriptor
                0x0000000008001268        0xc ./Application/User/USB_DEVICE/App/usbd_desc.o
                0x0000000008001268                USBD_FS_DeviceDescriptor
 .text.USBD_FS_LangIDStrDescriptor
                0x0000000008001274        0xc ./Application/User/USB_DEVICE/App/usbd_desc.o
                0x0000000008001274                USBD_FS_LangIDStrDescriptor
 .text.IntToUnicode
                0x0000000008001280       0x2a ./Application/User/USB_DEVICE/App/usbd_desc.o
 *fill*         0x00000000080012aa        0x2 
 .text.USBD_FS_SerialStrDescriptor
                0x00000000080012ac       0x3c ./Application/User/USB_DEVICE/App/usbd_desc.o
                0x00000000080012ac                USBD_FS_SerialStrDescriptor
 .text.USBD_FS_ManufacturerStrDescriptor
                0x00000000080012e8       0x1c ./Application/User/USB_DEVICE/App/usbd_desc.o
                0x00000000080012e8                USBD_FS_ManufacturerStrDescriptor
 .text.USBD_FS_ProductStrDescriptor
                0x0000000008001304       0x1c ./Application/User/USB_DEVICE/App/usbd_desc.o
                0x0000000008001304                USBD_FS_ProductStrDescriptor
 .text.USBD_FS_ConfigStrDescriptor
                0x0000000008001320       0x1c ./Application/User/USB_DEVICE/App/usbd_desc.o
                0x0000000008001320                USBD_FS_ConfigStrDescriptor
 .text.USBD_FS_InterfaceStrDescriptor
                0x000000000800133c       0x1c ./Application/User/USB_DEVICE/App/usbd_desc.o
                0x000000000800133c                USBD_FS_InterfaceStrDescriptor
 .text.USBD_Get_USB_Status
                0x0000000008001358       0x10 ./Application/User/USB_DEVICE/Target/usbd_conf.o
 .text.HAL_PCD_MspInit
                0x0000000008001368       0x50 ./Application/User/USB_DEVICE/Target/usbd_conf.o
                0x0000000008001368                HAL_PCD_MspInit
 .text.HAL_PCD_SetupStageCallback
                0x00000000080013b8        0xc ./Application/User/USB_DEVICE/Target/usbd_conf.o
                0x00000000080013b8                HAL_PCD_SetupStageCallback
 .text.HAL_PCD_DataOutStageCallback
                0x00000000080013c4       0x12 ./Application/User/USB_DEVICE/Target/usbd_conf.o
                0x00000000080013c4                HAL_PCD_DataOutStageCallback
 .text.HAL_PCD_DataInStageCallback
                0x00000000080013d6       0x10 ./Application/User/USB_DEVICE/Target/usbd_conf.o
                0x00000000080013d6                HAL_PCD_DataInStageCallback
 .text.HAL_PCD_SOFCallback
                0x00000000080013e6        0x8 ./Application/User/USB_DEVICE/Target/usbd_conf.o
                0x00000000080013e6                HAL_PCD_SOFCallback
 .text.HAL_PCD_ResetCallback
                0x00000000080013ee       0x24 ./Application/User/USB_DEVICE/Target/usbd_conf.o
                0x00000000080013ee                HAL_PCD_ResetCallback
 *fill*         0x0000000008001412        0x2 
 .text.HAL_PCD_SuspendCallback
                0x0000000008001414       0x20 ./Application/User/USB_DEVICE/Target/usbd_conf.o
                0x0000000008001414                HAL_PCD_SuspendCallback
 .text.HAL_PCD_ResumeCallback
                0x0000000008001434        0x8 ./Application/User/USB_DEVICE/Target/usbd_conf.o
                0x0000000008001434                HAL_PCD_ResumeCallback
 .text.USBD_LL_Init
                0x000000000800143c       0x84 ./Application/User/USB_DEVICE/Target/usbd_conf.o
                0x000000000800143c                USBD_LL_Init
 .text.USBD_LL_Start
                0x00000000080014c0       0x12 ./Application/User/USB_DEVICE/Target/usbd_conf.o
                0x00000000080014c0                USBD_LL_Start
 .text.USBD_LL_OpenEP
                0x00000000080014d2       0x18 ./Application/User/USB_DEVICE/Target/usbd_conf.o
                0x00000000080014d2                USBD_LL_OpenEP
 .text.USBD_LL_CloseEP
                0x00000000080014ea       0x12 ./Application/User/USB_DEVICE/Target/usbd_conf.o
                0x00000000080014ea                USBD_LL_CloseEP
 .text.USBD_LL_StallEP
                0x00000000080014fc       0x12 ./Application/User/USB_DEVICE/Target/usbd_conf.o
                0x00000000080014fc                USBD_LL_StallEP
 .text.USBD_LL_ClearStallEP
                0x000000000800150e       0x12 ./Application/User/USB_DEVICE/Target/usbd_conf.o
                0x000000000800150e                USBD_LL_ClearStallEP
 .text.USBD_LL_IsStallEP
                0x0000000008001520       0x24 ./Application/User/USB_DEVICE/Target/usbd_conf.o
                0x0000000008001520                USBD_LL_IsStallEP
 .text.USBD_LL_SetUSBAddress
                0x0000000008001544       0x12 ./Application/User/USB_DEVICE/Target/usbd_conf.o
                0x0000000008001544                USBD_LL_SetUSBAddress
 .text.USBD_LL_Transmit
                0x0000000008001556       0x12 ./Application/User/USB_DEVICE/Target/usbd_conf.o
                0x0000000008001556                USBD_LL_Transmit
 .text.USBD_LL_PrepareReceive
                0x0000000008001568       0x12 ./Application/User/USB_DEVICE/Target/usbd_conf.o
                0x0000000008001568                USBD_LL_PrepareReceive
 .text.USBD_LL_GetRxDataSize
                0x000000000800157a        0x8 ./Application/User/USB_DEVICE/Target/usbd_conf.o
                0x000000000800157a                USBD_LL_GetRxDataSize
 *fill*         0x0000000008001582        0x2 
 .text.USBD_static_malloc
                0x0000000008001584        0x8 ./Application/User/USB_DEVICE/Target/usbd_conf.o
                0x0000000008001584                USBD_static_malloc
 .text.USBD_static_free
                0x000000000800158c        0x2 ./Application/User/USB_DEVICE/Target/usbd_conf.o
                0x000000000800158c                USBD_static_free
 .text.HAL_PCDEx_SetConnectionState
                0x000000000800158e        0x2 ./Application/User/USB_DEVICE/Target/usbd_conf.o
                0x000000000800158e                HAL_PCDEx_SetConnectionState
 .text.SystemInit
                0x0000000008001590        0x2 ./Drivers/CMSIS/system_stm32f1xx.o
                0x0000000008001590                SystemInit
 *fill*         0x0000000008001592        0x2 
 .text.HAL_InitTick
                0x0000000008001594       0x48 ./Drivers/STM32F1xx_HAL_Driver/stm32f1xx_hal.o
                0x0000000008001594                HAL_InitTick
 .text.HAL_Init
                0x00000000080015dc       0x24 ./Drivers/STM32F1xx_HAL_Driver/stm32f1xx_hal.o
                0x00000000080015dc                HAL_Init
 .text.HAL_IncTick
                0x0000000008001600       0x18 ./Drivers/STM32F1xx_HAL_Driver/stm32f1xx_hal.o
                0x0000000008001600                HAL_IncTick
 .text.HAL_GetTick
                0x0000000008001618        0xc ./Drivers/STM32F1xx_HAL_Driver/stm32f1xx_hal.o
                0x0000000008001618                HAL_GetTick
 .text.HAL_Delay
                0x0000000008001624       0x24 ./Drivers/STM32F1xx_HAL_Driver/stm32f1xx_hal.o
                0x0000000008001624                HAL_Delay
 .text.HAL_NVIC_SetPriorityGrouping
                0x0000000008001648       0x24 ./Drivers/STM32F1xx_HAL_Driver/stm32f1xx_hal_cortex.o
                0x0000000008001648                HAL_NVIC_SetPriorityGrouping
 .text.HAL_NVIC_SetPriority
                0x000000000800166c       0x64 ./Drivers/STM32F1xx_HAL_Driver/stm32f1xx_hal_cortex.o
                0x000000000800166c                HAL_NVIC_SetPriority
 .text.HAL_NVIC_EnableIRQ
                0x00000000080016d0       0x1c ./Drivers/STM32F1xx_HAL_Driver/stm32f1xx_hal_cortex.o
                0x00000000080016d0                HAL_NVIC_EnableIRQ
 .text.HAL_SYSTICK_Config
                0x00000000080016ec       0x28 ./Drivers/STM32F1xx_HAL_Driver/stm32f1xx_hal_cortex.o
                0x00000000080016ec                HAL_SYSTICK_Config
 .text.HAL_GPIO_Init
                0x0000000008001714      0x1b4 ./Drivers/STM32F1xx_HAL_Driver/stm32f1xx_hal_gpio.o
                0x0000000008001714                HAL_GPIO_Init
 .text.HAL_GPIO_ReadPin
                0x00000000080018c8        0xc ./Drivers/STM32F1xx_HAL_Driver/stm32f1xx_hal_gpio.o
                0x00000000080018c8                HAL_GPIO_ReadPin
 .text.HAL_GPIO_WritePin
                0x00000000080018d4        0xa ./Drivers/STM32F1xx_HAL_Driver/stm32f1xx_hal_gpio.o
                0x00000000080018d4                HAL_GPIO_WritePin
 .text.HAL_PCD_Init
                0x00000000080018de       0xf2 ./Drivers/STM32F1xx_HAL_Driver/stm32f1xx_hal_pcd.o
                0x00000000080018de                HAL_PCD_Init
 .text.HAL_PCD_Start
                0x00000000080019d0       0x32 ./Drivers/STM32F1xx_HAL_Driver/stm32f1xx_hal_pcd.o
                0x00000000080019d0                HAL_PCD_Start
 .text.HAL_PCD_SetAddress
                0x0000000008001a02       0x28 ./Drivers/STM32F1xx_HAL_Driver/stm32f1xx_hal_pcd.o
                0x0000000008001a02                HAL_PCD_SetAddress
 *fill*         0x0000000008001a2a        0x2 
 .text.HAL_PCD_IRQHandler
                0x0000000008001a2c      0x968 ./Drivers/STM32F1xx_HAL_Driver/stm32f1xx_hal_pcd.o
                0x0000000008001a2c                HAL_PCD_IRQHandler
 .text.HAL_PCD_EP_Open
                0x0000000008002394       0x62 ./Drivers/STM32F1xx_HAL_Driver/stm32f1xx_hal_pcd.o
                0x0000000008002394                HAL_PCD_EP_Open
 .text.HAL_PCD_EP_Close
                0x00000000080023f6       0x50 ./Drivers/STM32F1xx_HAL_Driver/stm32f1xx_hal_pcd.o
                0x00000000080023f6                HAL_PCD_EP_Close
 .text.HAL_PCD_EP_Receive
                0x0000000008002446       0x2e ./Drivers/STM32F1xx_HAL_Driver/stm32f1xx_hal_pcd.o
                0x0000000008002446                HAL_PCD_EP_Receive
 .text.HAL_PCD_EP_GetRxCount
                0x0000000008002474       0x10 ./Drivers/STM32F1xx_HAL_Driver/stm32f1xx_hal_pcd.o
                0x0000000008002474                HAL_PCD_EP_GetRxCount
 .text.HAL_PCD_EP_Transmit
                0x0000000008002484       0x34 ./Drivers/STM32F1xx_HAL_Driver/stm32f1xx_hal_pcd.o
                0x0000000008002484                HAL_PCD_EP_Transmit
 .text.HAL_PCD_EP_SetStall
                0x00000000080024b8       0x68 ./Drivers/STM32F1xx_HAL_Driver/stm32f1xx_hal_pcd.o
                0x00000000080024b8                HAL_PCD_EP_SetStall
 .text.HAL_PCD_EP_ClrStall
                0x0000000008002520       0x62 ./Drivers/STM32F1xx_HAL_Driver/stm32f1xx_hal_pcd.o
                0x0000000008002520                HAL_PCD_EP_ClrStall
 .text.HAL_PCDEx_PMAConfig
                0x0000000008002582       0x32 ./Drivers/STM32F1xx_HAL_Driver/stm32f1xx_hal_pcd_ex.o
                0x0000000008002582                HAL_PCDEx_PMAConfig
 .text.HAL_RCC_OscConfig
                0x00000000080025b4      0x338 ./Drivers/STM32F1xx_HAL_Driver/stm32f1xx_hal_rcc.o
                0x00000000080025b4                HAL_RCC_OscConfig
 .text.HAL_RCC_GetSysClockFreq
                0x00000000080028ec       0x74 ./Drivers/STM32F1xx_HAL_Driver/stm32f1xx_hal_rcc.o
                0x00000000080028ec                HAL_RCC_GetSysClockFreq
 .text.HAL_RCC_ClockConfig
                0x0000000008002960      0x138 ./Drivers/STM32F1xx_HAL_Driver/stm32f1xx_hal_rcc.o
                0x0000000008002960                HAL_RCC_ClockConfig
 .text.HAL_RCCEx_PeriphCLKConfig
                0x0000000008002a98       0xf4 ./Drivers/STM32F1xx_HAL_Driver/stm32f1xx_hal_rcc_ex.o
                0x0000000008002a98                HAL_RCCEx_PeriphCLKConfig
 .text.TIM_OC1_SetConfig
                0x0000000008002b8c       0x50 ./Drivers/STM32F1xx_HAL_Driver/stm32f1xx_hal_tim.o
 .text.TIM_OC3_SetConfig
                0x0000000008002bdc       0x54 ./Drivers/STM32F1xx_HAL_Driver/stm32f1xx_hal_tim.o
 .text.TIM_OC4_SetConfig
                0x0000000008002c30       0x44 ./Drivers/STM32F1xx_HAL_Driver/stm32f1xx_hal_tim.o
 .text.HAL_TIM_PWM_MspInit
                0x0000000008002c74        0x2 ./Drivers/STM32F1xx_HAL_Driver/stm32f1xx_hal_tim.o
                0x0000000008002c74                HAL_TIM_PWM_MspInit
 .text.HAL_TIM_IC_MspInit
                0x0000000008002c76        0x2 ./Drivers/STM32F1xx_HAL_Driver/stm32f1xx_hal_tim.o
                0x0000000008002c76                HAL_TIM_IC_MspInit
 .text.HAL_TIM_ReadCapturedValue
                0x0000000008002c78       0x2c ./Drivers/STM32F1xx_HAL_Driver/stm32f1xx_hal_tim.o
                0x0000000008002c78                HAL_TIM_ReadCapturedValue
 .text.HAL_TIM_PeriodElapsedCallback
                0x0000000008002ca4        0x2 ./Drivers/STM32F1xx_HAL_Driver/stm32f1xx_hal_tim.o
                0x0000000008002ca4                HAL_TIM_PeriodElapsedCallback
 .text.HAL_TIM_OC_DelayElapsedCallback
                0x0000000008002ca6        0x2 ./Drivers/STM32F1xx_HAL_Driver/stm32f1xx_hal_tim.o
                0x0000000008002ca6                HAL_TIM_OC_DelayElapsedCallback
 .text.HAL_TIM_PWM_PulseFinishedCallback
                0x0000000008002ca8        0x2 ./Drivers/STM32F1xx_HAL_Driver/stm32f1xx_hal_tim.o
                0x0000000008002ca8                HAL_TIM_PWM_PulseFinishedCallback
 .text.HAL_TIM_TriggerCallback
                0x0000000008002caa        0x2 ./Drivers/STM32F1xx_HAL_Driver/stm32f1xx_hal_tim.o
                0x0000000008002caa                HAL_TIM_TriggerCallback
 .text.HAL_TIM_IRQHandler
                0x0000000008002cac      0x144 ./Drivers/STM32F1xx_HAL_Driver/stm32f1xx_hal_tim.o
                0x0000000008002cac                HAL_TIM_IRQHandler
 .text.TIM_Base_SetConfig
                0x0000000008002df0       0x70 ./Drivers/STM32F1xx_HAL_Driver/stm32f1xx_hal_tim.o
                0x0000000008002df0                TIM_Base_SetConfig
 .text.HAL_TIM_Base_Init
                0x0000000008002e60       0x58 ./Drivers/STM32F1xx_HAL_Driver/stm32f1xx_hal_tim.o
                0x0000000008002e60                HAL_TIM_Base_Init
 .text.HAL_TIM_PWM_Init
                0x0000000008002eb8       0x58 ./Drivers/STM32F1xx_HAL_Driver/stm32f1xx_hal_tim.o
                0x0000000008002eb8                HAL_TIM_PWM_Init
 .text.HAL_TIM_IC_Init
                0x0000000008002f10       0x58 ./Drivers/STM32F1xx_HAL_Driver/stm32f1xx_hal_tim.o
                0x0000000008002f10                HAL_TIM_IC_Init
 .text.TIM_OC2_SetConfig
                0x0000000008002f68       0x58 ./Drivers/STM32F1xx_HAL_Driver/stm32f1xx_hal_tim.o
                0x0000000008002f68                TIM_OC2_SetConfig
 .text.HAL_TIM_PWM_ConfigChannel
                0x0000000008002fc0       0xb6 ./Drivers/STM32F1xx_HAL_Driver/stm32f1xx_hal_tim.o
                0x0000000008002fc0                HAL_TIM_PWM_ConfigChannel
 *fill*         0x0000000008003076        0x2 
 .text.TIM_TI1_SetConfig
                0x0000000008003078       0x54 ./Drivers/STM32F1xx_HAL_Driver/stm32f1xx_hal_tim.o
                0x0000000008003078                TIM_TI1_SetConfig
 .text.HAL_TIM_IC_ConfigChannel
                0x00000000080030cc      0x108 ./Drivers/STM32F1xx_HAL_Driver/stm32f1xx_hal_tim.o
                0x00000000080030cc                HAL_TIM_IC_ConfigChannel
 .text.TIM_ETR_SetConfig
                0x00000000080031d4       0x14 ./Drivers/STM32F1xx_HAL_Driver/stm32f1xx_hal_tim.o
                0x00000000080031d4                TIM_ETR_SetConfig
 .text.HAL_TIM_ConfigClockSource
                0x00000000080031e8      0x128 ./Drivers/STM32F1xx_HAL_Driver/stm32f1xx_hal_tim.o
                0x00000000080031e8                HAL_TIM_ConfigClockSource
 .text.TIM_CCxChannelCmd
                0x0000000008003310       0x1c ./Drivers/STM32F1xx_HAL_Driver/stm32f1xx_hal_tim.o
                0x0000000008003310                TIM_CCxChannelCmd
 .text.HAL_TIM_OC_Start
                0x000000000800332c       0xa4 ./Drivers/STM32F1xx_HAL_Driver/stm32f1xx_hal_tim.o
                0x000000000800332c                HAL_TIM_OC_Start
 .text.HAL_TIM_PWM_Start
                0x00000000080033d0        0x4 ./Drivers/STM32F1xx_HAL_Driver/stm32f1xx_hal_tim.o
                0x00000000080033d0                HAL_TIM_PWM_Start
 .text.HAL_TIM_IC_Start_IT
                0x00000000080033d4       0xdc ./Drivers/STM32F1xx_HAL_Driver/stm32f1xx_hal_tim.o
                0x00000000080033d4                HAL_TIM_IC_Start_IT
 .text.HAL_TIMEx_MasterConfigSynchronization
                0x00000000080034b0       0x5c ./Drivers/STM32F1xx_HAL_Driver/stm32f1xx_hal_tim_ex.o
                0x00000000080034b0                HAL_TIMEx_MasterConfigSynchronization
 .text.HAL_TIMEx_CommutCallback
                0x000000000800350c        0x2 ./Drivers/STM32F1xx_HAL_Driver/stm32f1xx_hal_tim_ex.o
                0x000000000800350c                HAL_TIMEx_CommutCallback
 .text.HAL_TIMEx_BreakCallback
                0x000000000800350e        0x2 ./Drivers/STM32F1xx_HAL_Driver/stm32f1xx_hal_tim_ex.o
                0x000000000800350e                HAL_TIMEx_BreakCallback
 .text.USB_CoreInit
                0x0000000008003510        0xe ./Drivers/STM32F1xx_HAL_Driver/stm32f1xx_ll_usb.o
                0x0000000008003510                USB_CoreInit
 .text.USB_EnableGlobalInt
                0x000000000800351e       0x12 ./Drivers/STM32F1xx_HAL_Driver/stm32f1xx_ll_usb.o
                0x000000000800351e                USB_EnableGlobalInt
 .text.USB_DisableGlobalInt
                0x0000000008003530       0x14 ./Drivers/STM32F1xx_HAL_Driver/stm32f1xx_ll_usb.o
                0x0000000008003530                USB_DisableGlobalInt
 .text.USB_SetCurrentMode
                0x0000000008003544        0x4 ./Drivers/STM32F1xx_HAL_Driver/stm32f1xx_ll_usb.o
                0x0000000008003544                USB_SetCurrentMode
 .text.USB_DevInit
                0x0000000008003548       0x28 ./Drivers/STM32F1xx_HAL_Driver/stm32f1xx_ll_usb.o
                0x0000000008003548                USB_DevInit
 .text.USB_ActivateEndpoint
                0x0000000008003570      0x278 ./Drivers/STM32F1xx_HAL_Driver/stm32f1xx_ll_usb.o
                0x0000000008003570                USB_ActivateEndpoint
 .text.USB_DeactivateEndpoint
                0x00000000080037e8      0x1a2 ./Drivers/STM32F1xx_HAL_Driver/stm32f1xx_ll_usb.o
                0x00000000080037e8                USB_DeactivateEndpoint
 .text.USB_EPSetStall
                0x000000000800398a       0x40 ./Drivers/STM32F1xx_HAL_Driver/stm32f1xx_ll_usb.o
                0x000000000800398a                USB_EPSetStall
 .text.USB_EPClearStall
                0x00000000080039ca       0x92 ./Drivers/STM32F1xx_HAL_Driver/stm32f1xx_ll_usb.o
                0x00000000080039ca                USB_EPClearStall
 .text.USB_SetDevAddress
                0x0000000008003a5c        0xc ./Drivers/STM32F1xx_HAL_Driver/stm32f1xx_ll_usb.o
                0x0000000008003a5c                USB_SetDevAddress
 .text.USB_DevConnect
                0x0000000008003a68        0x4 ./Drivers/STM32F1xx_HAL_Driver/stm32f1xx_ll_usb.o
                0x0000000008003a68                USB_DevConnect
 .text.USB_DevDisconnect
                0x0000000008003a6c        0x4 ./Drivers/STM32F1xx_HAL_Driver/stm32f1xx_ll_usb.o
                0x0000000008003a6c                USB_DevDisconnect
 .text.USB_ReadInterrupts
                0x0000000008003a70        0x8 ./Drivers/STM32F1xx_HAL_Driver/stm32f1xx_ll_usb.o
                0x0000000008003a70                USB_ReadInterrupts
 .text.USB_EP0_OutStart
                0x0000000008003a78        0x4 ./Drivers/STM32F1xx_HAL_Driver/stm32f1xx_ll_usb.o
                0x0000000008003a78                USB_EP0_OutStart
 .text.USB_WritePMA
                0x0000000008003a7c       0x20 ./Drivers/STM32F1xx_HAL_Driver/stm32f1xx_ll_usb.o
                0x0000000008003a7c                USB_WritePMA
 .text.USB_EPStartXfer
                0x0000000008003a9c      0x51c ./Drivers/STM32F1xx_HAL_Driver/stm32f1xx_ll_usb.o
                0x0000000008003a9c                USB_EPStartXfer
 .text.USB_ReadPMA
                0x0000000008003fb8       0x38 ./Drivers/STM32F1xx_HAL_Driver/stm32f1xx_ll_usb.o
                0x0000000008003fb8                USB_ReadPMA
 .text.USBD_CDC_EP0_RxReady
                0x0000000008003ff0       0x28 ./Middlewares/USB_Device_Library/usbd_cdc.o
 .text.USBD_CDC_GetFSCfgDesc
                0x0000000008004018        0xc ./Middlewares/USB_Device_Library/usbd_cdc.o
 .text.USBD_CDC_GetHSCfgDesc
                0x0000000008004024        0xc ./Middlewares/USB_Device_Library/usbd_cdc.o
 .text.USBD_CDC_GetOtherSpeedCfgDesc
                0x0000000008004030        0xc ./Middlewares/USB_Device_Library/usbd_cdc.o
 .text.USBD_CDC_GetDeviceQualifierDescriptor
                0x000000000800403c        0xc ./Middlewares/USB_Device_Library/usbd_cdc.o
                0x000000000800403c                USBD_CDC_GetDeviceQualifierDescriptor
 .text.USBD_CDC_DataOut
                0x0000000008004048       0x2e ./Middlewares/USB_Device_Library/usbd_cdc.o
 .text.USBD_CDC_DataIn
                0x0000000008004076       0x42 ./Middlewares/USB_Device_Library/usbd_cdc.o
 .text.USBD_CDC_Setup
                0x00000000080040b8       0xb6 ./Middlewares/USB_Device_Library/usbd_cdc.o
 .text.USBD_CDC_DeInit
                0x000000000800416e       0x42 ./Middlewares/USB_Device_Library/usbd_cdc.o
 .text.USBD_CDC_Init
                0x00000000080041b0       0xa2 ./Middlewares/USB_Device_Library/usbd_cdc.o
 .text.USBD_CDC_RegisterInterface
                0x0000000008004252        0xe ./Middlewares/USB_Device_Library/usbd_cdc.o
                0x0000000008004252                USBD_CDC_RegisterInterface
 .text.USBD_CDC_SetTxBuffer
                0x0000000008004260       0x10 ./Middlewares/USB_Device_Library/usbd_cdc.o
                0x0000000008004260                USBD_CDC_SetTxBuffer
 .text.USBD_CDC_SetRxBuffer
                0x0000000008004270        0xc ./Middlewares/USB_Device_Library/usbd_cdc.o
                0x0000000008004270                USBD_CDC_SetRxBuffer
 .text.USBD_CDC_TransmitPacket
                0x000000000800427c       0x32 ./Middlewares/USB_Device_Library/usbd_cdc.o
                0x000000000800427c                USBD_CDC_TransmitPacket
 .text.USBD_CDC_ReceivePacket
                0x00000000080042ae       0x2e ./Middlewares/USB_Device_Library/usbd_cdc.o
                0x00000000080042ae                USBD_CDC_ReceivePacket
 .text.USBD_Init
                0x00000000080042dc       0x44 ./Middlewares/USB_Device_Library/usbd_core.o
                0x00000000080042dc                USBD_Init
 .text.USBD_RegisterClass
                0x0000000008004320       0x2c ./Middlewares/USB_Device_Library/usbd_core.o
                0x0000000008004320                USBD_RegisterClass
 .text.USBD_Start
                0x000000000800434c        0xa ./Middlewares/USB_Device_Library/usbd_core.o
                0x000000000800434c                USBD_Start
 .text.USBD_SetClassConfig
                0x0000000008004356       0x16 ./Middlewares/USB_Device_Library/usbd_core.o
                0x0000000008004356                USBD_SetClassConfig
 .text.USBD_ClrClassConfig
                0x000000000800436c        0xe ./Middlewares/USB_Device_Library/usbd_core.o
                0x000000000800436c                USBD_ClrClassConfig
 .text.USBD_LL_SetupStage
                0x000000000800437a       0x5a ./Middlewares/USB_Device_Library/usbd_core.o
                0x000000000800437a                USBD_LL_SetupStage
 .text.USBD_LL_DataOutStage
                0x00000000080043d4       0x74 ./Middlewares/USB_Device_Library/usbd_core.o
                0x00000000080043d4                USBD_LL_DataOutStage
 .text.USBD_LL_DataInStage
                0x0000000008004448       0xb6 ./Middlewares/USB_Device_Library/usbd_core.o
                0x0000000008004448                USBD_LL_DataInStage
 .text.USBD_LL_Reset
                0x00000000080044fe       0x4e ./Middlewares/USB_Device_Library/usbd_core.o
                0x00000000080044fe                USBD_LL_Reset
 .text.USBD_LL_SetSpeed
                0x000000000800454c        0x6 ./Middlewares/USB_Device_Library/usbd_core.o
                0x000000000800454c                USBD_LL_SetSpeed
 .text.USBD_LL_Suspend
                0x0000000008004552       0x12 ./Middlewares/USB_Device_Library/usbd_core.o
                0x0000000008004552                USBD_LL_Suspend
 .text.USBD_LL_Resume
                0x0000000008004564       0x14 ./Middlewares/USB_Device_Library/usbd_core.o
                0x0000000008004564                USBD_LL_Resume
 .text.USBD_LL_SOF
                0x0000000008004578       0x18 ./Middlewares/USB_Device_Library/usbd_core.o
                0x0000000008004578                USBD_LL_SOF
 .text.USBD_CtlError.constprop.0
                0x0000000008004590       0x16 ./Middlewares/USB_Device_Library/usbd_ctlreq.o
 *fill*         0x00000000080045a6        0x2 
 .text.USBD_StdDevReq
                0x00000000080045a8      0x254 ./Middlewares/USB_Device_Library/usbd_ctlreq.o
                0x00000000080045a8                USBD_StdDevReq
 .text.USBD_StdItfReq
                0x00000000080047fc       0x48 ./Middlewares/USB_Device_Library/usbd_ctlreq.o
                0x00000000080047fc                USBD_StdItfReq
 .text.USBD_StdEPReq
                0x0000000008004844      0x114 ./Middlewares/USB_Device_Library/usbd_ctlreq.o
                0x0000000008004844                USBD_StdEPReq
 .text.USBD_ParseSetupRequest
                0x0000000008004958       0x28 ./Middlewares/USB_Device_Library/usbd_ctlreq.o
                0x0000000008004958                USBD_ParseSetupRequest
 .text.USBD_CtlError
                0x0000000008004980       0x16 ./Middlewares/USB_Device_Library/usbd_ctlreq.o
                0x0000000008004980                USBD_CtlError
 .text.USBD_GetString
                0x0000000008004996       0x38 ./Middlewares/USB_Device_Library/usbd_ctlreq.o
                0x0000000008004996                USBD_GetString
 .text.USBD_CtlSendData
                0x00000000080049ce       0x1a ./Middlewares/USB_Device_Library/usbd_ioreq.o
                0x00000000080049ce                USBD_CtlSendData
 .text.USBD_CtlContinueSendData
                0x00000000080049e8       0x10 ./Middlewares/USB_Device_Library/usbd_ioreq.o
                0x00000000080049e8                USBD_CtlContinueSendData
 .text.USBD_CtlPrepareRx
                0x00000000080049f8       0x1a ./Middlewares/USB_Device_Library/usbd_ioreq.o
                0x00000000080049f8                USBD_CtlPrepareRx
 .text.USBD_CtlContinueRx
                0x0000000008004a12       0x10 ./Middlewares/USB_Device_Library/usbd_ioreq.o
                0x0000000008004a12                USBD_CtlContinueRx
 .text.USBD_CtlSendStatus
                0x0000000008004a22       0x16 ./Middlewares/USB_Device_Library/usbd_ioreq.o
                0x0000000008004a22                USBD_CtlSendStatus
 .text.USBD_CtlReceiveStatus
                0x0000000008004a38       0x16 ./Middlewares/USB_Device_Library/usbd_ioreq.o
                0x0000000008004a38                USBD_CtlReceiveStatus
 *fill*         0x0000000008004a4e        0x2 
 .text.__errno  0x0000000008004a50        0xc c:/st/stm32cubeide_1.9.0/stm32cubeide/plugins/com.st.stm32cube.ide.mcu.externaltools.gnu-tools-for-stm32.10.3-2021.10.win32_1.0.0.202111181127/tools/bin/../lib/gcc/arm-none-eabi/10.3.1/../../../../arm-none-eabi/lib/thumb/v7-m/nofp\libc_nano.a(lib_a-errno.o)
                0x0000000008004a50                __errno
 .text.__libc_init_array
                0x0000000008004a5c       0x48 c:/st/stm32cubeide_1.9.0/stm32cubeide/plugins/com.st.stm32cube.ide.mcu.externaltools.gnu-tools-for-stm32.10.3-2021.10.win32_1.0.0.202111181127/tools/bin/../lib/gcc/arm-none-eabi/10.3.1/../../../../arm-none-eabi/lib/thumb/v7-m/nofp\libc_nano.a(lib_a-init.o)
                0x0000000008004a5c                __libc_init_array
 .text.memset   0x0000000008004aa4       0x10 c:/st/stm32cubeide_1.9.0/stm32cubeide/plugins/com.st.stm32cube.ide.mcu.externaltools.gnu-tools-for-stm32.10.3-2021.10.win32_1.0.0.202111181127/tools/bin/../lib/gcc/arm-none-eabi/10.3.1/../../../../arm-none-eabi/lib/thumb/v7-m/nofp\libc_nano.a(lib_a-memset.o)
                0x0000000008004aa4                memset
 .text.printf   0x0000000008004ab4       0x30 c:/st/stm32cubeide_1.9.0/stm32cubeide/plugins/com.st.stm32cube.ide.mcu.externaltools.gnu-tools-for-stm32.10.3-2021.10.win32_1.0.0.202111181127/tools/bin/../lib/gcc/arm-none-eabi/10.3.1/../../../../arm-none-eabi/lib/thumb/v7-m/nofp\libc_nano.a(lib_a-printf.o)
                0x0000000008004ab4                iprintf
                0x0000000008004ab4                printf
 .text.putchar  0x0000000008004ae4       0x28 c:/st/stm32cubeide_1.9.0/stm32cubeide/plugins/com.st.stm32cube.ide.mcu.externaltools.gnu-tools-for-stm32.10.3-2021.10.win32_1.0.0.202111181127/tools/bin/../lib/gcc/arm-none-eabi/10.3.1/../../../../arm-none-eabi/lib/thumb/v7-m/nofp\libc_nano.a(lib_a-putchar.o)
                0x0000000008004ae4                putchar
 .text.sprintf  0x0000000008004b0c       0x40 c:/st/stm32cubeide_1.9.0/stm32cubeide/plugins/com.st.stm32cube.ide.mcu.externaltools.gnu-tools-for-stm32.10.3-2021.10.win32_1.0.0.202111181127/tools/bin/../lib/gcc/arm-none-eabi/10.3.1/../../../../arm-none-eabi/lib/thumb/v7-m/nofp\libc_nano.a(lib_a-sprintf.o)
                0x0000000008004b0c                siprintf
                0x0000000008004b0c                sprintf
 .text.std      0x0000000008004b4c       0x48 c:/st/stm32cubeide_1.9.0/stm32cubeide/plugins/com.st.stm32cube.ide.mcu.externaltools.gnu-tools-for-stm32.10.3-2021.10.win32_1.0.0.202111181127/tools/bin/../lib/gcc/arm-none-eabi/10.3.1/../../../../arm-none-eabi/lib/thumb/v7-m/nofp\libc_nano.a(lib_a-findfp.o)
 .text._cleanup_r
                0x0000000008004b94        0xc c:/st/stm32cubeide_1.9.0/stm32cubeide/plugins/com.st.stm32cube.ide.mcu.externaltools.gnu-tools-for-stm32.10.3-2021.10.win32_1.0.0.202111181127/tools/bin/../lib/gcc/arm-none-eabi/10.3.1/../../../../arm-none-eabi/lib/thumb/v7-m/nofp\libc_nano.a(lib_a-findfp.o)
                0x0000000008004b94                _cleanup_r
 .text.__sfmoreglue
                0x0000000008004ba0       0x2c c:/st/stm32cubeide_1.9.0/stm32cubeide/plugins/com.st.stm32cube.ide.mcu.externaltools.gnu-tools-for-stm32.10.3-2021.10.win32_1.0.0.202111181127/tools/bin/../lib/gcc/arm-none-eabi/10.3.1/../../../../arm-none-eabi/lib/thumb/v7-m/nofp\libc_nano.a(lib_a-findfp.o)
                0x0000000008004ba0                __sfmoreglue
 .text.__sfp_lock_acquire
                0x0000000008004bcc        0xc c:/st/stm32cubeide_1.9.0/stm32cubeide/plugins/com.st.stm32cube.ide.mcu.externaltools.gnu-tools-for-stm32.10.3-2021.10.win32_1.0.0.202111181127/tools/bin/../lib/gcc/arm-none-eabi/10.3.1/../../../../arm-none-eabi/lib/thumb/v7-m/nofp\libc_nano.a(lib_a-findfp.o)
                0x0000000008004bcc                __sfp_lock_acquire
 .text.__sfp_lock_release
                0x0000000008004bd8        0xc c:/st/stm32cubeide_1.9.0/stm32cubeide/plugins/com.st.stm32cube.ide.mcu.externaltools.gnu-tools-for-stm32.10.3-2021.10.win32_1.0.0.202111181127/tools/bin/../lib/gcc/arm-none-eabi/10.3.1/../../../../arm-none-eabi/lib/thumb/v7-m/nofp\libc_nano.a(lib_a-findfp.o)
                0x0000000008004bd8                __sfp_lock_release
 .text.__sinit_lock_acquire
                0x0000000008004be4        0xc c:/st/stm32cubeide_1.9.0/stm32cubeide/plugins/com.st.stm32cube.ide.mcu.externaltools.gnu-tools-for-stm32.10.3-2021.10.win32_1.0.0.202111181127/tools/bin/../lib/gcc/arm-none-eabi/10.3.1/../../../../arm-none-eabi/lib/thumb/v7-m/nofp\libc_nano.a(lib_a-findfp.o)
                0x0000000008004be4                __sinit_lock_acquire
 .text.__sinit_lock_release
                0x0000000008004bf0        0xc c:/st/stm32cubeide_1.9.0/stm32cubeide/plugins/com.st.stm32cube.ide.mcu.externaltools.gnu-tools-for-stm32.10.3-2021.10.win32_1.0.0.202111181127/tools/bin/../lib/gcc/arm-none-eabi/10.3.1/../../../../arm-none-eabi/lib/thumb/v7-m/nofp\libc_nano.a(lib_a-findfp.o)
                0x0000000008004bf0                __sinit_lock_release
 .text.__sinit  0x0000000008004bfc       0x70 c:/st/stm32cubeide_1.9.0/stm32cubeide/plugins/com.st.stm32cube.ide.mcu.externaltools.gnu-tools-for-stm32.10.3-2021.10.win32_1.0.0.202111181127/tools/bin/../lib/gcc/arm-none-eabi/10.3.1/../../../../arm-none-eabi/lib/thumb/v7-m/nofp\libc_nano.a(lib_a-findfp.o)
                0x0000000008004bfc                __sinit
 .text.__sfp    0x0000000008004c6c       0x8c c:/st/stm32cubeide_1.9.0/stm32cubeide/plugins/com.st.stm32cube.ide.mcu.externaltools.gnu-tools-for-stm32.10.3-2021.10.win32_1.0.0.202111181127/tools/bin/../lib/gcc/arm-none-eabi/10.3.1/../../../../arm-none-eabi/lib/thumb/v7-m/nofp\libc_nano.a(lib_a-findfp.o)
                0x0000000008004c6c                __sfp
 .text._fwalk_reent
                0x0000000008004cf8       0x3e c:/st/stm32cubeide_1.9.0/stm32cubeide/plugins/com.st.stm32cube.ide.mcu.externaltools.gnu-tools-for-stm32.10.3-2021.10.win32_1.0.0.202111181127/tools/bin/../lib/gcc/arm-none-eabi/10.3.1/../../../../arm-none-eabi/lib/thumb/v7-m/nofp\libc_nano.a(lib_a-fwalk.o)
                0x0000000008004cf8                _fwalk_reent
 .text.__retarget_lock_init_recursive
                0x0000000008004d36        0x2 c:/st/stm32cubeide_1.9.0/stm32cubeide/plugins/com.st.stm32cube.ide.mcu.externaltools.gnu-tools-for-stm32.10.3-2021.10.win32_1.0.0.202111181127/tools/bin/../lib/gcc/arm-none-eabi/10.3.1/../../../../arm-none-eabi/lib/thumb/v7-m/nofp\libc_nano.a(lib_a-lock.o)
                0x0000000008004d36                __retarget_lock_init_recursive
 .text.__retarget_lock_acquire_recursive
                0x0000000008004d38        0x2 c:/st/stm32cubeide_1.9.0/stm32cubeide/plugins/com.st.stm32cube.ide.mcu.externaltools.gnu-tools-for-stm32.10.3-2021.10.win32_1.0.0.202111181127/tools/bin/../lib/gcc/arm-none-eabi/10.3.1/../../../../arm-none-eabi/lib/thumb/v7-m/nofp\libc_nano.a(lib_a-lock.o)
                0x0000000008004d38                __retarget_lock_acquire_recursive
 .text.__retarget_lock_release_recursive
                0x0000000008004d3a        0x2 c:/st/stm32cubeide_1.9.0/stm32cubeide/plugins/com.st.stm32cube.ide.mcu.externaltools.gnu-tools-for-stm32.10.3-2021.10.win32_1.0.0.202111181127/tools/bin/../lib/gcc/arm-none-eabi/10.3.1/../../../../arm-none-eabi/lib/thumb/v7-m/nofp\libc_nano.a(lib_a-lock.o)
                0x0000000008004d3a                __retarget_lock_release_recursive
 .text.sbrk_aligned
                0x0000000008004d3c       0x40 c:/st/stm32cubeide_1.9.0/stm32cubeide/plugins/com.st.stm32cube.ide.mcu.externaltools.gnu-tools-for-stm32.10.3-2021.10.win32_1.0.0.202111181127/tools/bin/../lib/gcc/arm-none-eabi/10.3.1/../../../../arm-none-eabi/lib/thumb/v7-m/nofp\libc_nano.a(lib_a-nano-mallocr.o)
 .text._malloc_r
                0x0000000008004d7c       0xe8 c:/st/stm32cubeide_1.9.0/stm32cubeide/plugins/com.st.stm32cube.ide.mcu.externaltools.gnu-tools-for-stm32.10.3-2021.10.win32_1.0.0.202111181127/tools/bin/../lib/gcc/arm-none-eabi/10.3.1/../../../../arm-none-eabi/lib/thumb/v7-m/nofp\libc_nano.a(lib_a-nano-mallocr.o)
                0x0000000008004d7c                _malloc_r
 .text.__ssputs_r
                0x0000000008004e64       0xb6 c:/st/stm32cubeide_1.9.0/stm32cubeide/plugins/com.st.stm32cube.ide.mcu.externaltools.gnu-tools-for-stm32.10.3-2021.10.win32_1.0.0.202111181127/tools/bin/../lib/gcc/arm-none-eabi/10.3.1/../../../../arm-none-eabi/lib/thumb/v7-m/nofp\libc_nano.a(lib_a-nano-svfprintf.o)
                0x0000000008004e64                __ssputs_r
 *fill*         0x0000000008004f1a        0x2 
 .text._svfprintf_r
                0x0000000008004f1c      0x200 c:/st/stm32cubeide_1.9.0/stm32cubeide/plugins/com.st.stm32cube.ide.mcu.externaltools.gnu-tools-for-stm32.10.3-2021.10.win32_1.0.0.202111181127/tools/bin/../lib/gcc/arm-none-eabi/10.3.1/../../../../arm-none-eabi/lib/thumb/v7-m/nofp\libc_nano.a(lib_a-nano-svfprintf.o)
                0x0000000008004f1c                _svfiprintf_r
                0x0000000008004f1c                _svfprintf_r
 .text.__sfputc_r
                0x000000000800511c       0x2a c:/st/stm32cubeide_1.9.0/stm32cubeide/plugins/com.st.stm32cube.ide.mcu.externaltools.gnu-tools-for-stm32.10.3-2021.10.win32_1.0.0.202111181127/tools/bin/../lib/gcc/arm-none-eabi/10.3.1/../../../../arm-none-eabi/lib/thumb/v7-m/nofp\libc_nano.a(lib_a-nano-vfprintf.o)
 .text.__sfputs_r
                0x0000000008005146       0x24 c:/st/stm32cubeide_1.9.0/stm32cubeide/plugins/com.st.stm32cube.ide.mcu.externaltools.gnu-tools-for-stm32.10.3-2021.10.win32_1.0.0.202111181127/tools/bin/../lib/gcc/arm-none-eabi/10.3.1/../../../../arm-none-eabi/lib/thumb/v7-m/nofp\libc_nano.a(lib_a-nano-vfprintf.o)
                0x0000000008005146                __sfputs_r
 *fill*         0x000000000800516a        0x2 
 .text._vfprintf_r
                0x000000000800516c      0x260 c:/st/stm32cubeide_1.9.0/stm32cubeide/plugins/com.st.stm32cube.ide.mcu.externaltools.gnu-tools-for-stm32.10.3-2021.10.win32_1.0.0.202111181127/tools/bin/../lib/gcc/arm-none-eabi/10.3.1/../../../../arm-none-eabi/lib/thumb/v7-m/nofp\libc_nano.a(lib_a-nano-vfprintf.o)
                0x000000000800516c                _vfprintf_r
                0x000000000800516c                _vfiprintf_r
 .text._printf_common
                0x00000000080053cc       0xde c:/st/stm32cubeide_1.9.0/stm32cubeide/plugins/com.st.stm32cube.ide.mcu.externaltools.gnu-tools-for-stm32.10.3-2021.10.win32_1.0.0.202111181127/tools/bin/../lib/gcc/arm-none-eabi/10.3.1/../../../../arm-none-eabi/lib/thumb/v7-m/nofp\libc_nano.a(lib_a-nano-vfprintf_i.o)
                0x00000000080053cc                _printf_common
 *fill*         0x00000000080054aa        0x2 
 .text._printf_i
                0x00000000080054ac      0x24c c:/st/stm32cubeide_1.9.0/stm32cubeide/plugins/com.st.stm32cube.ide.mcu.externaltools.gnu-tools-for-stm32.10.3-2021.10.win32_1.0.0.202111181127/tools/bin/../lib/gcc/arm-none-eabi/10.3.1/../../../../arm-none-eabi/lib/thumb/v7-m/nofp\libc_nano.a(lib_a-nano-vfprintf_i.o)
                0x00000000080054ac                _printf_i
 .text._putc_r  0x00000000080056f8       0x90 c:/st/stm32cubeide_1.9.0/stm32cubeide/plugins/com.st.stm32cube.ide.mcu.externaltools.gnu-tools-for-stm32.10.3-2021.10.win32_1.0.0.202111181127/tools/bin/../lib/gcc/arm-none-eabi/10.3.1/../../../../arm-none-eabi/lib/thumb/v7-m/nofp\libc_nano.a(lib_a-putc.o)
                0x00000000080056f8                _putc_r
 .text._sbrk_r  0x0000000008005788       0x20 c:/st/stm32cubeide_1.9.0/stm32cubeide/plugins/com.st.stm32cube.ide.mcu.externaltools.gnu-tools-for-stm32.10.3-2021.10.win32_1.0.0.202111181127/tools/bin/../lib/gcc/arm-none-eabi/10.3.1/../../../../arm-none-eabi/lib/thumb/v7-m/nofp\libc_nano.a(lib_a-sbrkr.o)
                0x0000000008005788                _sbrk_r
 .text.__sread  0x00000000080057a8       0x22 c:/st/stm32cubeide_1.9.0/stm32cubeide/plugins/com.st.stm32cube.ide.mcu.externaltools.gnu-tools-for-stm32.10.3-2021.10.win32_1.0.0.202111181127/tools/bin/../lib/gcc/arm-none-eabi/10.3.1/../../../../arm-none-eabi/lib/thumb/v7-m/nofp\libc_nano.a(lib_a-stdio.o)
                0x00000000080057a8                __sread
 .text.__swrite
                0x00000000080057ca       0x38 c:/st/stm32cubeide_1.9.0/stm32cubeide/plugins/com.st.stm32cube.ide.mcu.externaltools.gnu-tools-for-stm32.10.3-2021.10.win32_1.0.0.202111181127/tools/bin/../lib/gcc/arm-none-eabi/10.3.1/../../../../arm-none-eabi/lib/thumb/v7-m/nofp\libc_nano.a(lib_a-stdio.o)
                0x00000000080057ca                __swrite
 .text.__sseek  0x0000000008005802       0x24 c:/st/stm32cubeide_1.9.0/stm32cubeide/plugins/com.st.stm32cube.ide.mcu.externaltools.gnu-tools-for-stm32.10.3-2021.10.win32_1.0.0.202111181127/tools/bin/../lib/gcc/arm-none-eabi/10.3.1/../../../../arm-none-eabi/lib/thumb/v7-m/nofp\libc_nano.a(lib_a-stdio.o)
                0x0000000008005802                __sseek
 .text.__sclose
                0x0000000008005826        0x8 c:/st/stm32cubeide_1.9.0/stm32cubeide/plugins/com.st.stm32cube.ide.mcu.externaltools.gnu-tools-for-stm32.10.3-2021.10.win32_1.0.0.202111181127/tools/bin/../lib/gcc/arm-none-eabi/10.3.1/../../../../arm-none-eabi/lib/thumb/v7-m/nofp\libc_nano.a(lib_a-stdio.o)
                0x0000000008005826                __sclose
 *fill*         0x000000000800582e        0x2 
 .text.__swbuf_r
                0x0000000008005830       0xa4 c:/st/stm32cubeide_1.9.0/stm32cubeide/plugins/com.st.stm32cube.ide.mcu.externaltools.gnu-tools-for-stm32.10.3-2021.10.win32_1.0.0.202111181127/tools/bin/../lib/gcc/arm-none-eabi/10.3.1/../../../../arm-none-eabi/lib/thumb/v7-m/nofp\libc_nano.a(lib_a-wbuf.o)
                0x0000000008005830                __swbuf_r
 .text._write_r
                0x00000000080058d4       0x24 c:/st/stm32cubeide_1.9.0/stm32cubeide/plugins/com.st.stm32cube.ide.mcu.externaltools.gnu-tools-for-stm32.10.3-2021.10.win32_1.0.0.202111181127/tools/bin/../lib/gcc/arm-none-eabi/10.3.1/../../../../arm-none-eabi/lib/thumb/v7-m/nofp\libc_nano.a(lib_a-writer.o)
                0x00000000080058d4                _write_r
 .text.__swsetup_r
                0x00000000080058f8       0xdc c:/st/stm32cubeide_1.9.0/stm32cubeide/plugins/com.st.stm32cube.ide.mcu.externaltools.gnu-tools-for-stm32.10.3-2021.10.win32_1.0.0.202111181127/tools/bin/../lib/gcc/arm-none-eabi/10.3.1/../../../../arm-none-eabi/lib/thumb/v7-m/nofp\libc_nano.a(lib_a-wsetup.o)
                0x00000000080058f8                __swsetup_r
 .text._close_r
                0x00000000080059d4       0x20 c:/st/stm32cubeide_1.9.0/stm32cubeide/plugins/com.st.stm32cube.ide.mcu.externaltools.gnu-tools-for-stm32.10.3-2021.10.win32_1.0.0.202111181127/tools/bin/../lib/gcc/arm-none-eabi/10.3.1/../../../../arm-none-eabi/lib/thumb/v7-m/nofp\libc_nano.a(lib_a-closer.o)
                0x00000000080059d4                _close_r
 .text.__sflush_r
                0x00000000080059f4      0x104 c:/st/stm32cubeide_1.9.0/stm32cubeide/plugins/com.st.stm32cube.ide.mcu.externaltools.gnu-tools-for-stm32.10.3-2021.10.win32_1.0.0.202111181127/tools/bin/../lib/gcc/arm-none-eabi/10.3.1/../../../../arm-none-eabi/lib/thumb/v7-m/nofp\libc_nano.a(lib_a-fflush.o)
                0x00000000080059f4                __sflush_r
 .text._fflush_r
                0x0000000008005af8       0x78 c:/st/stm32cubeide_1.9.0/stm32cubeide/plugins/com.st.stm32cube.ide.mcu.externaltools.gnu-tools-for-stm32.10.3-2021.10.win32_1.0.0.202111181127/tools/bin/../lib/gcc/arm-none-eabi/10.3.1/../../../../arm-none-eabi/lib/thumb/v7-m/nofp\libc_nano.a(lib_a-fflush.o)
                0x0000000008005af8                _fflush_r
 .text._lseek_r
                0x0000000008005b70       0x24 c:/st/stm32cubeide_1.9.0/stm32cubeide/plugins/com.st.stm32cube.ide.mcu.externaltools.gnu-tools-for-stm32.10.3-2021.10.win32_1.0.0.202111181127/tools/bin/../lib/gcc/arm-none-eabi/10.3.1/../../../../arm-none-eabi/lib/thumb/v7-m/nofp\libc_nano.a(lib_a-lseekr.o)
                0x0000000008005b70                _lseek_r
 .text.__swhatbuf_r
                0x0000000008005b94       0x4a c:/st/stm32cubeide_1.9.0/stm32cubeide/plugins/com.st.stm32cube.ide.mcu.externaltools.gnu-tools-for-stm32.10.3-2021.10.win32_1.0.0.202111181127/tools/bin/../lib/gcc/arm-none-eabi/10.3.1/../../../../arm-none-eabi/lib/thumb/v7-m/nofp\libc_nano.a(lib_a-makebuf.o)
                0x0000000008005b94                __swhatbuf_r
 *fill*         0x0000000008005bde        0x2 
 .text.__smakebuf_r
                0x0000000008005be0       0x80 c:/st/stm32cubeide_1.9.0/stm32cubeide/plugins/com.st.stm32cube.ide.mcu.externaltools.gnu-tools-for-stm32.10.3-2021.10.win32_1.0.0.202111181127/tools/bin/../lib/gcc/arm-none-eabi/10.3.1/../../../../arm-none-eabi/lib/thumb/v7-m/nofp\libc_nano.a(lib_a-makebuf.o)
                0x0000000008005be0                __smakebuf_r
 .text.memchr   0x0000000008005c60       0x1c c:/st/stm32cubeide_1.9.0/stm32cubeide/plugins/com.st.stm32cube.ide.mcu.externaltools.gnu-tools-for-stm32.10.3-2021.10.win32_1.0.0.202111181127/tools/bin/../lib/gcc/arm-none-eabi/10.3.1/../../../../arm-none-eabi/lib/thumb/v7-m/nofp\libc_nano.a(lib_a-memchr-stub.o)
                0x0000000008005c60                memchr
 .text.memcpy   0x0000000008005c7c       0x1c c:/st/stm32cubeide_1.9.0/stm32cubeide/plugins/com.st.stm32cube.ide.mcu.externaltools.gnu-tools-for-stm32.10.3-2021.10.win32_1.0.0.202111181127/tools/bin/../lib/gcc/arm-none-eabi/10.3.1/../../../../arm-none-eabi/lib/thumb/v7-m/nofp\libc_nano.a(lib_a-memcpy-stub.o)
                0x0000000008005c7c                memcpy
 .text.memmove  0x0000000008005c98       0x34 c:/st/stm32cubeide_1.9.0/stm32cubeide/plugins/com.st.stm32cube.ide.mcu.externaltools.gnu-tools-for-stm32.10.3-2021.10.win32_1.0.0.202111181127/tools/bin/../lib/gcc/arm-none-eabi/10.3.1/../../../../arm-none-eabi/lib/thumb/v7-m/nofp\libc_nano.a(lib_a-memmove.o)
                0x0000000008005c98                memmove
 .text.__malloc_lock
                0x0000000008005ccc        0xc c:/st/stm32cubeide_1.9.0/stm32cubeide/plugins/com.st.stm32cube.ide.mcu.externaltools.gnu-tools-for-stm32.10.3-2021.10.win32_1.0.0.202111181127/tools/bin/../lib/gcc/arm-none-eabi/10.3.1/../../../../arm-none-eabi/lib/thumb/v7-m/nofp\libc_nano.a(lib_a-mlock.o)
                0x0000000008005ccc                __malloc_lock
 .text.__malloc_unlock
                0x0000000008005cd8        0xc c:/st/stm32cubeide_1.9.0/stm32cubeide/plugins/com.st.stm32cube.ide.mcu.externaltools.gnu-tools-for-stm32.10.3-2021.10.win32_1.0.0.202111181127/tools/bin/../lib/gcc/arm-none-eabi/10.3.1/../../../../arm-none-eabi/lib/thumb/v7-m/nofp\libc_nano.a(lib_a-mlock.o)
                0x0000000008005cd8                __malloc_unlock
 .text._free_r  0x0000000008005ce4       0x90 c:/st/stm32cubeide_1.9.0/stm32cubeide/plugins/com.st.stm32cube.ide.mcu.externaltools.gnu-tools-for-stm32.10.3-2021.10.win32_1.0.0.202111181127/tools/bin/../lib/gcc/arm-none-eabi/10.3.1/../../../../arm-none-eabi/lib/thumb/v7-m/nofp\libc_nano.a(lib_a-nano-freer.o)
                0x0000000008005ce4                _free_r
 .text._realloc_r
                0x0000000008005d74       0x5e c:/st/stm32cubeide_1.9.0/stm32cubeide/plugins/com.st.stm32cube.ide.mcu.externaltools.gnu-tools-for-stm32.10.3-2021.10.win32_1.0.0.202111181127/tools/bin/../lib/gcc/arm-none-eabi/10.3.1/../../../../arm-none-eabi/lib/thumb/v7-m/nofp\libc_nano.a(lib_a-nano-reallocr.o)
                0x0000000008005d74                _realloc_r
 *fill*         0x0000000008005dd2        0x2 
 .text._read_r  0x0000000008005dd4       0x24 c:/st/stm32cubeide_1.9.0/stm32cubeide/plugins/com.st.stm32cube.ide.mcu.externaltools.gnu-tools-for-stm32.10.3-2021.10.win32_1.0.0.202111181127/tools/bin/../lib/gcc/arm-none-eabi/10.3.1/../../../../arm-none-eabi/lib/thumb/v7-m/nofp\libc_nano.a(lib_a-readr.o)
                0x0000000008005dd4                _read_r
 .text._fstat_r
                0x0000000008005df8       0x24 c:/st/stm32cubeide_1.9.0/stm32cubeide/plugins/com.st.stm32cube.ide.mcu.externaltools.gnu-tools-for-stm32.10.3-2021.10.win32_1.0.0.202111181127/tools/bin/../lib/gcc/arm-none-eabi/10.3.1/../../../../arm-none-eabi/lib/thumb/v7-m/nofp\libc_nano.a(lib_a-fstatr.o)
                0x0000000008005df8                _fstat_r
 .text._isatty_r
                0x0000000008005e1c       0x20 c:/st/stm32cubeide_1.9.0/stm32cubeide/plugins/com.st.stm32cube.ide.mcu.externaltools.gnu-tools-for-stm32.10.3-2021.10.win32_1.0.0.202111181127/tools/bin/../lib/gcc/arm-none-eabi/10.3.1/../../../../arm-none-eabi/lib/thumb/v7-m/nofp\libc_nano.a(lib_a-isattyr.o)
                0x0000000008005e1c                _isatty_r
 .text._malloc_usable_size_r
                0x0000000008005e3c       0x10 c:/st/stm32cubeide_1.9.0/stm32cubeide/plugins/com.st.stm32cube.ide.mcu.externaltools.gnu-tools-for-stm32.10.3-2021.10.win32_1.0.0.202111181127/tools/bin/../lib/gcc/arm-none-eabi/10.3.1/../../../../arm-none-eabi/lib/thumb/v7-m/nofp\libc_nano.a(lib_a-nano-msizer.o)
                0x0000000008005e3c                _malloc_usable_size_r
 *(.glue_7)
 .glue_7        0x0000000008005e4c        0x0 linker stubs
 *(.glue_7t)
 .glue_7t       0x0000000008005e4c        0x0 linker stubs
 *(.eh_frame)
 .eh_frame      0x0000000008005e4c        0x0 c:/st/stm32cubeide_1.9.0/stm32cubeide/plugins/com.st.stm32cube.ide.mcu.externaltools.gnu-tools-for-stm32.10.3-2021.10.win32_1.0.0.202111181127/tools/bin/../lib/gcc/arm-none-eabi/10.3.1/thumb/v7-m/nofp/crtbegin.o
 *(.init)
 .init          0x0000000008005e4c        0x4 c:/st/stm32cubeide_1.9.0/stm32cubeide/plugins/com.st.stm32cube.ide.mcu.externaltools.gnu-tools-for-stm32.10.3-2021.10.win32_1.0.0.202111181127/tools/bin/../lib/gcc/arm-none-eabi/10.3.1/thumb/v7-m/nofp/crti.o
                0x0000000008005e4c                _init
 .init          0x0000000008005e50        0x8 c:/st/stm32cubeide_1.9.0/stm32cubeide/plugins/com.st.stm32cube.ide.mcu.externaltools.gnu-tools-for-stm32.10.3-2021.10.win32_1.0.0.202111181127/tools/bin/../lib/gcc/arm-none-eabi/10.3.1/thumb/v7-m/nofp/crtn.o
 *(.fini)
 .fini          0x0000000008005e58        0x4 c:/st/stm32cubeide_1.9.0/stm32cubeide/plugins/com.st.stm32cube.ide.mcu.externaltools.gnu-tools-for-stm32.10.3-2021.10.win32_1.0.0.202111181127/tools/bin/../lib/gcc/arm-none-eabi/10.3.1/thumb/v7-m/nofp/crti.o
                0x0000000008005e58                _fini
 .fini          0x0000000008005e5c        0x8 c:/st/stm32cubeide_1.9.0/stm32cubeide/plugins/com.st.stm32cube.ide.mcu.externaltools.gnu-tools-for-stm32.10.3-2021.10.win32_1.0.0.202111181127/tools/bin/../lib/gcc/arm-none-eabi/10.3.1/thumb/v7-m/nofp/crtn.o
                0x0000000008005e64                . = ALIGN (0x4)
                0x0000000008005e64                _etext = .

.vfp11_veneer   0x0000000008005e64        0x0
 .vfp11_veneer  0x0000000008005e64        0x0 linker stubs

.v4_bx          0x0000000008005e64        0x0
 .v4_bx         0x0000000008005e64        0x0 linker stubs

.iplt           0x0000000008005e64        0x0
 .iplt          0x0000000008005e64        0x0 c:/st/stm32cubeide_1.9.0/stm32cubeide/plugins/com.st.stm32cube.ide.mcu.externaltools.gnu-tools-for-stm32.10.3-2021.10.win32_1.0.0.202111181127/tools/bin/../lib/gcc/arm-none-eabi/10.3.1/thumb/v7-m/nofp/crtbegin.o

.rodata         0x0000000008005e64      0x140
                0x0000000008005e64                . = ALIGN (0x4)
 *(.rodata)
 *(.rodata*)
 .rodata.print_to_com_port.str1.1
                0x0000000008005e64        0xb ./Application/User/Core/main.o
 .rodata.USBD_FS_ManufacturerStrDescriptor.str1.1
                0x0000000008005e6f       0x13 ./Application/User/USB_DEVICE/App/usbd_desc.o
 .rodata.USBD_FS_ProductStrDescriptor.str1.1
                0x0000000008005e82       0x16 ./Application/User/USB_DEVICE/App/usbd_desc.o
 .rodata.USBD_FS_ConfigStrDescriptor.str1.1
                0x0000000008005e98        0xb ./Application/User/USB_DEVICE/App/usbd_desc.o
 .rodata.USBD_FS_InterfaceStrDescriptor.str1.1
                0x0000000008005ea3        0xe ./Application/User/USB_DEVICE/App/usbd_desc.o
 .rodata.CSWTCH.3
                0x0000000008005eb1        0x4 ./Application/User/USB_DEVICE/Target/usbd_conf.o
 .rodata.AHBPrescTable
                0x0000000008005eb5       0x10 ./Drivers/CMSIS/system_stm32f1xx.o
                0x0000000008005eb5                AHBPrescTable
 .rodata.HAL_RCC_GetSysClockFreq.str1.1
                0x0000000008005ec5       0x11 ./Drivers/STM32F1xx_HAL_Driver/stm32f1xx_hal_rcc.o
 .rodata.USBD_Init.str1.1
                0x0000000008005ed6       0x1e ./Middlewares/USB_Device_Library/usbd_core.o
 .rodata.USBD_RegisterClass.str1.1
                0x0000000008005ef4       0x15 ./Middlewares/USB_Device_Library/usbd_core.o
 *fill*         0x0000000008005f09        0x3 
 .rodata._global_impure_ptr
                0x0000000008005f0c        0x4 c:/st/stm32cubeide_1.9.0/stm32cubeide/plugins/com.st.stm32cube.ide.mcu.externaltools.gnu-tools-for-stm32.10.3-2021.10.win32_1.0.0.202111181127/tools/bin/../lib/gcc/arm-none-eabi/10.3.1/../../../../arm-none-eabi/lib/thumb/v7-m/nofp\libc_nano.a(lib_a-impure.o)
                0x0000000008005f0c                _global_impure_ptr
 .rodata.__sf_fake_stderr
                0x0000000008005f10       0x20 c:/st/stm32cubeide_1.9.0/stm32cubeide/plugins/com.st.stm32cube.ide.mcu.externaltools.gnu-tools-for-stm32.10.3-2021.10.win32_1.0.0.202111181127/tools/bin/../lib/gcc/arm-none-eabi/10.3.1/../../../../arm-none-eabi/lib/thumb/v7-m/nofp\libc_nano.a(lib_a-findfp.o)
                0x0000000008005f10                __sf_fake_stderr
 .rodata.__sf_fake_stdin
                0x0000000008005f30       0x20 c:/st/stm32cubeide_1.9.0/stm32cubeide/plugins/com.st.stm32cube.ide.mcu.externaltools.gnu-tools-for-stm32.10.3-2021.10.win32_1.0.0.202111181127/tools/bin/../lib/gcc/arm-none-eabi/10.3.1/../../../../arm-none-eabi/lib/thumb/v7-m/nofp\libc_nano.a(lib_a-findfp.o)
                0x0000000008005f30                __sf_fake_stdin
 .rodata.__sf_fake_stdout
                0x0000000008005f50       0x20 c:/st/stm32cubeide_1.9.0/stm32cubeide/plugins/com.st.stm32cube.ide.mcu.externaltools.gnu-tools-for-stm32.10.3-2021.10.win32_1.0.0.202111181127/tools/bin/../lib/gcc/arm-none-eabi/10.3.1/../../../../arm-none-eabi/lib/thumb/v7-m/nofp\libc_nano.a(lib_a-findfp.o)
                0x0000000008005f50                __sf_fake_stdout
 .rodata._svfprintf_r.str1.1
                0x0000000008005f70       0x11 c:/st/stm32cubeide_1.9.0/stm32cubeide/plugins/com.st.stm32cube.ide.mcu.externaltools.gnu-tools-for-stm32.10.3-2021.10.win32_1.0.0.202111181127/tools/bin/../lib/gcc/arm-none-eabi/10.3.1/../../../../arm-none-eabi/lib/thumb/v7-m/nofp\libc_nano.a(lib_a-nano-svfprintf.o)
 .rodata._vfprintf_r.str1.1
                0x0000000008005f81       0x11 c:/st/stm32cubeide_1.9.0/stm32cubeide/plugins/com.st.stm32cube.ide.mcu.externaltools.gnu-tools-for-stm32.10.3-2021.10.win32_1.0.0.202111181127/tools/bin/../lib/gcc/arm-none-eabi/10.3.1/../../../../arm-none-eabi/lib/thumb/v7-m/nofp\libc_nano.a(lib_a-nano-vfprintf.o)
 .rodata._printf_i.str1.1
                0x0000000008005f81       0x22 c:/st/stm32cubeide_1.9.0/stm32cubeide/plugins/com.st.stm32cube.ide.mcu.externaltools.gnu-tools-for-stm32.10.3-2021.10.win32_1.0.0.202111181127/tools/bin/../lib/gcc/arm-none-eabi/10.3.1/../../../../arm-none-eabi/lib/thumb/v7-m/nofp\libc_nano.a(lib_a-nano-vfprintf_i.o)
                0x0000000008005fa4                . = ALIGN (0x4)
 *fill*         0x0000000008005fa3        0x1 

.rel.dyn        0x0000000008005fa4        0x0
 .rel.iplt      0x0000000008005fa4        0x0 c:/st/stm32cubeide_1.9.0/stm32cubeide/plugins/com.st.stm32cube.ide.mcu.externaltools.gnu-tools-for-stm32.10.3-2021.10.win32_1.0.0.202111181127/tools/bin/../lib/gcc/arm-none-eabi/10.3.1/thumb/v7-m/nofp/crtbegin.o

.ARM.extab      0x0000000008005fa4        0x0
                0x0000000008005fa4                . = ALIGN (0x4)
 *(.ARM.extab* .gnu.linkonce.armextab.*)
                0x0000000008005fa4                . = ALIGN (0x4)

.ARM            0x0000000008005fa4        0x0
                0x0000000008005fa4                . = ALIGN (0x4)
                0x0000000008005fa4                __exidx_start = .
 *(.ARM.exidx*)
                0x0000000008005fa4                __exidx_end = .
                0x0000000008005fa4                . = ALIGN (0x4)

.preinit_array  0x0000000008005fa4        0x0
                0x0000000008005fa4                . = ALIGN (0x4)
                0x0000000008005fa4                PROVIDE (__preinit_array_start = .)
 *(.preinit_array*)
                0x0000000008005fa4                PROVIDE (__preinit_array_end = .)
                0x0000000008005fa4                . = ALIGN (0x4)

.init_array     0x0000000008005fa4        0x4
                0x0000000008005fa4                . = ALIGN (0x4)
                0x0000000008005fa4                PROVIDE (__init_array_start = .)
 *(SORT_BY_NAME(.init_array.*))
 *(.init_array*)
 .init_array    0x0000000008005fa4        0x4 c:/st/stm32cubeide_1.9.0/stm32cubeide/plugins/com.st.stm32cube.ide.mcu.externaltools.gnu-tools-for-stm32.10.3-2021.10.win32_1.0.0.202111181127/tools/bin/../lib/gcc/arm-none-eabi/10.3.1/thumb/v7-m/nofp/crtbegin.o
                0x0000000008005fa8                PROVIDE (__init_array_end = .)
                0x0000000008005fa8                . = ALIGN (0x4)

.fini_array     0x0000000008005fa8        0x4
                0x0000000008005fa8                . = ALIGN (0x4)
                [!provide]                        PROVIDE (__fini_array_start = .)
 *(SORT_BY_NAME(.fini_array.*))
 *(.fini_array*)
 .fini_array    0x0000000008005fa8        0x4 c:/st/stm32cubeide_1.9.0/stm32cubeide/plugins/com.st.stm32cube.ide.mcu.externaltools.gnu-tools-for-stm32.10.3-2021.10.win32_1.0.0.202111181127/tools/bin/../lib/gcc/arm-none-eabi/10.3.1/thumb/v7-m/nofp/crtbegin.o
                [!provide]                        PROVIDE (__fini_array_end = .)
                0x0000000008005fac                . = ALIGN (0x4)
                0x0000000008005fac                _sidata = LOADADDR (.data)

.data           0x0000000020000000      0x1f0 load address 0x0000000008005fac
                0x0000000020000000                . = ALIGN (0x4)
                0x0000000020000000                _sdata = .
 *(.data)
 *(.data*)
 .data.VOL_VALUES
                0x0000000020000000        0xc ./Application/User/Core/main.o
                0x0000000020000000                VOL_VALUES
 .data.current_pos
                0x000000002000000c        0x4 ./Application/User/Core/main.o
                0x000000002000000c                current_pos
 .data.USBD_Interface_fops_FS
                0x0000000020000010       0x10 ./Application/User/USB_DEVICE/App/usbd_cdc_if.o
                0x0000000020000010                USBD_Interface_fops_FS
 .data.FS_Desc  0x0000000020000020       0x1c ./Application/User/USB_DEVICE/App/usbd_desc.o
                0x0000000020000020                FS_Desc
 .data.USBD_FS_DeviceDesc
                0x000000002000003c       0x12 ./Application/User/USB_DEVICE/App/usbd_desc.o
                0x000000002000003c                USBD_FS_DeviceDesc
 *fill*         0x000000002000004e        0x2 
 .data.USBD_LangIDDesc
                0x0000000020000050        0x4 ./Application/User/USB_DEVICE/App/usbd_desc.o
                0x0000000020000050                USBD_LangIDDesc
 .data.USBD_StringSerial
                0x0000000020000054       0x1a ./Application/User/USB_DEVICE/App/usbd_desc.o
                0x0000000020000054                USBD_StringSerial
 *fill*         0x000000002000006e        0x2 
 .data.SystemCoreClock
                0x0000000020000070        0x4 ./Drivers/CMSIS/system_stm32f1xx.o
                0x0000000020000070                SystemCoreClock
 .data.uwTickFreq
                0x0000000020000074        0x1 ./Drivers/STM32F1xx_HAL_Driver/stm32f1xx_hal.o
                0x0000000020000074                uwTickFreq
 *fill*         0x0000000020000075        0x3 
 .data.uwTickPrio
                0x0000000020000078        0x4 ./Drivers/STM32F1xx_HAL_Driver/stm32f1xx_hal.o
                0x0000000020000078                uwTickPrio
 .data.USBD_CDC
                0x000000002000007c       0x38 ./Middlewares/USB_Device_Library/usbd_cdc.o
                0x000000002000007c                USBD_CDC
 .data.USBD_CDC_CfgFSDesc
                0x00000000200000b4       0x43 ./Middlewares/USB_Device_Library/usbd_cdc.o
                0x00000000200000b4                USBD_CDC_CfgFSDesc
 *fill*         0x00000000200000f7        0x1 
 .data.USBD_CDC_CfgHSDesc
                0x00000000200000f8       0x43 ./Middlewares/USB_Device_Library/usbd_cdc.o
                0x00000000200000f8                USBD_CDC_CfgHSDesc
 *fill*         0x000000002000013b        0x1 
 .data.USBD_CDC_DeviceQualifierDesc
                0x000000002000013c        0xa ./Middlewares/USB_Device_Library/usbd_cdc.o
 *fill*         0x0000000020000146        0x2 
 .data.USBD_CDC_OtherSpeedCfgDesc
                0x0000000020000148       0x43 ./Middlewares/USB_Device_Library/usbd_cdc.o
                0x0000000020000148                USBD_CDC_OtherSpeedCfgDesc
 *fill*         0x000000002000018b        0x1 
 .data._impure_ptr
                0x000000002000018c        0x4 c:/st/stm32cubeide_1.9.0/stm32cubeide/plugins/com.st.stm32cube.ide.mcu.externaltools.gnu-tools-for-stm32.10.3-2021.10.win32_1.0.0.202111181127/tools/bin/../lib/gcc/arm-none-eabi/10.3.1/../../../../arm-none-eabi/lib/thumb/v7-m/nofp\libc_nano.a(lib_a-impure.o)
                0x000000002000018c                _impure_ptr
 .data.impure_data
                0x0000000020000190       0x60 c:/st/stm32cubeide_1.9.0/stm32cubeide/plugins/com.st.stm32cube.ide.mcu.externaltools.gnu-tools-for-stm32.10.3-2021.10.win32_1.0.0.202111181127/tools/bin/../lib/gcc/arm-none-eabi/10.3.1/../../../../arm-none-eabi/lib/thumb/v7-m/nofp\libc_nano.a(lib_a-impure.o)
 *(.RamFunc)
 *(.RamFunc*)
                0x00000000200001f0                . = ALIGN (0x4)
                0x00000000200001f0                _edata = .

.igot.plt       0x00000000200001f0        0x0 load address 0x000000000800619c
 .igot.plt      0x00000000200001f0        0x0 c:/st/stm32cubeide_1.9.0/stm32cubeide/plugins/com.st.stm32cube.ide.mcu.externaltools.gnu-tools-for-stm32.10.3-2021.10.win32_1.0.0.202111181127/tools/bin/../lib/gcc/arm-none-eabi/10.3.1/thumb/v7-m/nofp/crtbegin.o
                0x00000000200001f0                . = ALIGN (0x4)

.bss            0x00000000200001f0     0x12c4 load address 0x000000000800619c
                0x00000000200001f0                _sbss = .
                0x00000000200001f0                __bss_start__ = _sbss
 *(.bss)
 .bss           0x00000000200001f0       0x1c c:/st/stm32cubeide_1.9.0/stm32cubeide/plugins/com.st.stm32cube.ide.mcu.externaltools.gnu-tools-for-stm32.10.3-2021.10.win32_1.0.0.202111181127/tools/bin/../lib/gcc/arm-none-eabi/10.3.1/thumb/v7-m/nofp/crtbegin.o
 *(.bss*)
 .bss.htim1     0x000000002000020c       0x48 ./Application/User/Core/main.o
                0x000000002000020c                htim1
 .bss.htim2     0x0000000020000254       0x48 ./Application/User/Core/main.o
                0x0000000020000254                htim2
 .bss.htim3     0x000000002000029c       0x48 ./Application/User/Core/main.o
                0x000000002000029c                htim3
 .bss.vol_IC_val1
                0x00000000200002e4        0x4 ./Application/User/Core/main.o
                0x00000000200002e4                vol_IC_val1
 .bss.vol_IC_val2
                0x00000000200002e8        0x4 ./Application/User/Core/main.o
                0x00000000200002e8                vol_IC_val2
 .bss.vol_current_timer
                0x00000000200002ec        0x1 ./Application/User/Core/main.o
                0x00000000200002ec                vol_current_timer
 .bss.vol_finished_one_measurement
                0x00000000200002ed        0x1 ./Application/User/Core/main.o
                0x00000000200002ed                vol_finished_one_measurement
 *fill*         0x00000000200002ee        0x2 
 .bss.vol_frequency
                0x00000000200002f0        0x4 ./Application/User/Core/main.o
                0x00000000200002f0                vol_frequency
 .bss.vol_is_first_captured
                0x00000000200002f4        0x4 ./Application/User/Core/main.o
                0x00000000200002f4                vol_is_first_captured
 .bss.vol_period_ticks
                0x00000000200002f8        0x4 ./Application/User/Core/main.o
                0x00000000200002f8                vol_period_ticks
 .bss.__sbrk_heap_end
                0x00000000200002fc        0x4 ./Application/User/Core/sysmem.o
 .bss.hUsbDeviceFS
                0x0000000020000300      0x2c4 ./Application/User/USB_DEVICE/App/usb_device.o
                0x0000000020000300                hUsbDeviceFS
 .bss.UserRxBufferFS
                0x00000000200005c4      0x3e8 ./Application/User/USB_DEVICE/App/usbd_cdc_if.o
                0x00000000200005c4                UserRxBufferFS
 .bss.UserTxBufferFS
                0x00000000200009ac      0x3e8 ./Application/User/USB_DEVICE/App/usbd_cdc_if.o
                0x00000000200009ac                UserTxBufferFS
 .bss.USBD_StrDesc
                0x0000000020000d94      0x200 ./Application/User/USB_DEVICE/App/usbd_desc.o
                0x0000000020000d94                USBD_StrDesc
 .bss.hpcd_USB_FS
                0x0000000020000f94      0x2ec ./Application/User/USB_DEVICE/Target/usbd_conf.o
                0x0000000020000f94                hpcd_USB_FS
 .bss.mem.0     0x0000000020001280      0x220 ./Application/User/USB_DEVICE/Target/usbd_conf.o
 .bss.uwTick    0x00000000200014a0        0x4 ./Drivers/STM32F1xx_HAL_Driver/stm32f1xx_hal.o
                0x00000000200014a0                uwTick
 .bss.cfgidx.0  0x00000000200014a4        0x1 ./Middlewares/USB_Device_Library/usbd_ctlreq.o
 .bss.__lock___malloc_recursive_mutex
                0x00000000200014a5        0x1 c:/st/stm32cubeide_1.9.0/stm32cubeide/plugins/com.st.stm32cube.ide.mcu.externaltools.gnu-tools-for-stm32.10.3-2021.10.win32_1.0.0.202111181127/tools/bin/../lib/gcc/arm-none-eabi/10.3.1/../../../../arm-none-eabi/lib/thumb/v7-m/nofp\libc_nano.a(lib_a-lock.o)
                0x00000000200014a5                __lock___malloc_recursive_mutex
 .bss.__lock___sfp_recursive_mutex
                0x00000000200014a6        0x1 c:/st/stm32cubeide_1.9.0/stm32cubeide/plugins/com.st.stm32cube.ide.mcu.externaltools.gnu-tools-for-stm32.10.3-2021.10.win32_1.0.0.202111181127/tools/bin/../lib/gcc/arm-none-eabi/10.3.1/../../../../arm-none-eabi/lib/thumb/v7-m/nofp\libc_nano.a(lib_a-lock.o)
                0x00000000200014a6                __lock___sfp_recursive_mutex
 .bss.__lock___sinit_recursive_mutex
                0x00000000200014a7        0x1 c:/st/stm32cubeide_1.9.0/stm32cubeide/plugins/com.st.stm32cube.ide.mcu.externaltools.gnu-tools-for-stm32.10.3-2021.10.win32_1.0.0.202111181127/tools/bin/../lib/gcc/arm-none-eabi/10.3.1/../../../../arm-none-eabi/lib/thumb/v7-m/nofp\libc_nano.a(lib_a-lock.o)
                0x00000000200014a7                __lock___sinit_recursive_mutex
 .bss.__malloc_free_list
                0x00000000200014a8        0x4 c:/st/stm32cubeide_1.9.0/stm32cubeide/plugins/com.st.stm32cube.ide.mcu.externaltools.gnu-tools-for-stm32.10.3-2021.10.win32_1.0.0.202111181127/tools/bin/../lib/gcc/arm-none-eabi/10.3.1/../../../../arm-none-eabi/lib/thumb/v7-m/nofp\libc_nano.a(lib_a-nano-mallocr.o)
                0x00000000200014a8                __malloc_free_list
 .bss.__malloc_sbrk_start
                0x00000000200014ac        0x4 c:/st/stm32cubeide_1.9.0/stm32cubeide/plugins/com.st.stm32cube.ide.mcu.externaltools.gnu-tools-for-stm32.10.3-2021.10.win32_1.0.0.202111181127/tools/bin/../lib/gcc/arm-none-eabi/10.3.1/../../../../arm-none-eabi/lib/thumb/v7-m/nofp\libc_nano.a(lib_a-nano-mallocr.o)
                0x00000000200014ac                __malloc_sbrk_start
 .bss.errno     0x00000000200014b0        0x4 c:/st/stm32cubeide_1.9.0/stm32cubeide/plugins/com.st.stm32cube.ide.mcu.externaltools.gnu-tools-for-stm32.10.3-2021.10.win32_1.0.0.202111181127/tools/bin/../lib/gcc/arm-none-eabi/10.3.1/../../../../arm-none-eabi/lib/thumb/v7-m/nofp\libc_nano.a(lib_a-reent.o)
                0x00000000200014b0                errno
 *(COMMON)
                0x00000000200014b4                . = ALIGN (0x4)
                0x00000000200014b4                _ebss = .
                0x00000000200014b4                __bss_end__ = _ebss

._user_heap_stack
                0x00000000200014b4      0x604 load address 0x000000000800619c
                0x00000000200014b8                . = ALIGN (0x8)
 *fill*         0x00000000200014b4        0x4 
                [!provide]                        PROVIDE (end = .)
                0x00000000200014b8                PROVIDE (_end = .)
                0x00000000200016b8                . = (. + _Min_Heap_Size)
 *fill*         0x00000000200014b8      0x200 
                0x0000000020001ab8                . = (. + _Min_Stack_Size)
 *fill*         0x00000000200016b8      0x400 
                0x0000000020001ab8                . = ALIGN (0x8)

/DISCARD/
 libc.a(*)
 libm.a(*)
 libgcc.a(*)

.ARM.attributes
                0x0000000000000000       0x29
 *(.ARM.attributes)
 .ARM.attributes
                0x0000000000000000       0x1d c:/st/stm32cubeide_1.9.0/stm32cubeide/plugins/com.st.stm32cube.ide.mcu.externaltools.gnu-tools-for-stm32.10.3-2021.10.win32_1.0.0.202111181127/tools/bin/../lib/gcc/arm-none-eabi/10.3.1/thumb/v7-m/nofp/crti.o
 .ARM.attributes
                0x000000000000001d       0x2d c:/st/stm32cubeide_1.9.0/stm32cubeide/plugins/com.st.stm32cube.ide.mcu.externaltools.gnu-tools-for-stm32.10.3-2021.10.win32_1.0.0.202111181127/tools/bin/../lib/gcc/arm-none-eabi/10.3.1/thumb/v7-m/nofp/crtbegin.o
 .ARM.attributes
                0x000000000000004a       0x2d ./Application/User/Core/main.o
 .ARM.attributes
                0x0000000000000077       0x2d ./Application/User/Core/stm32f1xx_hal_msp.o
 .ARM.attributes
                0x00000000000000a4       0x2d ./Application/User/Core/stm32f1xx_it.o
 .ARM.attributes
                0x00000000000000d1       0x2d ./Application/User/Core/syscalls.o
 .ARM.attributes
                0x00000000000000fe       0x2d ./Application/User/Core/sysmem.o
 .ARM.attributes
                0x000000000000012b       0x21 ./Application/User/Startup/startup_stm32f103c8tx.o
 .ARM.attributes
                0x000000000000014c       0x2d ./Application/User/USB_DEVICE/App/usb_device.o
 .ARM.attributes
                0x0000000000000179       0x2d ./Application/User/USB_DEVICE/App/usbd_cdc_if.o
 .ARM.attributes
                0x00000000000001a6       0x2d ./Application/User/USB_DEVICE/App/usbd_desc.o
 .ARM.attributes
                0x00000000000001d3       0x2d ./Application/User/USB_DEVICE/Target/usbd_conf.o
 .ARM.attributes
                0x0000000000000200       0x2d ./Drivers/CMSIS/system_stm32f1xx.o
 .ARM.attributes
                0x000000000000022d       0x2d ./Drivers/STM32F1xx_HAL_Driver/stm32f1xx_hal.o
 .ARM.attributes
                0x000000000000025a       0x2d ./Drivers/STM32F1xx_HAL_Driver/stm32f1xx_hal_cortex.o
 .ARM.attributes
                0x0000000000000287       0x2d ./Drivers/STM32F1xx_HAL_Driver/stm32f1xx_hal_gpio.o
 .ARM.attributes
                0x00000000000002b4       0x2d ./Drivers/STM32F1xx_HAL_Driver/stm32f1xx_hal_pcd.o
 .ARM.attributes
                0x00000000000002e1       0x2d ./Drivers/STM32F1xx_HAL_Driver/stm32f1xx_hal_pcd_ex.o
 .ARM.attributes
                0x000000000000030e       0x2d ./Drivers/STM32F1xx_HAL_Driver/stm32f1xx_hal_rcc.o
 .ARM.attributes
                0x000000000000033b       0x2d ./Drivers/STM32F1xx_HAL_Driver/stm32f1xx_hal_rcc_ex.o
 .ARM.attributes
                0x0000000000000368       0x2d ./Drivers/STM32F1xx_HAL_Driver/stm32f1xx_hal_tim.o
 .ARM.attributes
                0x0000000000000395       0x2d ./Drivers/STM32F1xx_HAL_Driver/stm32f1xx_hal_tim_ex.o
 .ARM.attributes
                0x00000000000003c2       0x2d ./Drivers/STM32F1xx_HAL_Driver/stm32f1xx_ll_usb.o
 .ARM.attributes
                0x00000000000003ef       0x2d ./Middlewares/USB_Device_Library/usbd_cdc.o
 .ARM.attributes
                0x000000000000041c       0x2d ./Middlewares/USB_Device_Library/usbd_core.o
 .ARM.attributes
                0x0000000000000449       0x2d ./Middlewares/USB_Device_Library/usbd_ctlreq.o
 .ARM.attributes
                0x0000000000000476       0x2d ./Middlewares/USB_Device_Library/usbd_ioreq.o
 .ARM.attributes
                0x00000000000004a3       0x2d c:/st/stm32cubeide_1.9.0/stm32cubeide/plugins/com.st.stm32cube.ide.mcu.externaltools.gnu-tools-for-stm32.10.3-2021.10.win32_1.0.0.202111181127/tools/bin/../lib/gcc/arm-none-eabi/10.3.1/../../../../arm-none-eabi/lib/thumb/v7-m/nofp\libc_nano.a(lib_a-errno.o)
 .ARM.attributes
                0x00000000000004d0       0x2d c:/st/stm32cubeide_1.9.0/stm32cubeide/plugins/com.st.stm32cube.ide.mcu.externaltools.gnu-tools-for-stm32.10.3-2021.10.win32_1.0.0.202111181127/tools/bin/../lib/gcc/arm-none-eabi/10.3.1/../../../../arm-none-eabi/lib/thumb/v7-m/nofp\libc_nano.a(lib_a-impure.o)
 .ARM.attributes
                0x00000000000004fd       0x2d c:/st/stm32cubeide_1.9.0/stm32cubeide/plugins/com.st.stm32cube.ide.mcu.externaltools.gnu-tools-for-stm32.10.3-2021.10.win32_1.0.0.202111181127/tools/bin/../lib/gcc/arm-none-eabi/10.3.1/../../../../arm-none-eabi/lib/thumb/v7-m/nofp\libc_nano.a(lib_a-init.o)
 .ARM.attributes
                0x000000000000052a       0x2d c:/st/stm32cubeide_1.9.0/stm32cubeide/plugins/com.st.stm32cube.ide.mcu.externaltools.gnu-tools-for-stm32.10.3-2021.10.win32_1.0.0.202111181127/tools/bin/../lib/gcc/arm-none-eabi/10.3.1/../../../../arm-none-eabi/lib/thumb/v7-m/nofp\libc_nano.a(lib_a-memset.o)
 .ARM.attributes
                0x0000000000000557       0x2d c:/st/stm32cubeide_1.9.0/stm32cubeide/plugins/com.st.stm32cube.ide.mcu.externaltools.gnu-tools-for-stm32.10.3-2021.10.win32_1.0.0.202111181127/tools/bin/../lib/gcc/arm-none-eabi/10.3.1/../../../../arm-none-eabi/lib/thumb/v7-m/nofp\libc_nano.a(lib_a-printf.o)
 .ARM.attributes
                0x0000000000000584       0x2d c:/st/stm32cubeide_1.9.0/stm32cubeide/plugins/com.st.stm32cube.ide.mcu.externaltools.gnu-tools-for-stm32.10.3-2021.10.win32_1.0.0.202111181127/tools/bin/../lib/gcc/arm-none-eabi/10.3.1/../../../../arm-none-eabi/lib/thumb/v7-m/nofp\libc_nano.a(lib_a-putchar.o)
 .ARM.attributes
                0x00000000000005b1       0x2d c:/st/stm32cubeide_1.9.0/stm32cubeide/plugins/com.st.stm32cube.ide.mcu.externaltools.gnu-tools-for-stm32.10.3-2021.10.win32_1.0.0.202111181127/tools/bin/../lib/gcc/arm-none-eabi/10.3.1/../../../../arm-none-eabi/lib/thumb/v7-m/nofp\libc_nano.a(lib_a-sprintf.o)
 .ARM.attributes
                0x00000000000005de       0x17 c:/st/stm32cubeide_1.9.0/stm32cubeide/plugins/com.st.stm32cube.ide.mcu.externaltools.gnu-tools-for-stm32.10.3-2021.10.win32_1.0.0.202111181127/tools/bin/../lib/gcc/arm-none-eabi/10.3.1/../../../../arm-none-eabi/lib/thumb/v7-m/nofp\libc_nano.a(lib_a-strlen.o)
 .ARM.attributes
                0x00000000000005f5       0x2d c:/st/stm32cubeide_1.9.0/stm32cubeide/plugins/com.st.stm32cube.ide.mcu.externaltools.gnu-tools-for-stm32.10.3-2021.10.win32_1.0.0.202111181127/tools/bin/../lib/gcc/arm-none-eabi/10.3.1/../../../../arm-none-eabi/lib/thumb/v7-m/nofp\libc_nano.a(lib_a-findfp.o)
 .ARM.attributes
                0x0000000000000622       0x2d c:/st/stm32cubeide_1.9.0/stm32cubeide/plugins/com.st.stm32cube.ide.mcu.externaltools.gnu-tools-for-stm32.10.3-2021.10.win32_1.0.0.202111181127/tools/bin/../lib/gcc/arm-none-eabi/10.3.1/../../../../arm-none-eabi/lib/thumb/v7-m/nofp\libc_nano.a(lib_a-fwalk.o)
 .ARM.attributes