C:/Users/Suz/STM32/configs/Core/Src/main.c:161:5:main	8	static
C:/Users/Suz/STM32/configs/Core/Src/main.c:253:6:SystemClock_Config	88	static
C:/Users/Suz/STM32/configs/Core/Src/main.c:296:13:MX_TIM1_Init	48	static
C:/Users/Suz/STM32/configs/Core/Src/main.c:350:13:MX_TIM2_Init	48	static
C:/Users/Suz/STM32/configs/Core/Src/main.c:403:13:MX_TIM3_Init	64	static
C:/Users/Suz/STM32/configs/Core/Src/main.c:470:13:MX_TIM4_Init	64	static
C:/Users/Suz/STM32/configs/Core/Src/main.c:537:13:MX_GPIO_Init	40	static
C:/Users/Suz/STM32/configs/Core/Src/main.c:583:6:calibrate_antenna	16	static
C:/Users/Suz/STM32/configs/Core/Src/main.c:594:6:is_in_range	24	static
C:/Users/Suz/STM32/configs/Core/Src/main.c:598:6:play_note	16	static
C:/Users/Suz/STM32/configs/Core/Src/main.c:617:6:test_servos	8	static
C:/Users/Suz/STM32/configs/Core/Src/main.c:663:6:play_all_notes	16	static
C:/Users/Suz/STM32/configs/Core/Src/main.c:668:6:play_all_notes_with_delay	16	static
C:/Users/Suz/STM32/configs/Core/Src/main.c:674:6:play_music	24	static
C:/Users/Suz/STM32/configs/Core/Src/main.c:720:6:print_to_com_port	128	static
C:/Users/Suz/STM32/configs/Core/Src/main.c:727:6:print_note_to_com_port	112	static
C:/Users/Suz/STM32/configs/Core/Src/main.c:732:6:HAL_TIM_IC_CaptureCallback	24	static
C:/Users/Suz/STM32/configs/Core/Src/main.c:778:6:Error_Handler	4	static,ignoring_inline_asm
