C:/Users/Suz/STM32/configs/Core/Src/stm32f1xx_it.c:73:6:NMI_Handler	4	static
C:/Users/Suz/STM32/configs/Core/Src/stm32f1xx_it.c:88:6:HardFault_Handler	4	static
C:/Users/Suz/STM32/configs/Core/Src/stm32f1xx_it.c:103:6:MemManage_Handler	4	static
C:/Users/Suz/STM32/configs/Core/Src/stm32f1xx_it.c:118:6:BusFault_Handler	4	static
C:/Users/Suz/STM32/configs/Core/Src/stm32f1xx_it.c:133:6:UsageFault_Handler	4	static
C:/Users/Suz/STM32/configs/Core/Src/stm32f1xx_it.c:148:6:SVC_Handler	4	static
C:/Users/Suz/STM32/configs/Core/Src/stm32f1xx_it.c:161:6:DebugMon_Handler	4	static
C:/Users/Suz/STM32/configs/Core/Src/stm32f1xx_it.c:174:6:PendSV_Handler	4	static
C:/Users/Suz/STM32/configs/Core/Src/stm32f1xx_it.c:187:6:SysTick_Handler	8	static
C:/Users/Suz/STM32/configs/Core/Src/stm32f1xx_it.c:208:6:RCC_IRQHandler	4	static
C:/Users/Suz/STM32/configs/Core/Src/stm32f1xx_it.c:221:6:USB_HP_CAN1_TX_IRQHandler	8	static
C:/Users/Suz/STM32/configs/Core/Src/stm32f1xx_it.c:235:6:USB_LP_CAN1_RX0_IRQHandler	8	static
C:/Users/Suz/STM32/configs/Core/Src/stm32f1xx_it.c:249:6:TIM1_BRK_IRQHandler	8	static
C:/Users/Suz/STM32/configs/Core/Src/stm32f1xx_it.c:263:6:TIM1_UP_IRQHandler	8	static
C:/Users/Suz/STM32/configs/Core/Src/stm32f1xx_it.c:277:6:TIM1_TRG_COM_IRQHandler	8	static
C:/Users/Suz/STM32/configs/Core/Src/stm32f1xx_it.c:291:6:TIM1_CC_IRQHandler	8	static
C:/Users/Suz/STM32/configs/Core/Src/stm32f1xx_it.c:305:6:TIM2_IRQHandler	8	static
C:/Users/Suz/STM32/configs/Core/Src/stm32f1xx_it.c:319:6:TIM3_IRQHandler	8	static
C:/Users/Suz/STM32/configs/Core/Src/stm32f1xx_it.c:333:6:TIM4_IRQHandler	8	static
